Archive member included to satisfy reference by file (symbol)

ym/microbit/source/microbit.a(MicroBit.cpp.o)
                              source/CMakeFiles/fh-frankfurt-ss2020.dir/D_/Calliope_Reset/source/Main.cpp.o (MicroBit::MicroBit())
ym/microbit-dal/source/microbit-dal.a(MicroBitDevice.cpp.o)
                              ym/microbit/source/microbit.a(MicroBit.cpp.o) (microbit_serial_number())
ym/microbit-dal/source/microbit-dal.a(MicroBitFiber.cpp.o)
                              ym/microbit/source/microbit.a(MicroBit.cpp.o) (scheduler_init(EventModel&))
ym/microbit-dal/source/microbit-dal.a(MicroBitFont.cpp.o)
                              ym/microbit-dal/source/microbit-dal.a(MicroBitDevice.cpp.o) (MicroBitFont::defaultFont)
ym/microbit-dal/source/microbit-dal.a(MicroBitHeapAllocator.cpp.o)
                              source/CMakeFiles/fh-frankfurt-ss2020.dir/D_/Calliope_Reset/source/Main.cpp.o (microbit_malloc(unsigned int))
ym/microbit-dal/source/microbit-dal.a(MicroBitListener.cpp.o)
                              source/CMakeFiles/fh-frankfurt-ss2020.dir/D_/Calliope_Reset/source/Main.cpp.o (MicroBitListener::MicroBitListener(unsigned short, unsigned short, void (*)(MicroBitEvent), unsigned short))
ym/microbit-dal/source/microbit-dal.a(MicroBitSystemTimer.cpp.o)
                              ym/microbit-dal/source/microbit-dal.a(MicroBitFiber.cpp.o) (system_timer_current_time())
ym/microbit-dal/source/microbit-dal.a(ManagedString.cpp.o)
                              source/CMakeFiles/fh-frankfurt-ss2020.dir/D_/Calliope_Reset/source/Main.cpp.o (ManagedString::~ManagedString())
ym/microbit-dal/source/microbit-dal.a(MicroBitEvent.cpp.o)
                              ym/microbit/source/microbit.a(MicroBit.cpp.o) (MicroBitEvent::MicroBitEvent())
ym/microbit-dal/source/microbit-dal.a(PacketBuffer.cpp.o)
                              ym/microbit-dal/source/microbit-dal.a(ManagedString.cpp.o) (PacketBuffer::getBytes())
ym/microbit-dal/source/microbit-dal.a(RefCounted.cpp.o)
                              ym/microbit-dal/source/microbit-dal.a(ManagedString.cpp.o) (RefCounted::init())
ym/microbit-dal/source/microbit-dal.a(MicroBitAccelerometer-bmx.cpp.o)
                              source/CMakeFiles/fh-frankfurt-ss2020.dir/D_/Calliope_Reset/source/Main.cpp.o (MicroBitAccelerometer::~MicroBitAccelerometer())
ym/microbit-dal/source/microbit-dal.a(MicroBitButton.cpp.o)
                              source/CMakeFiles/fh-frankfurt-ss2020.dir/D_/Calliope_Reset/source/Main.cpp.o (MicroBitButton::~MicroBitButton())
ym/microbit-dal/source/microbit-dal.a(MicroBitCompass-bmx.cpp.o)
                              source/CMakeFiles/fh-frankfurt-ss2020.dir/D_/Calliope_Reset/source/Main.cpp.o (MicroBitCompass::~MicroBitCompass())
ym/microbit-dal/source/microbit-dal.a(MicroBitCompassCalibrator.cpp.o)
                              ym/microbit/source/microbit.a(MicroBit.cpp.o) (MicroBitCompassCalibrator::MicroBitCompassCalibrator(MicroBitCompass&, MicroBitAccelerometer&, MicroBitDisplay&))
ym/microbit-dal/source/microbit-dal.a(MicroBitDisplay.cpp.o)
                              source/CMakeFiles/fh-frankfurt-ss2020.dir/D_/Calliope_Reset/source/Main.cpp.o (MicroBitDisplay::~MicroBitDisplay())
ym/microbit-dal/source/microbit-dal.a(MicroBitI2C.cpp.o)
                              ym/microbit/source/microbit.a(MicroBit.cpp.o) (MicroBitI2C::MicroBitI2C(PinName, PinName))
ym/microbit-dal/source/microbit-dal.a(MicroBitIO.cpp.o)
                              ym/microbit/source/microbit.a(MicroBit.cpp.o) (MicroBitIO::MicroBitIO(int, int, int, int, int, int, int, int, int, int, int, int, int, int, int, int, int, int, int, int))
ym/microbit-dal/source/microbit-dal.a(MicroBitLightSensor.cpp.o)
                              ym/microbit-dal/source/microbit-dal.a(MicroBitDisplay.cpp.o) (MicroBitLightSensor::read())
ym/microbit-dal/source/microbit-dal.a(MicroBitMessageBus.cpp.o)
                              ym/microbit/source/microbit.a(MicroBit.cpp.o) (MicroBitMessageBus::add(MicroBitListener*))
ym/microbit-dal/source/microbit-dal.a(MicroBitMultiButton.cpp.o)
                              ym/microbit/source/microbit.a(MicroBit.cpp.o) (MicroBitMultiButton::setEventConfiguration(MicroBitButtonEventConfiguration))
ym/microbit-dal/source/microbit-dal.a(MicroBitPin.cpp.o)
                              ym/microbit-dal/source/microbit-dal.a(MicroBitIO.cpp.o) (MicroBitPin::MicroBitPin(int, PinName, PinCapability))
ym/microbit-dal/source/microbit-dal.a(MicroBitRadio.cpp.o)
                              ym/microbit/source/microbit.a(MicroBit.cpp.o) (MicroBitRadio::MicroBitRadio(unsigned short))
ym/microbit-dal/source/microbit-dal.a(MicroBitRadioDatagram.cpp.o)
                              ym/microbit-dal/source/microbit-dal.a(MicroBitRadio.cpp.o) (MicroBitRadioDatagram::MicroBitRadioDatagram(MicroBitRadio&))
ym/microbit-dal/source/microbit-dal.a(MicroBitRadioEvent.cpp.o)
[...]
Memory Configuration

Name             Origin             Length             Attributes
FLASH            0x00018000         0x00028000         xr
RAM              0x20002000         0x00002000         xrw
*default*        0x00000000         0xffffffff

Linker script and memory map

LOAD c:/progra~2/gnutoo~1/92019-~1/bin/../lib/gcc/arm-none-eabi/9.2.1/thumb/v6-m/nofp/crti.o
LOAD c:/progra~2/gnutoo~1/92019-~1/bin/../lib/gcc/arm-none-eabi/9.2.1/thumb/v6-m/nofp/crtbegin.o
LOAD c:/progra~2/gnutoo~1/92019-~1/bin/../lib/gcc/arm-none-eabi/9.2.1/../../../../arm-none-eabi/lib/thumb/v6-m/nofp/crt0.o
START GROUP
LOAD source/CMakeFiles/fh-frankfurt-ss2020.dir/D_/Calliope_Reset/source/Main.cpp.o
LOAD ym/microbit/source/microbit.a
LOAD ym/microbit-dal/source/microbit-dal.a
LOAD ym/ble/source/ble.a
LOAD ym/ble-nrf51822/source/ble-nrf51822.a
LOAD ym/ble/source/ble.a
LOAD ym/ble-nrf51822/source/ble-nrf51822.a
LOAD ym/nrf51-sdk/source/nrf51-sdk.a
LOAD ym/mbed-classic/existing/mbed-classic.a
LOAD c:/progra~2/gnutoo~1/92019-~1/bin/../lib/gcc/arm-none-eabi/9.2.1/../../../../arm-none-eabi/lib/thumb/v6-m/nofp\libnosys.a
LOAD c:/progra~2/gnutoo~1/92019-~1/bin/../lib/gcc/arm-none-eabi/9.2.1/../../../../arm-none-eabi/lib/thumb/v6-m/nofp\libstdc++_nano.a
LOAD c:/progra~2/gnutoo~1/92019-~1/bin/../lib/gcc/arm-none-eabi/9.2.1/../../../../arm-none-eabi/lib/thumb/v6-m/nofp\libsupc++_nano.a
LOAD c:/progra~2/gnutoo~1/92019-~1/bin/../lib/gcc/arm-none-eabi/9.2.1/thumb/v6-m/nofp\libgcc.a
LOAD c:/progra~2/gnutoo~1/92019-~1/bin/../lib/gcc/arm-none-eabi/9.2.1/../../../../arm-none-eabi/lib/thumb/v6-m/nofp\libstdc++_nano.a
LOAD c:/progra~2/gnutoo~1/92019-~1/bin/../lib/gcc/arm-none-eabi/9.2.1/../../../../arm-none-eabi/lib/thumb/v6-m/nofp\libsupc++_nano.a
LOAD c:/progra~2/gnutoo~1/92019-~1/bin/../lib/gcc/arm-none-eabi/9.2.1/../../../../arm-none-eabi/lib/thumb/v6-m/nofp\libm.a
LOAD c:/progra~2/gnutoo~1/92019-~1/bin/../lib/gcc/arm-none-eabi/9.2.1/../../../../arm-none-eabi/lib/thumb/v6-m/nofp\libc_nano.a
LOAD c:/progra~2/gnutoo~1/92019-~1/bin/../lib/gcc/arm-none-eabi/9.2.1/thumb/v6-m/nofp\libgcc.a
END GROUP
LOAD c:/progra~2/gnutoo~1/92019-~1/bin/../lib/gcc/arm-none-eabi/9.2.1/../../../../arm-none-eabi/lib/thumb/v6-m/nofp\libstdc++_nano.a
LOAD c:/progra~2/gnutoo~1/92019-~1/bin/../lib/gcc/arm-none-eabi/9.2.1/../../../../arm-none-eabi/lib/thumb/v6-m/nofp\libm.a
LOAD c:/progra~2/gnutoo~1/92019-~1/bin/../lib/gcc/arm-none-eabi/9.2.1/../../../../arm-none-eabi/lib/thumb/v6-m/nofp\libc_nano.a
START GROUP
LOAD c:/progra~2/gnutoo~1/92019-~1/bin/../lib/gcc/arm-none-eabi/9.2.1/thumb/v6-m/nofp\libgcc.a
LOAD c:/progra~2/gnutoo~1/92019-~1/bin/../lib/gcc/arm-none-eabi/9.2.1/../../../../arm-none-eabi/lib/thumb/v6-m/nofp\libc_nano.a
END GROUP
START GROUP
LOAD c:/progra~2/gnutoo~1/92019-~1/bin/../lib/gcc/arm-none-eabi/9.2.1/thumb/v6-m/nofp\libgcc.a
LOAD c:/progra~2/gnutoo~1/92019-~1/bin/../lib/gcc/arm-none-eabi/9.2.1/../../../../arm-none-eabi/lib/thumb/v6-m/nofp\libc_nano.a
END GROUP
LOAD c:/progra~2/gnutoo~1/92019-~1/bin/../lib/gcc/arm-none-eabi/9.2.1/thumb/v6-m/nofp/crtend.o
LOAD c:/progra~2/gnutoo~1/92019-~1/bin/../lib/gcc/arm-none-eabi/9.2.1/thumb/v6-m/nofp/crtn.o

.text           0x00018000    0x12eb0
 *(SORT_BY_ALIGNMENT(.Vectors))
 .Vectors       0x00018000       0xc0 ym/mbed-classic/existing/mbed-classic.a(startup_NRF51822.S.obj)
                0x00018000                __Vectors
 *(SORT_BY_ALIGNMENT(.text*))
 .text          0x000180c0       0x48 c:/progra~2/gnutoo~1/92019-~1/bin/../lib/gcc/arm-none-eabi/9.2.1/thumb/v6-m/nofp/crtbegin.o
 .text          0x00018108       0x78 c:/progra~2/gnutoo~1/92019-~1/bin/../lib/gcc/arm-none-eabi/9.2.1/../../../../arm-none-eabi/lib/thumb/v6-m/nofp/crt0.o
                0x00018108                _start
                0x00018108                _mainCRTStartup
 .text._ZN14MicroBitSerialD2Ev
                0x00018180       0x18 source/CMakeFiles/fh-frankfurt-ss2020.dir/D_/Calliope_Reset/source/Main.cpp.o
                0x00018180                MicroBitSerial::~MicroBitSerial()
                0x00018180                MicroBitSerial::~MicroBitSerial()
 .text._ZN10EventModel6listenEiiPFv13MicroBitEventEt
                0x00018198       0x60 source/CMakeFiles/fh-frankfurt-ss2020.dir/D_/Calliope_Reset/source/Main.cpp.o
                0x00018198                EventModel::listen(int, int, void (*)(MicroBitEvent), unsigned short)
 .text._Z14onDisconnected13MicroBitEvent
                0x000181f8       0x5c source/CMakeFiles/fh-frankfurt-ss2020.dir/D_/Calliope_Reset/source/Main.cpp.o
                0x000181f8                onDisconnected(MicroBitEvent)
 .text._Z13getLightValuev
                0x00018254       0x44 source/CMakeFiles/fh-frankfurt-ss2020.dir/D_/Calliope_Reset/source/Main.cpp.o
                0x00018254                getLightValue()
 .text._Z13selfMicroImplv
                0x00018298       0x68 source/CMakeFiles/fh-frankfurt-ss2020.dir/D_/Calliope_Reset/source/Main.cpp.o
                0x00018298                selfMicroImpl()
 .text._Z12getgStrengthv
                0x00018300       0x84 source/CMakeFiles/fh-frankfurt-ss2020.dir/D_/Calliope_Reset/source/Main.cpp.o
                0x00018300                getgStrength()
 .text._Z11onConnected13MicroBitEvent
                0x00018384      0x34c source/CMakeFiles/fh-frankfurt-ss2020.dir/D_/Calliope_Reset/source/Main.cpp.o
                0x00018384                onConnected(MicroBitEvent)
 .text.startup.main
                0x000186d0       0x84 source/CMakeFiles/fh-frankfurt-ss2020.dir/D_/Calliope_Reset/source/Main.cpp.o
                0x000186d0                main
 .text.startup._GLOBAL__sub_I_uBit
                0x00018754       0x44 source/CMakeFiles/fh-frankfurt-ss2020.dir/D_/Calliope_Reset/source/Main.cpp.o
 .text._ZN8MicroBitD2Ev
                0x00018798       0x84 source/CMakeFiles/fh-frankfurt-ss2020.dir/D_/Calliope_Reset/source/Main.cpp.o
                0x00018798                MicroBit::~MicroBit()
                0x00018798                MicroBit::~MicroBit()
 .text._ZN8MicroBitC2Ev
                0x0001881c      0x1a4 ym/microbit/source/microbit.a(MicroBit.cpp.o)
                0x0001881c                MicroBit::MicroBit()
                0x0001881c                MicroBit::MicroBit()
 .text._ZN8MicroBit4initEv
                0x000189c0      0x178 ym/microbit/source/microbit.a(MicroBit.cpp.o)
                0x000189c0                MicroBit::init()
 .text.NVIC_SystemReset
                0x00018b38       0x18 ym/microbit-dal/source/microbit-dal.a(MicroBitDevice.cpp.o)
 .text._Z22microbit_friendly_namev
                0x00018b50       0x6c ym/microbit-dal/source/microbit-dal.a(MicroBitDevice.cpp.o)
                0x00018b50                microbit_friendly_name()
 .text._Z14microbit_panici
                0x00018bbc      0x154 ym/microbit-dal/source/microbit-dal.a(MicroBitDevice.cpp.o)
                0x00018bbc                microbit_panic(int)
 .text._Z20microbit_seed_randomv
                0x00018d10       0x60 ym/microbit-dal/source/microbit-dal.a(MicroBitDevice.cpp.o)
                0x00018d10                microbit_seed_random()
 .text._Z14scheduler_tickv
                0x00018d70       0x38 ym/microbit-dal/source/microbit-dal.a(MicroBitFiber.cpp.o)
                0x00018d70                scheduler_tick()
 .text._Z15scheduler_event13MicroBitEvent
                0x00018da8       0xcc ym/microbit-dal/source/microbit-dal.a(MicroBitFiber.cpp.o)
                0x00018da8                scheduler_event(MicroBitEvent)
 .text._Z15getFiberContextv
                0x00018e74       0x3c ym/microbit-dal/source/microbit-dal.a(MicroBitFiber.cpp.o)
                0x00018e74                getFiberContext()
 .text._Z14scheduler_initR10EventModel
                0x00018eb0       0xac ym/microbit-dal/source/microbit-dal.a(MicroBitFiber.cpp.o)
                0x00018eb0                scheduler_init(EventModel&)
 .text._Z23fiber_scheduler_runningv
                0x00018f5c       0x10 ym/microbit-dal/source/microbit-dal.a(MicroBitFiber.cpp.o)
                0x00018f5c                fiber_scheduler_running()
 .text._Z14__create_fibermmmi
                0x00018f6c       0x50 ym/microbit-dal/source/microbit-dal.a(MicroBitFiber.cpp.o)
                0x00018f6c                __create_fiber(unsigned long, unsigned long, unsigned long, int)
 .text._Z12create_fiberPFvPvES_S1_
                0x00018fbc       0x24 ym/microbit-dal/source/microbit-dal.a(MicroBitFiber.cpp.o)
                0x00018fbc                create_fiber(void (*)(void*), void*, void (*)(void*))
 .text._Z24scheduler_runqueue_emptyv
                0x00018fe0       0x10 ym/microbit-dal/source/microbit-dal.a(MicroBitFiber.cpp.o)
                0x00018fe0                scheduler_runqueue_empty()
 .text._Z24fiber_add_idle_componentP17MicroBitComponent
                0x00018ff0       0x1c ym/microbit-dal/source/microbit-dal.a(MicroBitFiber.cpp.o)
                0x00018ff0                fiber_add_idle_component(MicroBitComponent*)
 .text._Z27fiber_remove_idle_componentP17MicroBitComponent
                0x0001900c       0x1c ym/microbit-dal/source/microbit-dal.a(MicroBitFiber.cpp.o)
                0x0001900c                fiber_remove_idle_component(MicroBitComponent*)
 .text._Z4idlev
                0x00019028       0x30 ym/microbit-dal/source/microbit-dal.a(MicroBitFiber.cpp.o)
                0x00019028                idle()
 .text._Z8schedulev
                0x00019058       0xd4 ym/microbit-dal/source/microbit-dal.a(MicroBitFiber.cpp.o)
                0x00019058                schedule()
 .text._Z11fiber_sleepm
                0x0001912c       0x58 ym/microbit-dal/source/microbit-dal.a(MicroBitFiber.cpp.o)
                0x0001912c                fiber_sleep(unsigned long)
 .text._Z19fiber_wake_on_eventtt
                0x00019184       0xa0 ym/microbit-dal/source/microbit-dal.a(MicroBitFiber.cpp.o)
                0x00019184                fiber_wake_on_event(unsigned short, unsigned short)
 .text._Z13release_fiberv
                0x00019224       0x2c ym/microbit-dal/source/microbit-dal.a(MicroBitFiber.cpp.o)
                0x00019224                release_fiber()
 .text._Z13release_fiberPv
                0x00019250       0x14 ym/microbit-dal/source/microbit-dal.a(MicroBitFiber.cpp.o)
                0x00019250                release_fiber(void*)
 .text._Z6invokePFvPvES_
                0x00019264       0x90 ym/microbit-dal/source/microbit-dal.a(MicroBitFiber.cpp.o)
                0x00019264                invoke(void (*)(void*), void*)
 .text._ZN12MicroBitFont13getSystemFontEv
                0x000192f4       0x10 ym/microbit-dal/source/microbit-dal.a(MicroBitFont.cpp.o)
                0x000192f4                MicroBitFont::getSystemFont()
 .text.startup._GLOBAL__sub_I__ZN12MicroBitFont11defaultFontE
                0x00019304       0x18 ym/microbit-dal/source/microbit-dal.a(MicroBitFont.cpp.o)
 .text._Z15microbit_mallocj
                0x0001931c       0x34 ym/microbit-dal/source/microbit-dal.a(MicroBitHeapAllocator.cpp.o)
                0x0001931c                microbit_malloc(unsigned int)
 .text._Z13microbit_freePv
                0x00019350       0x40 ym/microbit-dal/source/microbit-dal.a(MicroBitHeapAllocator.cpp.o)
                0x00019350                microbit_free(void*)
 .text._Z23system_timer_set_periodi
                0x00019390       0x44 ym/microbit-dal/source/microbit-dal.a(MicroBitSystemTimer.cpp.o)
                0x00019390                system_timer_set_period(int)
 .text._Z17system_timer_initi
                0x000193d4       0x54 ym/microbit-dal/source/microbit-dal.a(MicroBitSystemTimer.cpp.o)
                0x000193d4                system_timer_init(int)
 .text._Z23system_timer_get_periodv
                0x00019428        0xc ym/microbit-dal/source/microbit-dal.a(MicroBitSystemTimer.cpp.o)
                0x00019428                system_timer_get_period()
 .text._Z11update_timev
                0x00019434       0x44 ym/microbit-dal/source/microbit-dal.a(MicroBitSystemTimer.cpp.o)
                0x00019434                update_time()
 .text._Z17system_timer_tickv
                0x00019478       0x24 ym/microbit-dal/source/microbit-dal.a(MicroBitSystemTimer.cpp.o)
                0x00019478                system_timer_tick()
 .text._Z25system_timer_current_timev
                0x0001949c       0x1c ym/microbit-dal/source/microbit-dal.a(MicroBitSystemTimer.cpp.o)
                0x0001949c                system_timer_current_time()
 .text._Z28system_timer_current_time_usv
                0x000194b8       0x14 ym/microbit-dal/source/microbit-dal.a(MicroBitSystemTimer.cpp.o)
                0x000194b8                system_timer_current_time_us()
 .text._Z26system_timer_add_componentP17MicroBitComponent
                0x000194cc       0x3c ym/microbit-dal/source/microbit-dal.a(MicroBitSystemTimer.cpp.o)
                0x000194cc                system_timer_add_component(MicroBitComponent*)
 .text._Z29system_timer_remove_componentP17MicroBitComponent
                0x00019508       0x1c ym/microbit-dal/source/microbit-dal.a(MicroBitSystemTimer.cpp.o)
                0x00019508                system_timer_remove_component(MicroBitComponent*)
 .text._ZN13ManagedStringC2EPKc
                0x00019524       0x20 ym/microbit-dal/source/microbit-dal.a(ManagedString.cpp.o)
                0x00019524                ManagedString::ManagedString(char const*)
                0x00019524                ManagedString::ManagedString(char const*)
 .text._ZN13ManagedStringC2EPKcs
                0x00019544       0x54 ym/microbit-dal/source/microbit-dal.a(ManagedString.cpp.o)
                0x00019544                ManagedString::ManagedString(char const*, short)
                0x00019544                ManagedString::ManagedString(char const*, short)
 .text._ZN13ManagedStringC2Ev
                0x00019598        0xc ym/microbit-dal/source/microbit-dal.a(ManagedString.cpp.o)
                0x00019598                ManagedString::ManagedString()
                0x00019598                ManagedString::ManagedString()
 .text.startup._GLOBAL__sub_I__ZN13ManagedString9initEmptyEv
                0x000195a4       0x28 ym/microbit-dal/source/microbit-dal.a(ManagedString.cpp.o)
 .text._ZN13MicroBitEvent4fireEv
                0x000195cc       0x28 ym/microbit-dal/source/microbit-dal.a(MicroBitEvent.cpp.o)
                0x000195cc                MicroBitEvent::fire()
 .text.startup._GLOBAL__sub_I__ZN12PacketBuffer11EmptyPacketE
                0x000195f4       0x24 ym/microbit-dal/source/microbit-dal.a(PacketBuffer.cpp.o)
 .text._ZL16isReadOnlyInlineP10RefCounted.isra.0
                0x00019618       0x24 ym/microbit-dal/source/microbit-dal.a(RefCounted.cpp.o)
 .text._ZN21MicroBitAccelerometerD2Ev
                0x0001963c       0x18 ym/microbit-dal/source/microbit-dal.a(MicroBitAccelerometer-bmx.cpp.o)
                0x0001963c                MicroBitAccelerometer::~MicroBitAccelerometer()
                0x0001963c                MicroBitAccelerometer::~MicroBitAccelerometer()
 .text._ZN21MicroBitAccelerometerC2ER11MicroBitI2Ctt
                0x00019654       0x84 ym/microbit-dal/source/microbit-dal.a(MicroBitAccelerometer-bmx.cpp.o)
                0x00019654                MicroBitAccelerometer::MicroBitAccelerometer(MicroBitI2C&, unsigned short, unsigned short)
                0x00019654                MicroBitAccelerometer::MicroBitAccelerometer(MicroBitI2C&, unsigned short, unsigned short)
 .text._ZN21MicroBitAccelerometer20instantaneousPostureEv
                0x000196d8      0x204 ym/microbit-dal/source/microbit-dal.a(MicroBitAccelerometer-bmx.cpp.o)
                0x000196d8                MicroBitAccelerometer::instantaneousPosture()
 .text._ZN14MicroBitButton10systemTickEv
                0x000198dc       0xd8 ym/microbit-dal/source/microbit-dal.a(MicroBitButton.cpp.o)
                0x000198dc                MicroBitButton::systemTick()
 .text._ZN14MicroBitButtonD2Ev
                0x000199b4       0x18 ym/microbit-dal/source/microbit-dal.a(MicroBitButton.cpp.o)
                0x000199b4                MicroBitButton::~MicroBitButton()
                0x000199b4                MicroBitButton::~MicroBitButton()
 .text._ZN14MicroBitButtonC2E7PinNamet32MicroBitButtonEventConfiguration7PinMode
                0x000199cc       0x58 ym/microbit-dal/source/microbit-dal.a(MicroBitButton.cpp.o)
                0x000199cc                MicroBitButton::MicroBitButton(PinName, unsigned short, MicroBitButtonEventConfiguration, PinMode)
                0x000199cc                MicroBitButton::MicroBitButton(PinName, unsigned short, MicroBitButtonEventConfiguration, PinMode)
 .text._ZN15MicroBitCompassD2Ev
                0x00019a24       0x18 ym/microbit-dal/source/microbit-dal.a(MicroBitCompass-bmx.cpp.o)
                0x00019a24                MicroBitCompass::~MicroBitCompass()
                0x00019a24                MicroBitCompass::~MicroBitCompass()
 .text._ZN15MicroBitCompass11readMagDataEPs
                0x00019a3c      0x140 ym/microbit-dal/source/microbit-dal.a(MicroBitCompass-bmx.cpp.o)
                0x00019a3c                MicroBitCompass::readMagData(short*)
 .text._ZN15MicroBitCompass12basicBearingEv
                0x00019b7c       0x80 ym/microbit-dal/source/microbit-dal.a(MicroBitCompass-bmx.cpp.o)
                0x00019b7c                MicroBitCompass::basicBearing()
 .text._ZN15MicroBitCompass22tiltCompensatedBearingEv
                0x00019bfc      0x108 ym/microbit-dal/source/microbit-dal.a(MicroBitCompass-bmx.cpp.o)
                0x00019bfc                MicroBitCompass::tiltCompensatedBearing()
 .text._ZN15MicroBitCompass9calibrateEv
                0x00019d04       0x50 ym/microbit-dal/source/microbit-dal.a(MicroBitCompass-bmx.cpp.o)
                0x00019d04                MicroBitCompass::calibrate()
 .text._ZN15MicroBitCompass7headingEv
                0x00019d54       0x30 ym/microbit-dal/source/microbit-dal.a(MicroBitCompass-bmx.cpp.o)
                0x00019d54                MicroBitCompass::heading()
 .text._ZN15MicroBitCompass14setCalibrationE13CompassSample
                0x00019d84       0x48 ym/microbit-dal/source/microbit-dal.a(MicroBitCompass-bmx.cpp.o)
                0x00019d84                MicroBitCompass::setCalibration(CompassSample)
 .text._ZN15MicroBitCompass4initEtt
                0x00019dcc       0x60 ym/microbit-dal/source/microbit-dal.a(MicroBitCompass-bmx.cpp.o)
                0x00019dcc                MicroBitCompass::init(unsigned short, unsigned short)
 .text._ZN15MicroBitCompassC2ER11MicroBitI2CR21MicroBitAccelerometerR15MicroBitStoragett
                0x00019e2c       0x40 ym/microbit-dal/source/microbit-dal.a(MicroBitCompass-bmx.cpp.o)
                0x00019e2c                MicroBitCompass::MicroBitCompass(MicroBitI2C&, MicroBitAccelerometer&, MicroBitStorage&, unsigned short, unsigned short)
                0x00019e2c                MicroBitCompass::MicroBitCompass(MicroBitI2C&, MicroBitAccelerometer&, MicroBitStorage&, unsigned short, unsigned short)
 .text._ZN25MicroBitCompassCalibrator9calibrateE13MicroBitEvent
                0x00019e6c      0x368 ym/microbit-dal/source/microbit-dal.a(MicroBitCompassCalibrator.cpp.o)
                0x00019e6c                MicroBitCompassCalibrator::calibrate(MicroBitEvent)
 .text._ZN25MicroBitCompassCalibratorC2ER15MicroBitCompassR21MicroBitAccelerometerR15MicroBitDisplay
                0x0001a1d4       0x8c ym/microbit-dal/source/microbit-dal.a(MicroBitCompassCalibrator.cpp.o)
                0x0001a1d4                MicroBitCompassCalibrator::MicroBitCompassCalibrator(MicroBitCompass&, MicroBitAccelerometer&, MicroBitDisplay&)
                0x0001a1d4                MicroBitCompassCalibrator::MicroBitCompassCalibrator(MicroBitCompass&, MicroBitAccelerometer&, MicroBitDisplay&)
 .text._ZN15MicroBitDisplay15renderGreyscaleEv
                0x0001a260       0xfc ym/microbit-dal/source/microbit-dal.a(MicroBitDisplay.cpp.o)
                0x0001a260                MicroBitDisplay::renderGreyscale()
 .text._ZN15MicroBitDisplayD2Ev
                0x0001a35c       0x50 ym/microbit-dal/source/microbit-dal.a(MicroBitDisplay.cpp.o)
                0x0001a35c                MicroBitDisplay::~MicroBitDisplay()
                0x0001a35c                MicroBitDisplay::~MicroBitDisplay()
 .text._ZN15MicroBitDisplayC2EtRK9MatrixMap
                0x0001a3ac       0xd8 ym/microbit-dal/source/microbit-dal.a(MicroBitDisplay.cpp.o)
                0x0001a3ac                MicroBitDisplay::MicroBitDisplay(unsigned short, MatrixMap const&)
                0x0001a3ac                MicroBitDisplay::MicroBitDisplay(unsigned short, MatrixMap const&)
 .text._ZN15MicroBitDisplay6renderEv
                0x0001a484       0xf4 ym/microbit-dal/source/microbit-dal.a(MicroBitDisplay.cpp.o)
                0x0001a484                MicroBitDisplay::render()
 .text._ZN15MicroBitDisplay26sendAnimationCompleteEventEv
                0x0001a578       0x24 ym/microbit-dal/source/microbit-dal.a(MicroBitDisplay.cpp.o)
                0x0001a578                MicroBitDisplay::sendAnimationCompleteEvent()
 .text._ZN15MicroBitDisplay13stopAnimationEv
                0x0001a59c       0x38 ym/microbit-dal/source/microbit-dal.a(MicroBitDisplay.cpp.o)
                0x0001a59c                MicroBitDisplay::stopAnimation()
 .text._ZN15MicroBitDisplay18waitForFreeDisplayEv
                0x0001a5d4       0x20 ym/microbit-dal/source/microbit-dal.a(MicroBitDisplay.cpp.o)
                0x0001a5d4                MicroBitDisplay::waitForFreeDisplay()
 .text._ZN15MicroBitDisplay9fiberWaitEv
                0x0001a5f4       0x2c ym/microbit-dal/source/microbit-dal.a(MicroBitDisplay.cpp.o)
                0x0001a5f4                MicroBitDisplay::fiberWait()
 .text._ZN15MicroBitDisplay14printCharAsyncEci
                0x0001a620       0x4c ym/microbit-dal/source/microbit-dal.a(MicroBitDisplay.cpp.o)
                0x0001a620                MicroBitDisplay::printCharAsync(char, int)
 .text._ZN15MicroBitDisplay10printAsyncE13ManagedStringi
                0x0001a66c       0x6c ym/microbit-dal/source/microbit-dal.a(MicroBitDisplay.cpp.o)
                0x0001a66c                MicroBitDisplay::printAsync(ManagedString, int)
 .text._ZN15MicroBitDisplay10printAsyncE13MicroBitImageiiii
                0x0001a6d8       0x54 ym/microbit-dal/source/microbit-dal.a(MicroBitDisplay.cpp.o)
                0x0001a6d8                MicroBitDisplay::printAsync(MicroBitImage, int, int, int, int)
 .text._ZN15MicroBitDisplay5printE13ManagedStringi
                0x0001a72c       0x68 ym/microbit-dal/source/microbit-dal.a(MicroBitDisplay.cpp.o)
                0x0001a72c                MicroBitDisplay::print(ManagedString, int)
 .text._ZN15MicroBitDisplay5printE13MicroBitImageiiii
                0x0001a794       0x68 ym/microbit-dal/source/microbit-dal.a(MicroBitDisplay.cpp.o)
                0x0001a794                MicroBitDisplay::print(MicroBitImage, int, int, int, int)
 .text._ZN15MicroBitDisplay11scrollAsyncE13ManagedStringi
                0x0001a7fc       0x54 ym/microbit-dal/source/microbit-dal.a(MicroBitDisplay.cpp.o)
                0x0001a7fc                MicroBitDisplay::scrollAsync(ManagedString, int)
 .text._ZN15MicroBitDisplay13setBrightnessEi
                0x0001a850       0x14 ym/microbit-dal/source/microbit-dal.a(MicroBitDisplay.cpp.o)
                0x0001a850                MicroBitDisplay::setBrightness(int)
 .text._ZN11MicroBitI2C4readEiPcib
                0x0001a864       0x94 ym/microbit-dal/source/microbit-dal.a(MicroBitI2C.cpp.o)
                0x0001a864                MicroBitI2C::read(int, char*, int, bool)
 .text._ZN11MicroBitI2C5writeEiPKcib
                0x0001a8f8       0x94 ym/microbit-dal/source/microbit-dal.a(MicroBitI2C.cpp.o)
                0x0001a8f8                MicroBitI2C::write(int, char const*, int, bool)
 .text._ZN19MicroBitLightSensor11analogReadyEv
                0x0001a98c       0x50 ym/microbit-dal/source/microbit-dal.a(MicroBitLightSensor.cpp.o)
                0x0001a98c                MicroBitLightSensor::analogReady()
 .text._ZN19MicroBitLightSensor12startSensingE13MicroBitEvent
                0x0001a9dc       0xa0 ym/microbit-dal/source/microbit-dal.a(MicroBitLightSensor.cpp.o)
                0x0001a9dc                MicroBitLightSensor::startSensing(MicroBitEvent)
 .text._ZN16MicroBitListenerC2I19MicroBitLightSensorEEttPT_MS2_Fv13MicroBitEventEt
                0x0001aa7c       0x68 ym/microbit-dal/source/microbit-dal.a(MicroBitLightSensor.cpp.o)
                0x0001aa7c                MicroBitListener::MicroBitListener<MicroBitLightSensor>(unsigned short, unsigned short, MicroBitLightSensor*, void (MicroBitLightSensor::*)(MicroBitEvent), unsigned short)
                0x0001aa7c                MicroBitListener::MicroBitListener<MicroBitLightSensor>(unsigned short, unsigned short, MicroBitLightSensor*, void (MicroBitLightSensor::*)(MicroBitEvent), unsigned short)
 .text._ZN19MicroBitLightSensorC2ERK9MatrixMap
                0x0001aae4       0x80 ym/microbit-dal/source/microbit-dal.a(MicroBitLightSensor.cpp.o)
                0x0001aae4                MicroBitLightSensor::MicroBitLightSensor(MatrixMap const&)
                0x0001aae4                MicroBitLightSensor::MicroBitLightSensor(MatrixMap const&)
 .text._ZN19MicroBitLightSensorD2Ev
                0x0001ab64       0x64 ym/microbit-dal/source/microbit-dal.a(MicroBitLightSensor.cpp.o)
                0x0001ab64                MicroBitLightSensor::~MicroBitLightSensor()
                0x0001ab64                MicroBitLightSensor::~MicroBitLightSensor()
 .text._ZN18MicroBitMessageBus6removeEP16MicroBitListener
                0x0001abc8       0x74 ym/microbit-dal/source/microbit-dal.a(MicroBitMessageBus.cpp.o)
                0x0001abc8                MicroBitMessageBus::remove(MicroBitListener*)
 .text._ZN18MicroBitMessageBus3addEP16MicroBitListener
                0x0001ac3c       0xd0 ym/microbit-dal/source/microbit-dal.a(MicroBitMessageBus.cpp.o)
                0x0001ac3c                MicroBitMessageBus::add(MicroBitListener*)
 .text._ZN18MicroBitMessageBusD2Ev
                0x0001ad0c       0x20 ym/microbit-dal/source/microbit-dal.a(MicroBitMessageBus.cpp.o)
                0x0001ad0c                MicroBitMessageBus::~MicroBitMessageBus()
                0x0001ad0c                MicroBitMessageBus::~MicroBitMessageBus()
 .text._ZThn4_N18MicroBitMessageBusD1Ev
                0x0001ad2c       0x10 ym/microbit-dal/source/microbit-dal.a(MicroBitMessageBus.cpp.o)
                0x0001ad2c                non-virtual thunk to MicroBitMessageBus::~MicroBitMessageBus()
 .text._ZThn4_N18MicroBitMessageBusD0Ev
                0x0001ad3c       0x10 ym/microbit-dal/source/microbit-dal.a(MicroBitMessageBus.cpp.o)
                0x0001ad3c                non-virtual thunk to MicroBitMessageBus::~MicroBitMessageBus()
 .text._ZN18MicroBitMessageBusC2Ev
                0x0001ad4c       0x3c ym/microbit-dal/source/microbit-dal.a(MicroBitMessageBus.cpp.o)
                0x0001ad4c                MicroBitMessageBus::MicroBitMessageBus()
                0x0001ad4c                MicroBitMessageBus::MicroBitMessageBus()
 .text._ZN18MicroBitMessageBus7processER13MicroBitEventb
                0x0001ad88       0x88 ym/microbit-dal/source/microbit-dal.a(MicroBitMessageBus.cpp.o)
                0x0001ad88                MicroBitMessageBus::process(MicroBitEvent&, bool)
 .text._ZThn4_N18MicroBitMessageBus8idleTickEv
                0x0001ae10       0x10 ym/microbit-dal/source/microbit-dal.a(MicroBitMessageBus.cpp.o)
                0x0001ae10                non-virtual thunk to MicroBitMessageBus::idleTick()
 .text._ZN10EventModel6listenI19MicroBitMultiButtonEEittPT_MS2_Fv13MicroBitEventEt
                0x0001ae20       0xa8 ym/microbit-dal/source/microbit-dal.a(MicroBitMultiButton.cpp.o)
                0x0001ae20                int EventModel::listen<MicroBitMultiButton>(unsigned short, unsigned short, MicroBitMultiButton*, void (MicroBitMultiButton::*)(MicroBitEvent), unsigned short)
 .text._ZN19MicroBitMultiButtonC2Ettt
                0x0001aec8       0x70 ym/microbit-dal/source/microbit-dal.a(MicroBitMultiButton.cpp.o)
                0x0001aec8                MicroBitMultiButton::MicroBitMultiButton(unsigned short, unsigned short, unsigned short)
                0x0001aec8                MicroBitMultiButton::MicroBitMultiButton(unsigned short, unsigned short, unsigned short)
 .text._ZN11MicroBitPinC2Ei7PinName13PinCapability
                0x0001af38       0x1c ym/microbit-dal/source/microbit-dal.a(MicroBitPin.cpp.o)
                0x0001af38                MicroBitPin::MicroBitPin(int, PinName, PinCapability)
                0x0001af38                MicroBitPin::MicroBitPin(int, PinName, PinCapability)
 .text._ZN13MicroBitRadioC2Et
                0x0001af54       0x40 ym/microbit-dal/source/microbit-dal.a(MicroBitRadio.cpp.o)
                0x0001af54                MicroBitRadio::MicroBitRadio(unsigned short)
                0x0001af54                MicroBitRadio::MicroBitRadio(unsigned short)
 .text._ZN13MicroBitRadio7setRSSIEi
                0x0001af94       0x14 ym/microbit-dal/source/microbit-dal.a(MicroBitRadio.cpp.o)
                0x0001af94                MicroBitRadio::setRSSI(int)
 .text._ZN13MicroBitRadio7getRSSIEv
                0x0001afa8       0x14 ym/microbit-dal/source/microbit-dal.a(MicroBitRadio.cpp.o)
                0x0001afa8                MicroBitRadio::getRSSI()
 .text._ZN13MicroBitRadio10queueRxBufEv
                0x0001afbc       0x60 ym/microbit-dal/source/microbit-dal.a(MicroBitRadio.cpp.o)
                0x0001afbc                MicroBitRadio::queueRxBuf()
 .text.RADIO_IRQHandler
                0x0001b01c       0x64 ym/microbit-dal/source/microbit-dal.a(MicroBitRadio.cpp.o)
                0x0001b01c                RADIO_IRQHandler
 .text._ZN13MicroBitRadio4recvEv
                0x0001b080       0x28 ym/microbit-dal/source/microbit-dal.a(MicroBitRadio.cpp.o)
                0x0001b080                MicroBitRadio::recv()
 .text._ZN14MicroBitSerial4baudEi
                0x0001b0a8       0x14 ym/microbit-dal/source/microbit-dal.a(MicroBitSerial.cpp.o)
                0x0001b0a8                MicroBitSerial::baud(int)
 .text._ZN14MicroBitSerialC2E7PinNameS0_hh
                0x0001b0bc       0x50 ym/microbit-dal/source/microbit-dal.a(MicroBitSerial.cpp.o)
                0x0001b0bc                MicroBitSerial::MicroBitSerial(PinName, PinName, unsigned char, unsigned char)
                0x0001b0bc                MicroBitSerial::MicroBitSerial(PinName, PinName, unsigned char, unsigned char)
 .text._ZN15MicroBitStorage4sizeEv
                0x0001b10c       0x60 ym/microbit-dal/source/microbit-dal.a(MicroBitStorage.cpp.o)
                0x0001b10c                MicroBitStorage::size()
 .text._ZN15MicroBitStorage3putEPKcPhi
                0x0001b16c      0x1ac ym/microbit-dal/source/microbit-dal.a(MicroBitStorage.cpp.o)
                0x0001b16c                MicroBitStorage::put(char const*, unsigned char*, int)
 .text._ZN19MicroBitThermometerC2ER15MicroBitStoraget
                0x0001b318       0x48 ym/microbit-dal/source/microbit-dal.a(MicroBitThermometer.cpp.o)
                0x0001b318                MicroBitThermometer::MicroBitThermometer(MicroBitStorage&, unsigned short)
                0x0001b318                MicroBitThermometer::MicroBitThermometer(MicroBitStorage&, unsigned short)
 .text._ZN19MicroBitThermometer12updateSampleEv
                0x0001b360       0x8c ym/microbit-dal/source/microbit-dal.a(MicroBitThermometer.cpp.o)
                0x0001b360                MicroBitThermometer::updateSample()
 .text._ZL18nvmc_event_handlerm
                0x0001b3ec       0x10 ym/microbit-dal/source/microbit-dal.a(MicroBitFlash.cpp.o)
 .text._ZN13MicroBitFlashC2Ev
                0x0001b3fc       0x24 ym/microbit-dal/source/microbit-dal.a(MicroBitFlash.cpp.o)
                0x0001b3fc                MicroBitFlash::MicroBitFlash()
                0x0001b3fc                MicroBitFlash::MicroBitFlash()
 .text._ZN13MicroBitFlash10erase_pageEPm
                0x0001b420       0x6c ym/microbit-dal/source/microbit-dal.a(MicroBitFlash.cpp.o)
                0x0001b420                MicroBitFlash::erase_page(unsigned long*)
 .text._ZN13MicroBitFlash10flash_burnEPmS0_i
                0x0001b48c       0x7c ym/microbit-dal/source/microbit-dal.a(MicroBitFlash.cpp.o)
                0x0001b48c                MicroBitFlash::flash_burn(unsigned long*, unsigned long*, int)
 .text._ZL22nrf_gpiote_task_enablem
                0x0001b508       0x2c ym/microbit-dal/source/microbit-dal.a(CalliopeSoundMotor.cpp.o)
 .text._ZN18CalliopeSoundMotorD2Ev
                0x0001b534       0x18 ym/microbit-dal/source/microbit-dal.a(CalliopeSoundMotor.cpp.o)
                0x0001b534                CalliopeSoundMotor::~CalliopeSoundMotor()
                0x0001b534                CalliopeSoundMotor::~CalliopeSoundMotor()
 .text._ZN18CalliopeSoundMotor8PWM_initEv
                0x0001b54c      0x11c ym/microbit-dal/source/microbit-dal.a(CalliopeSoundMotor.cpp.o)
                0x0001b54c                CalliopeSoundMotor::PWM_init()
 .text._ZN18CalliopeSoundMotorC2Ev
                0x0001b668       0x7c ym/microbit-dal/source/microbit-dal.a(CalliopeSoundMotor.cpp.o)
                0x0001b668                CalliopeSoundMotor::CalliopeSoundMotor()
                0x0001b668                CalliopeSoundMotor::CalliopeSoundMotor()
 .text._ZN11CalliopeRGBD2Ev
                0x0001b6e4       0x18 ym/microbit-dal/source/microbit-dal.a(CalliopeRGB.cpp.o)
                0x0001b6e4                CalliopeRGB::~CalliopeRGB()
                0x0001b6e4                CalliopeRGB::~CalliopeRGB()
 .text._ZN11CalliopeRGB4sendEv
                0x0001b6fc       0xd4 ym/microbit-dal/source/microbit-dal.a(CalliopeRGB.cpp.o)
                0x0001b6fc                CalliopeRGB::send()
 .text._ZN11CalliopeRGB9setColourEhhhh
                0x0001b7d0       0x44 ym/microbit-dal/source/microbit-dal.a(CalliopeRGB.cpp.o)
                0x0001b7d0                CalliopeRGB::setColour(unsigned char, unsigned char, unsigned char, unsigned char)
 .text._ZN11CalliopeRGBC2Emh
                0x0001b814       0xa0 ym/microbit-dal/source/microbit-dal.a(CalliopeRGB.cpp.o)
                0x0001b814                CalliopeRGB::CalliopeRGB(unsigned long, unsigned char)
                0x0001b814                CalliopeRGB::CalliopeRGB(unsigned long, unsigned char)
 .text._ZN18MicroBitBLEManagerD2Ev
                0x0001b8b4       0x20 ym/microbit-dal/source/microbit-dal.a(MicroBitBLEManager.cpp.o)
                0x0001b8b4                MicroBitBLEManager::~MicroBitBLEManager()
                0x0001b8b4                MicroBitBLEManager::~MicroBitBLEManager()
 .text._ZL25bleSysAttrMissingCallbackPK32GattSysAttrMissingCallbackParams
                0x0001b8d4       0xc8 ym/microbit-dal/source/microbit-dal.a(MicroBitBLEManager.cpp.o)
 .text._ZN18MicroBitBLEManager8idleTickEv
                0x0001b99c      0x110 ym/microbit-dal/source/microbit-dal.a(MicroBitBLEManager.cpp.o)
                0x0001b99c                MicroBitBLEManager::idleTick()
 .text._ZN3Gap22setAdvertisingIntervalEt
                0x0001baac       0x38 ym/microbit-dal/source/microbit-dal.a(MicroBitBLEManager.cpp.o)
                0x0001baac                Gap::setAdvertisingInterval(unsigned short)
 .text._ZN18GattCharacteristicC2ERK4UUIDPhtthPP13GattAttributejb
                0x0001bae4       0x8c ym/microbit-dal/source/microbit-dal.a(MicroBitBLEManager.cpp.o)
                0x0001bae4                GattCharacteristic::GattCharacteristic(UUID const&, unsigned char*, unsigned short, unsigned short, unsigned char, GattAttribute**, unsigned int, bool)
                0x0001bae4                GattCharacteristic::GattCharacteristic(UUID const&, unsigned char*, unsigned short, unsigned short, unsigned char, GattAttribute**, unsigned int, bool)
 .text._ZN24DeviceInformationServiceC2ER3BLEPKcS3_S3_S3_S3_S3_
                0x0001bb70      0x1dc ym/microbit-dal/source/microbit-dal.a(MicroBitBLEManager.cpp.o)
                0x0001bb70                DeviceInformationService::DeviceInformationService(BLE&, char const*, char const*, char const*, char const*, char const*, char const*)
                0x0001bb70                DeviceInformationService::DeviceInformationService(BLE&, char const*, char const*, char const*, char const*, char const*, char const*)
 .text._ZN18MicroBitBLEManagerC2ER15MicroBitStorage
                0x0001bd4c       0x38 ym/microbit-dal/source/microbit-dal.a(MicroBitBLEManager.cpp.o)
                0x0001bd4c                MicroBitBLEManager::MicroBitBLEManager(MicroBitStorage&)
                0x0001bd4c                MicroBitBLEManager::MicroBitBLEManager(MicroBitStorage&)
 .text._ZL24bleDisconnectionCallbackPKN3Gap29DisconnectionCallbackParams_tE
                0x0001bd84       0x3c ym/microbit-dal/source/microbit-dal.a(MicroBitBLEManager.cpp.o)
 .text._ZN18MicroBitBLEManager16setTransmitPowerEi
                0x0001bdc0       0x3c ym/microbit-dal/source/microbit-dal.a(MicroBitBLEManager.cpp.o)
                0x0001bdc0                MicroBitBLEManager::setTransmitPower(int)
 .text._ZN18MicroBitBLEManager4initE13ManagedStringS0_R10EventModelb
                0x0001bdfc      0x2b0 ym/microbit-dal/source/microbit-dal.a(MicroBitBLEManager.cpp.o)
                0x0001bdfc                MicroBitBLEManager::init(ManagedString, ManagedString, EventModel&, bool)
 .text._ZL22passkeyDisplayCallbacktPKh
                0x0001c0ac       0x34 ym/microbit-dal/source/microbit-dal.a(MicroBitBLEManager.cpp.o)
 .text._ZL30securitySetupCompletedCallbacktN15SecurityManager26SecurityCompletionStatus_tE
                0x0001c0e0       0x40 ym/microbit-dal/source/microbit-dal.a(MicroBitBLEManager.cpp.o)
 .text._ZN18MicroBitBLEManager11pairingModeER15MicroBitDisplayR14MicroBitButton
                0x0001c120      0x218 ym/microbit-dal/source/microbit-dal.a(MicroBitBLEManager.cpp.o)
                0x0001c120                MicroBitBLEManager::pairingMode(MicroBitDisplay&, MicroBitButton&)
 .text._Z15on_confirmationt
                0x0001c338       0x34 ym/microbit-dal/source/microbit-dal.a(MicroBitUARTService.cpp.o)
                0x0001c338                on_confirmation(unsigned short)
 .text._ZN19MicroBitUARTServiceC2ER3BLEhh
                0x0001c36c      0x180 ym/microbit-dal/source/microbit-dal.a(MicroBitUARTService.cpp.o)
                0x0001c36c                MicroBitUARTService::MicroBitUARTService(BLE&, unsigned char, unsigned char)
                0x0001c36c                MicroBitUARTService::MicroBitUARTService(BLE&, unsigned char, unsigned char)
 .text._ZN19MicroBitUARTService14txBufferedSizeEv
                0x0001c4ec       0x20 ym/microbit-dal/source/microbit-dal.a(MicroBitUARTService.cpp.o)
                0x0001c4ec                MicroBitUARTService::txBufferedSize()
 .text._ZN19MicroBitUARTService4sendEPKhi18MicroBitSerialMode
                0x0001c50c      0x17c ym/microbit-dal/source/microbit-dal.a(MicroBitUARTService.cpp.o)
                0x0001c50c                MicroBitUARTService::send(unsigned char const*, int, MicroBitSerialMode)
 .text          0x0001c688      0x124 ym/microbit-dal/source/microbit-dal.a(CortexContextSwitch.s.obj)
                0x0001c688                swap_context
                0x0001c70a                save_context
                0x0001c74e                save_register_context
                0x0001c77e                restore_register_context
 .text._Z14string_reversePc
                0x0001c7ac       0x2c ym/microbit-dal/source/microbit-dal.a(MicroBitCompat.cpp.o)
                0x0001c7ac                string_reverse(char*)
 .text._Z4itoaiPc
                0x0001c7d8       0x68 ym/microbit-dal/source/microbit-dal.a(MicroBitCompat.cpp.o)
                0x0001c7d8                itoa(int, char*)
 .text._ZN7Matrix4C2Eii
                0x0001c840       0x34 ym/microbit-dal/source/microbit-dal.a(Matrix4.cpp.o)
                0x0001c840                Matrix4::Matrix4(int, int)
                0x0001c840                Matrix4::Matrix4(int, int)
 .text._ZN7Matrix4C2ERKS_
                0x0001c874       0x44 ym/microbit-dal/source/microbit-dal.a(Matrix4.cpp.o)
                0x0001c874                Matrix4::Matrix4(Matrix4 const&)
                0x0001c874                Matrix4::Matrix4(Matrix4 const&)
 .text._ZN13MicroBitImageC2Ev
                0x0001c8b8        0xc ym/microbit-dal/source/microbit-dal.a(MicroBitImage.cpp.o)
                0x0001c8b8                MicroBitImage::MicroBitImage()
                0x0001c8b8                MicroBitImage::MicroBitImage()
 .text._ZN13MicroBitImage13setPixelValueEssh
                0x0001c8c4       0x2c ym/microbit-dal/source/microbit-dal.a(MicroBitImage.cpp.o)
                0x0001c8c4                MicroBitImage::setPixelValue(short, short, unsigned char)
 .text._ZN13MicroBitImage10printImageEssPKh
                0x0001c8f0       0x60 ym/microbit-dal/source/microbit-dal.a(MicroBitImage.cpp.o)
                0x0001c8f0                MicroBitImage::printImage(short, short, unsigned char const*)
 .text._ZN13MicroBitImage4initEssPKh
                0x0001c950       0x4c ym/microbit-dal/source/microbit-dal.a(MicroBitImage.cpp.o)
                0x0001c950                MicroBitImage::init(short, short, unsigned char const*)
 .text._ZN13MicroBitImageC2EPKc
                0x0001c99c       0xa0 ym/microbit-dal/source/microbit-dal.a(MicroBitImage.cpp.o)
                0x0001c99c                MicroBitImage::MicroBitImage(char const*)
                0x0001c99c                MicroBitImage::MicroBitImage(char const*)
 .text._ZN13MicroBitImage5printEcss
                0x0001ca3c       0x90 ym/microbit-dal/source/microbit-dal.a(MicroBitImage.cpp.o)
                0x0001ca3c                MicroBitImage::print(char, short, short)
 .text._ZN13MicroBitImage9shiftLeftEs
                0x0001cacc       0x50 ym/microbit-dal/source/microbit-dal.a(MicroBitImage.cpp.o)
                0x0001cacc                MicroBitImage::shiftLeft(short)
 .text.startup._GLOBAL__sub_I__ZN13MicroBitImage10EmptyImageE
                0x0001cb1c       0x28 ym/microbit-dal/source/microbit-dal.a(MicroBitImage.cpp.o)
 .text._ZN3BLE8InstanceEj
                0x0001cb44       0x60 ym/ble/source/ble.a(BLE.cpp.o)
                0x0001cb44                BLE::Instance(unsigned int)
 .text._ZN3BLEC2Ej
                0x0001cba4       0x2c ym/ble/source/ble.a(BLE.cpp.o)
                0x0001cba4                BLE::BLE(unsigned int)
                0x0001cba4                BLE::BLE(unsigned int)
 .text._ZNK3BLE3gapEv
                0x0001cbd0       0x20 ym/ble/source/ble.a(BLE.cpp.o)
                0x0001cbd0                BLE::gap() const
 .text._ZNK3BLE10gattServerEv
                0x0001cbf0       0x20 ym/ble/source/ble.a(BLE.cpp.o)
                0x0001cbf0                BLE::gattServer() const
 .text._ZNK3BLE15securityManagerEv
                0x0001cc10       0x20 ym/ble/source/ble.a(BLE.cpp.o)
                0x0001cc10                BLE::securityManager() const
 .text._ZL16sys_evt_dispatchm
                0x0001cc30       0x1c ym/ble-nrf51822/source/ble-nrf51822.a(btle.cpp.o)
 .text._ZL12btle_handlerP9ble_evt_t
                0x0001cc4c      0x18c ym/ble-nrf51822/source/ble-nrf51822.a(btle.cpp.o)
 .text.btle_set_user_evt_handler
                0x0001cdd8        0xc ym/ble-nrf51822/source/ble-nrf51822.a(btle.cpp.o)
                0x0001cdd8                btle_set_user_evt_handler
 .text.btle_init
                0x0001cde4       0xa8 ym/ble-nrf51822/source/ble-nrf51822.a(btle.cpp.o)
                0x0001cde4                btle_init
 .text.app_error_handler
                0x0001ce8c       0x20 ym/ble-nrf51822/source/ble-nrf51822.a(btle.cpp.o)
                0x0001ce8c                app_error_handler
 .text._Z13btle_gap_initv
                0x0001ceac       0x54 ym/ble-nrf51822/source/ble-nrf51822.a(btle_gap.cpp.o)
                0x0001ceac                btle_gap_init()
 .text._ZN15nRF5xGattServer4readEtPhPt
                0x0001cf00       0x18 ym/ble-nrf51822/source/ble-nrf51822.a(nRF5xGattServer.cpp.o)
                0x0001cf00                nRF5xGattServer::read(unsigned short, unsigned char*, unsigned short*)
 .text._ZN15nRF5xGattServer5writeEtPKhtb
                0x0001cf18       0x1c ym/ble-nrf51822/source/ble-nrf51822.a(nRF5xGattServer.cpp.o)
                0x0001cf18                nRF5xGattServer::write(unsigned short, unsigned char const*, unsigned short, bool)
 .text._ZN15nRF5xGattServer5writeEttPKhtb
                0x0001cf34       0xf0 ym/ble-nrf51822/source/ble-nrf51822.a(nRF5xGattServer.cpp.o)
                0x0001cf34                nRF5xGattServer::write(unsigned short, unsigned short, unsigned char const*, unsigned short, bool)
 .text._ZN15nRF5xGattServer10addServiceER11GattService
                0x0001d024      0x1dc ym/ble-nrf51822/source/ble-nrf51822.a(nRF5xGattServer.cpp.o)
                0x0001d024                nRF5xGattServer::addService(GattService&)
 .text._ZN26FunctionPointerWithContextItEC2EPFvtE
                0x0001d200       0x20 ym/ble-nrf51822/source/ble-nrf51822.a(nRF5xGattServer.cpp.o)
                0x0001d200                FunctionPointerWithContext<unsigned short>::FunctionPointerWithContext(void (*)(unsigned short))
                0x0001d200                FunctionPointerWithContext<unsigned short>::FunctionPointerWithContext(void (*)(unsigned short))
 .text._ZN15nRF5xGattServer5resetEv
                0x0001d220       0x50 ym/ble-nrf51822/source/ble-nrf51822.a(nRF5xGattServer.cpp.o)
                0x0001d220                nRF5xGattServer::reset()
 .text._ZN8nRF5xGap25getPermittedTxPowerValuesEPPKaPj
                0x0001d270       0x10 ym/ble-nrf51822/source/ble-nrf51822.a(nRF5xGap.cpp.o)
                0x0001d270                nRF5xGap::getPermittedTxPowerValues(signed char const**, unsigned int*)
 .text._Z31radioNotificationStaticCallbackb
                0x0001d280       0x3c ym/ble-nrf51822/source/ble-nrf51822.a(nRF5xGap.cpp.o)
                0x0001d280                radioNotificationStaticCallback(bool)
 .text._ZN8nRF5xGap21initRadioNotificationEv
                0x0001d2bc       0x20 ym/ble-nrf51822/source/ble-nrf51822.a(nRF5xGap.cpp.o)
                0x0001d2bc                nRF5xGap::initRadioNotification()
 .text._ZN3Gap5resetEv
                0x0001d2dc       0xf4 ym/ble-nrf51822/source/ble-nrf51822.a(nRF5xGap.cpp.o)
                0x0001d2dc                Gap::reset()
 .text._ZN8nRF5xGap22generateStackWhitelistER19ble_gap_whitelist_t
                0x0001d3d0       0xdc ym/ble-nrf51822/source/ble-nrf51822.a(nRF5xGap.cpp.o)
                0x0001d3d0                nRF5xGap::generateStackWhitelist(ble_gap_whitelist_t&)
 .text._ZN8nRF5xGap16startAdvertisingERK20GapAdvertisingParams
                0x0001d4ac       0x44 ym/ble-nrf51822/source/ble-nrf51822.a(nRF5xGap.cpp.o)
                0x0001d4ac                nRF5xGap::startAdvertising(GapAdvertisingParams const&)
 .text._ZN8nRF5xGap7connectEPKhN11BLEProtocol11AddressType4TypeEPKN3Gap18ConnectionParams_tEPK17GapScanningParams
                0x0001d4f0      0x10c ym/ble-nrf51822/source/ble-nrf51822.a(nRF5xGap.cpp.o)
                0x0001d4f0                nRF5xGap::connect(unsigned char const*, BLEProtocol::AddressType::Type, Gap::ConnectionParams_t const*, GapScanningParams const*)
 .text._ZNK3Gap25getMaxAdvertisingIntervalEv
                0x0001d5fc        0x8 ym/ble-nrf51822/source/ble-nrf51822.a(nRF5xn.cpp.o)
                0x0001d5fc                Gap::getMaxAdvertisingInterval() const
 .text._ZN10GattClient16discoverServicesEt26FunctionPointerWithContextIPK17DiscoveredServiceERK4UUID
                0x0001d604       0x60 ym/ble-nrf51822/source/ble-nrf51822.a(nRF5xn.cpp.o)
                0x0001d604                GattClient::discoverServices(unsigned short, FunctionPointerWithContext<DiscoveredService const*>, UUID const&)
 .text._ZN6nRF5xn18getSecurityManagerEv
                0x0001d664       0x34 ym/ble-nrf51822/source/ble-nrf51822.a(nRF5xn.cpp.o)
                0x0001d664                nRF5xn::getSecurityManager()
 .text._ZN6nRF5xn13getGattClientEv
                0x0001d698       0x48 ym/ble-nrf51822/source/ble-nrf51822.a(nRF5xn.cpp.o)
                0x0001d698                nRF5xn::getGattClient()
 .text._ZN6nRF5xn10getVersionEv
                0x0001d6e0       0x74 ym/ble-nrf51822/source/ble-nrf51822.a(nRF5xn.cpp.o)
                0x0001d6e0                nRF5xn::getVersion()
 .text._ZN38CallChainOfFunctionPointersWithContextIPK23GattWriteCallbackParamsED2Ev
                0x0001d754       0x14 ym/ble-nrf51822/source/ble-nrf51822.a(nRF5xn.cpp.o)
                0x0001d754                CallChainOfFunctionPointersWithContext<GattWriteCallbackParams const*>::~CallChainOfFunctionPointersWithContext()
                0x0001d754                CallChainOfFunctionPointersWithContext<GattWriteCallbackParams const*>::~CallChainOfFunctionPointersWithContext()
 .text._ZN38CallChainOfFunctionPointersWithContextIPK22GattReadCallbackParamsED2Ev
                0x0001d768       0x14 ym/ble-nrf51822/source/ble-nrf51822.a(nRF5xn.cpp.o)
                0x0001d768                CallChainOfFunctionPointersWithContext<GattReadCallbackParams const*>::~CallChainOfFunctionPointersWithContext()
                0x0001d768                CallChainOfFunctionPointersWithContext<GattReadCallbackParams const*>::~CallChainOfFunctionPointersWithContext()
 .text._ZN38CallChainOfFunctionPointersWithContextIjED2Ev
                0x0001d77c       0x20 ym/ble-nrf51822/source/ble-nrf51822.a(nRF5xn.cpp.o)
                0x0001d77c                CallChainOfFunctionPointersWithContext<unsigned int>::~CallChainOfFunctionPointersWithContext()
                0x0001d77c                CallChainOfFunctionPointersWithContext<unsigned int>::~CallChainOfFunctionPointersWithContext()
 .text._ZN38CallChainOfFunctionPointersWithContextIPK32GattSysAttrMissingCallbackParamsED2Ev
                0x0001d79c       0x20 ym/ble-nrf51822/source/ble-nrf51822.a(nRF5xn.cpp.o)
                0x0001d79c                CallChainOfFunctionPointersWithContext<GattSysAttrMissingCallbackParams const*>::~CallChainOfFunctionPointersWithContext()
                0x0001d79c                CallChainOfFunctionPointersWithContext<GattSysAttrMissingCallbackParams const*>::~CallChainOfFunctionPointersWithContext()
 .text._ZN38CallChainOfFunctionPointersWithContextIPK10GattServerED2Ev
                0x0001d7bc       0x20 ym/ble-nrf51822/source/ble-nrf51822.a(nRF5xn.cpp.o)
                0x0001d7bc                CallChainOfFunctionPointersWithContext<GattServer const*>::~CallChainOfFunctionPointersWithContext()
                0x0001d7bc                CallChainOfFunctionPointersWithContext<GattServer const*>::~CallChainOfFunctionPointersWithContext()
 .text._ZN38CallChainOfFunctionPointersWithContextIPK21GattHVXCallbackParamsED2Ev
                0x0001d7dc       0x20 ym/ble-nrf51822/source/ble-nrf51822.a(nRF5xn.cpp.o)
                0x0001d7dc                CallChainOfFunctionPointersWithContext<GattHVXCallbackParams const*>::~CallChainOfFunctionPointersWithContext()
                0x0001d7dc                CallChainOfFunctionPointersWithContext<GattHVXCallbackParams const*>::~CallChainOfFunctionPointersWithContext()
 .text._ZN38CallChainOfFunctionPointersWithContextIN3Gap15TimeoutSource_tEED2Ev
                0x0001d7fc       0x20 ym/ble-nrf51822/source/ble-nrf51822.a(nRF5xn.cpp.o)
                0x0001d7fc                CallChainOfFunctionPointersWithContext<Gap::TimeoutSource_t>::~CallChainOfFunctionPointersWithContext()
                0x0001d7fc                CallChainOfFunctionPointersWithContext<Gap::TimeoutSource_t>::~CallChainOfFunctionPointersWithContext()
 .text._ZN38CallChainOfFunctionPointersWithContextIPKN3Gap26ConnectionCallbackParams_tEED2Ev
                0x0001d81c       0x20 ym/ble-nrf51822/source/ble-nrf51822.a(nRF5xn.cpp.o)
                0x0001d81c                CallChainOfFunctionPointersWithContext<Gap::ConnectionCallbackParams_t const*>::~CallChainOfFunctionPointersWithContext()
                0x0001d81c                CallChainOfFunctionPointersWithContext<Gap::ConnectionCallbackParams_t const*>::~CallChainOfFunctionPointersWithContext()
 .text._ZN38CallChainOfFunctionPointersWithContextIPKN3Gap29DisconnectionCallbackParams_tEED2Ev
                0x0001d83c       0x20 ym/ble-nrf51822/source/ble-nrf51822.a(nRF5xn.cpp.o)
                0x0001d83c                CallChainOfFunctionPointersWithContext<Gap::DisconnectionCallbackParams_t const*>::~CallChainOfFunctionPointersWithContext()
                0x0001d83c                CallChainOfFunctionPointersWithContext<Gap::DisconnectionCallbackParams_t const*>::~CallChainOfFunctionPointersWithContext()
 .text._ZN38CallChainOfFunctionPointersWithContextIPK3GapED2Ev
                0x0001d85c       0x20 ym/ble-nrf51822/source/ble-nrf51822.a(nRF5xn.cpp.o)
                0x0001d85c                CallChainOfFunctionPointersWithContext<Gap const*>::~CallChainOfFunctionPointersWithContext()
                0x0001d85c                CallChainOfFunctionPointersWithContext<Gap const*>::~CallChainOfFunctionPointersWithContext()
 .text._ZN38CallChainOfFunctionPointersWithContextIPK15SecurityManagerED2Ev
                0x0001d87c       0x20 ym/ble-nrf51822/source/ble-nrf51822.a(nRF5xn.cpp.o)
                0x0001d87c                CallChainOfFunctionPointersWithContext<SecurityManager const*>::~CallChainOfFunctionPointersWithContext()
                0x0001d87c                CallChainOfFunctionPointersWithContext<SecurityManager const*>::~CallChainOfFunctionPointersWithContext()
 .text._ZN38CallChainOfFunctionPointersWithContextIPK10GattClientED2Ev
                0x0001d89c       0x20 ym/ble-nrf51822/source/ble-nrf51822.a(nRF5xn.cpp.o)
                0x0001d89c                CallChainOfFunctionPointersWithContext<GattClient const*>::~CallChainOfFunctionPointersWithContext()
                0x0001d89c                CallChainOfFunctionPointersWithContext<GattClient const*>::~CallChainOfFunctionPointersWithContext()
 .text._ZNK6nRF5xn18getSecurityManagerEv
                0x0001d8bc       0x34 ym/ble-nrf51822/source/ble-nrf51822.a(nRF5xn.cpp.o)
                0x0001d8bc                nRF5xn::getSecurityManager() const
 .text._ZN6nRF5xnD2Ev
                0x0001d8f0       0x60 ym/ble-nrf51822/source/ble-nrf51822.a(nRF5xn.cpp.o)
                0x0001d8f0                nRF5xn::~nRF5xn()
                0x0001d8f0                nRF5xn::~nRF5xn()
 .text._ZN6nRF5xnC2Ev
                0x0001d950      0x13c ym/ble-nrf51822/source/ble-nrf51822.a(nRF5xn.cpp.o)
                0x0001d950                nRF5xn::nRF5xn()
                0x0001d950                nRF5xn::nRF5xn()
 .text._ZN6nRF5xn8InstanceEj
                0x0001da8c       0x24 ym/ble-nrf51822/source/ble-nrf51822.a(nRF5xn.cpp.o)
                0x0001da8c                nRF5xn::Instance(unsigned int)
 .text._ZN15nRF5xGattServerC2Ev
                0x0001dab0       0xc0 ym/ble-nrf51822/source/ble-nrf51822.a(nRF5xn.cpp.o)
                0x0001dab0                nRF5xGattServer::nRF5xGattServer()
                0x0001dab0                nRF5xGattServer::nRF5xGattServer()
 .text._Z27btle_hasInitializedSecurityv
                0x0001db70        0xc ym/ble-nrf51822/source/ble-nrf51822.a(btle_security.cpp.o)
                0x0001db70                btle_hasInitializedSecurity()
 .text._Z23btle_initializeSecuritybbN15SecurityManager24SecurityIOCapabilities_tEPKh
                0x0001db7c       0xc4 ym/ble-nrf51822/source/ble-nrf51822.a(btle_security.cpp.o)
                0x0001db7c                btle_initializeSecurity(bool, bool, SecurityManager::SecurityIOCapabilities_t, unsigned char const*)
 .text._Z25btle_purgeAllBondingStatev
                0x0001dc40       0x20 ym/ble-nrf51822/source/ble-nrf51822.a(btle_security.cpp.o)
                0x0001dc40                btle_purgeAllBondingState()
 .text._Z20btle_getLinkSecuritytPN15SecurityManager20LinkSecurityStatus_tE
                0x0001dc60       0x54 ym/ble-nrf51822/source/ble-nrf51822.a(btle_security.cpp.o)
                0x0001dc60                btle_getLinkSecurity(unsigned short, SecurityManager::LinkSecurityStatus_t*)
 .text._Z20btle_setLinkSecuritytN15SecurityManager14SecurityMode_tE
                0x0001dcb4       0x50 ym/ble-nrf51822/source/ble-nrf51822.a(btle_security.cpp.o)
                0x0001dcb4                btle_setLinkSecurity(unsigned short, SecurityManager::SecurityMode_t)
 .text._Z33btle_createWhitelistFromBondTableP19ble_gap_whitelist_t
                0x0001dd04       0x2c ym/ble-nrf51822/source/ble-nrf51822.a(btle_security.cpp.o)
                0x0001dd04                btle_createWhitelistFromBondTable(ble_gap_whitelist_t*)
 .text.custom_convert_to_nordic_uuid
                0x0001dd30       0xa4 ym/ble-nrf51822/source/ble-nrf51822.a(custom_helper.cpp.o)
                0x0001dd30                custom_convert_to_nordic_uuid
 .text._ZN17GapScanningParamsC2Etttb
                0x0001ddd4       0x60 ym/ble/source/ble.a(GapScanningParams.cpp.o)
                0x0001ddd4                GapScanningParams::GapScanningParams(unsigned short, unsigned short, unsigned short, bool)
                0x0001ddd4                GapScanningParams::GapScanningParams(unsigned short, unsigned short, unsigned short, bool)
 .text.SWI1_IRQHandler
                0x0001de34       0x20 ym/nrf51-sdk/source/nrf51-sdk.a(ble_radio_notification.c.o)
                0x0001de34                SWI1_IRQHandler
 .text.ble_radio_notification_init
                0x0001de54       0x38 ym/nrf51-sdk/source/nrf51-sdk.a(ble_radio_notification.c.o)
                0x0001de54                ble_radio_notification_init
 .text.gatts_context_store
                0x0001de8c       0xc0 ym/nrf51-sdk/source/nrf51-sdk.a(device_manager_peripheral.c.o)
 .text.device_context_store
                0x0001df4c       0xb0 ym/nrf51-sdk/source/nrf51-sdk.a(device_manager_peripheral.c.o)
 .text.gatts_context_apply
                0x0001dffc       0xc0 ym/nrf51-sdk/source/nrf51-sdk.a(device_manager_peripheral.c.o)
 .text.gatts_context_load
                0x0001e0bc       0x34 ym/nrf51-sdk/source/nrf51-sdk.a(device_manager_peripheral.c.o)
 .text.peer_instance_init
                0x0001e0f0       0x48 ym/nrf51-sdk/source/nrf51-sdk.a(device_manager_peripheral.c.o)
 .text.device_instance_free
                0x0001e138       0x2c ym/nrf51-sdk/source/nrf51-sdk.a(device_manager_peripheral.c.o)
 .text.dm_pstorage_cb_handler
                0x0001e164      0x128 ym/nrf51-sdk/source/nrf51-sdk.a(device_manager_peripheral.c.o)
 .text.dm_init  0x0001e28c       0xd4 ym/nrf51-sdk/source/nrf51-sdk.a(device_manager_peripheral.c.o)
                0x0001e28c                dm_init
 .text.dm_register
                0x0001e360       0x70 ym/nrf51-sdk/source/nrf51-sdk.a(device_manager_peripheral.c.o)
                0x0001e360                dm_register
 .text.dm_security_status_req
                0x0001e3d0       0x74 ym/nrf51-sdk/source/nrf51-sdk.a(device_manager_peripheral.c.o)
                0x0001e3d0                dm_security_status_req
 .text.dm_whitelist_create
                0x0001e444       0xbc ym/nrf51-sdk/source/nrf51-sdk.a(device_manager_peripheral.c.o)
                0x0001e444                dm_whitelist_create
 .text.dm_device_delete_all
                0x0001e500       0x54 ym/nrf51-sdk/source/nrf51-sdk.a(device_manager_peripheral.c.o)
                0x0001e500                dm_device_delete_all
 .text.bond_data_load
                0x0001e554       0x48 ym/nrf51-sdk/source/nrf51-sdk.a(device_manager_peripheral.c.o)
                0x0001e554                bond_data_load
 .text.address_to_device_id
                0x0001e59c       0x2c ym/nrf51-sdk/source/nrf51-sdk.a(device_manager_peripheral.c.o)
                0x0001e59c                address_to_device_id
 .text.dm_ble_evt_handler
                0x0001e5c8      0x38c ym/nrf51-sdk/source/nrf51-sdk.a(device_manager_peripheral.c.o)
                0x0001e5c8                dm_ble_evt_handler
 .text.dm_handle_get
                0x0001e954       0x48 ym/nrf51-sdk/source/nrf51-sdk.a(device_manager_peripheral.c.o)
                0x0001e954                dm_handle_get
 .text.intern_softdevice_events_execute
                0x0001e99c       0xa0 ym/nrf51-sdk/source/nrf51-sdk.a(softdevice_handler.c.o)
                0x0001e99c                intern_softdevice_events_execute
 .text.softdevice_handler_init
                0x0001ea3c       0x48 ym/nrf51-sdk/source/nrf51-sdk.a(softdevice_handler.c.o)
                0x0001ea3c                softdevice_handler_init
 .text.softdevice_handler_sd_disable
                0x0001ea84       0x18 ym/nrf51-sdk/source/nrf51-sdk.a(softdevice_handler.c.o)
                0x0001ea84                softdevice_handler_sd_disable
 .text.softdevice_ble_evt_handler_set
                0x0001ea9c       0x14 ym/nrf51-sdk/source/nrf51-sdk.a(softdevice_handler.c.o)
                0x0001ea9c                softdevice_ble_evt_handler_set
 .text.softdevice_sys_evt_handler_set
                0x0001eab0       0x14 ym/nrf51-sdk/source/nrf51-sdk.a(softdevice_handler.c.o)
                0x0001eab0                softdevice_sys_evt_handler_set
 .text.SWI2_IRQHandler
                0x0001eac4       0x24 ym/nrf51-sdk/source/nrf51-sdk.a(softdevice_handler.c.o)
                0x0001eac4                SWI2_IRQHandler
 .text.pstorage_flash_page_end
                0x0001eae8       0x20 ym/nrf51-sdk/source/nrf51-sdk.a(pstorage.c.o)
 .text.swap_sub_state_entry_action_run
                0x0001eb08       0x18 ym/nrf51-sdk/source/nrf51-sdk.a(pstorage.c.o)
 .text.app_notify
                0x0001eb20       0x2c ym/nrf51-sdk/source/nrf51-sdk.a(pstorage.c.o)
 .text.is_page_erase_required
                0x0001eb4c       0x50 ym/nrf51-sdk/source/nrf51-sdk.a(pstorage.c.o)
 .text.swap_sub_state_err_busy_process
                0x0001eb9c       0x18 ym/nrf51-sdk/source/nrf51-sdk.a(pstorage.c.o)
 .text.data_to_swap_write_state_run
                0x0001ebb4       0x30 ym/nrf51-sdk/source/nrf51-sdk.a(pstorage.c.o)
 .text.swap_erase_state_run
                0x0001ebe4       0x24 ym/nrf51-sdk/source/nrf51-sdk.a(pstorage.c.o)
 .text.flash_api_err_code_process
                0x0001ec08       0x40 ym/nrf51-sdk/source/nrf51-sdk.a(pstorage.c.o)
 .text.store_cmd_flash_write_execute
                0x0001ec48       0x54 ym/nrf51-sdk/source/nrf51-sdk.a(pstorage.c.o)
 .text.state_restore_head_entry_run
                0x0001ec9c       0x34 ym/nrf51-sdk/source/nrf51-sdk.a(pstorage.c.o)
 .text.state_restore_tail_entry_run
                0x0001ecd0       0x48 ym/nrf51-sdk/source/nrf51-sdk.a(pstorage.c.o)
 .text.state_write_data_swap_entry_run
                0x0001ed18       0x2c ym/nrf51-sdk/source/nrf51-sdk.a(pstorage.c.o)
 .text.state_data_erase_entry_run
                0x0001ed44       0x14 ym/nrf51-sdk/source/nrf51-sdk.a(pstorage.c.o)
 .text.state_entry_action_run
                0x0001ed58       0xc4 ym/nrf51-sdk/source/nrf51-sdk.a(pstorage.c.o)
 .text.clear_operation_execute
                0x0001ee1c      0x114 ym/nrf51-sdk/source/nrf51-sdk.a(pstorage.c.o)
 .text.cmd_process
                0x0001ef30       0x3c ym/nrf51-sdk/source/nrf51-sdk.a(pstorage.c.o)
 .text.cmd_queue_enqueue
                0x0001ef6c       0x54 ym/nrf51-sdk/source/nrf51-sdk.a(pstorage.c.o)
 .text.command_end_procedure_run
                0x0001efc0       0x54 ym/nrf51-sdk/source/nrf51-sdk.a(pstorage.c.o)
 .text.clear_post_processing_run
                0x0001f014       0x2c ym/nrf51-sdk/source/nrf51-sdk.a(pstorage.c.o)
 .text.head_restore_state_run
                0x0001f040       0x9c ym/nrf51-sdk/source/nrf51-sdk.a(pstorage.c.o)
 .text.tail_restore_state_run
                0x0001f0dc       0x1c ym/nrf51-sdk/source/nrf51-sdk.a(pstorage.c.o)
 .text.data_page_erase_state_run
                0x0001f0f8       0x78 ym/nrf51-sdk/source/nrf51-sdk.a(pstorage.c.o)
 .text.flash_operation_success_run
                0x0001f170       0x98 ym/nrf51-sdk/source/nrf51-sdk.a(pstorage.c.o)
 .text.pstorage_sys_event_handler
                0x0001f208       0x68 ym/nrf51-sdk/source/nrf51-sdk.a(pstorage.c.o)
                0x0001f208                pstorage_sys_event_handler
 .text.pstorage_init
                0x0001f270       0x80 ym/nrf51-sdk/source/nrf51-sdk.a(pstorage.c.o)
                0x0001f270                pstorage_init
 .text.pstorage_register
                0x0001f2f0       0xbc ym/nrf51-sdk/source/nrf51-sdk.a(pstorage.c.o)
                0x0001f2f0                pstorage_register
 .text.pstorage_block_identifier_get
                0x0001f3ac       0x4c ym/nrf51-sdk/source/nrf51-sdk.a(pstorage.c.o)
                0x0001f3ac                pstorage_block_identifier_get
 .text.pstorage_store
                0x0001f3f8       0x78 ym/nrf51-sdk/source/nrf51-sdk.a(pstorage.c.o)
                0x0001f3f8                pstorage_store
 .text.pstorage_update
                0x0001f470       0x78 ym/nrf51-sdk/source/nrf51-sdk.a(pstorage.c.o)
                0x0001f470                pstorage_update
 .text.pstorage_load
                0x0001f4e8       0x94 ym/nrf51-sdk/source/nrf51-sdk.a(pstorage.c.o)
                0x0001f4e8                pstorage_load
 .text.pstorage_clear
                0x0001f57c       0x84 ym/nrf51-sdk/source/nrf51-sdk.a(pstorage.c.o)
                0x0001f57c                pstorage_clear
 .text._ZN4mbed3I2CC2E7PinNameS1_
                0x0001f600       0x30 ym/mbed-classic/existing/mbed-classic.a(I2C.cpp.o)
                0x0001f600                mbed::I2C::I2C(PinName, PinName)
                0x0001f600                mbed::I2C::I2C(PinName, PinName)
 .text._ZN4mbed3I2C6aquireEv
                0x0001f630       0x1c ym/mbed-classic/existing/mbed-classic.a(I2C.cpp.o)
                0x0001f630                mbed::I2C::aquire()
 .text._ZN4mbed11InterruptInD2Ev
                0x0001f64c       0x18 ym/mbed-classic/existing/mbed-classic.a(InterruptIn.cpp.o)
                0x0001f64c                mbed::InterruptIn::~InterruptIn()
                0x0001f64c                mbed::InterruptIn::~InterruptIn()
 .text._ZN4mbed11InterruptInC2E7PinName
                0x0001f664       0x48 ym/mbed-classic/existing/mbed-classic.a(InterruptIn.cpp.o)
                0x0001f664                mbed::InterruptIn::InterruptIn(PinName)
                0x0001f664                mbed::InterruptIn::InterruptIn(PinName)
 .text._ZN4mbed9RawSerialC2E7PinNameS1_
                0x0001f6ac       0x14 ym/mbed-classic/existing/mbed-classic.a(RawSerial.cpp.o)
                0x0001f6ac                mbed::RawSerial::RawSerial(PinName, PinName)
                0x0001f6ac                mbed::RawSerial::RawSerial(PinName, PinName)
 .text._ZN4mbed10SerialBaseC2E7PinNameS1_
                0x0001f6c0       0x3c ym/mbed-classic/existing/mbed-classic.a(SerialBase.cpp.o)
                0x0001f6c0                mbed::SerialBase::SerialBase(PinName, PinName)
                0x0001f6c0                mbed::SerialBase::SerialBase(PinName, PinName)
 .text._ZN4mbed6TickerD2Ev
                0x0001f6fc       0x1c ym/mbed-classic/existing/mbed-classic.a(Ticker.cpp.o)
                0x0001f6fc                mbed::Ticker::~Ticker()
                0x0001f6fc                mbed::Ticker::~Ticker()
 .text._ZN4mbed7TimeoutD2Ev
                0x0001f718       0x1c ym/mbed-classic/existing/mbed-classic.a(Timeout.cpp.o)
                0x0001f718                mbed::Timeout::~Timeout()
                0x0001f718                mbed::Timeout::~Timeout()
 .text._ZN4mbed10TimerEventC2Ev
                0x0001f734       0x2c ym/mbed-classic/existing/mbed-classic.a(TimerEvent.cpp.o)
                0x0001f734                mbed::TimerEvent::TimerEvent()
                0x0001f734                mbed::TimerEvent::TimerEvent()
 .text._ZN4mbed10TimerEventD2Ev
                0x0001f760       0x18 ym/mbed-classic/existing/mbed-classic.a(TimerEvent.cpp.o)
                0x0001f760                mbed::TimerEvent::~TimerEvent()
                0x0001f760                mbed::TimerEvent::~TimerEvent()
 .text._sbrk    0x0001f778       0x28 ym/mbed-classic/existing/mbed-classic.a(retarget.cpp.o)
                0x0001f778                _sbrk
 .text.get_us_ticker_data
                0x0001f7a0        0x8 ym/mbed-classic/existing/mbed-classic.a(us_ticker_api.c.o)
                0x0001f7a0                get_us_ticker_data
 .text.us_ticker_irq_handler
                0x0001f7a8       0x10 ym/mbed-classic/existing/mbed-classic.a(us_ticker_api.c.o)
                0x0001f7a8                us_ticker_irq_handler
 .text          0x0001f7b8       0x48 ym/mbed-classic/existing/mbed-classic.a(startup_NRF51822.S.obj)
                0x0001f7b8                Reset_Handler
                0x0001f7f4                NMI_Handler
                0x0001f7f6                HardFault_Handler
                0x0001f7f8                SVC_Handler
                0x0001f7fa                PendSV_Handler
                0x0001f7fc                SysTick_Handler
                0x0001f7fe                POWER_CLOCK_IRQHandler
                0x0001f7fe                RTC0_IRQHandler
                0x0001f7fe                SWI4_IRQHandler
                0x0001f7fe                TEMP_IRQHandler
                0x0001f7fe                QDEC_IRQHandler
                0x0001f7fe                SWI5_IRQHandler
                0x0001f7fe                TIMER0_IRQHandler
                0x0001f7fe                LPCOMP_IRQHandler
                0x0001f7fe                SWI0_IRQHandler
                0x0001f7fe                ECB_IRQHandler
                0x0001f7fe                Default_Handler
                0x0001f7fe                ADC_IRQHandler
                0x0001f7fe                SWI3_IRQHandler
                0x0001f7fe                CCM_AAR_IRQHandler
                0x0001f7fe                WDT_IRQHandler
                0x0001f7fe                SPI0_TWI0_IRQHandler
                0x0001f7fe                RNG_IRQHandler
                0x0001f7fe                SPI1_TWI1_IRQHandler
                0x0001f7fe                RTC1_IRQHandler
 .text.analogin_init
                0x0001f800       0x4c ym/mbed-classic/existing/mbed-classic.a(analogin_api.c.o)
                0x0001f800                analogin_init
 .text.analogin_read_u16
                0x0001f84c       0x3c ym/mbed-classic/existing/mbed-classic.a(analogin_api.c.o)
                0x0001f84c                analogin_read_u16
 .text.analogin_read
                0x0001f888       0x18 ym/mbed-classic/existing/mbed-classic.a(analogin_api.c.o)
                0x0001f888                analogin_read
 .text.gpio_init
                0x0001f8a0       0x30 ym/mbed-classic/existing/mbed-classic.a(gpio_api.c.o)
                0x0001f8a0                gpio_init
 .text.GPIOTE_IRQHandler
                0x0001f8d0       0xf4 ym/mbed-classic/existing/mbed-classic.a(gpio_irq_api.c.o)
                0x0001f8d0                GPIOTE_IRQHandler
 .text.gpio_irq_init
                0x0001f9c4       0x60 ym/mbed-classic/existing/mbed-classic.a(gpio_irq_api.c.o)
                0x0001f9c4                gpio_irq_init
 .text.gpio_irq_free
                0x0001fa24       0x10 ym/mbed-classic/existing/mbed-classic.a(gpio_irq_api.c.o)
                0x0001fa24                gpio_irq_free
 .text.gpio_irq_set
                0x0001fa34       0x9c ym/mbed-classic/existing/mbed-classic.a(gpio_irq_api.c.o)
                0x0001fa34                gpio_irq_set
 .text.i2c_do_write
                0x0001fad0       0x28 ym/mbed-classic/existing/mbed-classic.a(i2c_api.c.o)
                0x0001fad0                i2c_do_write
 .text.i2c_do_read
                0x0001faf8       0x3c ym/mbed-classic/existing/mbed-classic.a(i2c_api.c.o)
                0x0001faf8                i2c_do_read
 .text.i2c_frequency
                0x0001fb34       0x48 ym/mbed-classic/existing/mbed-classic.a(i2c_api.c.o)
                0x0001fb34                i2c_frequency
 .text.twi_master_init
                0x0001fb7c       0x48 ym/mbed-classic/existing/mbed-classic.a(i2c_api.c.o)
                0x0001fb7c                twi_master_init
 .text.i2c_init
                0x0001fbc4       0xc4 ym/mbed-classic/existing/mbed-classic.a(i2c_api.c.o)
                0x0001fbc4                i2c_init
 .text.i2c_reset
                0x0001fc88       0x30 ym/mbed-classic/existing/mbed-classic.a(i2c_api.c.o)
                0x0001fc88                i2c_reset
 .text.i2c_stop
                0x0001fcb8       0x34 ym/mbed-classic/existing/mbed-classic.a(i2c_api.c.o)
                0x0001fcb8                i2c_stop
 .text.checkError
                0x0001fcec       0x28 ym/mbed-classic/existing/mbed-classic.a(i2c_api.c.o)
                0x0001fcec                checkError
 .text.port_init
                0x0001fd14       0x28 ym/mbed-classic/existing/mbed-classic.a(port_api.c.o)
                0x0001fd14                port_init
 .text.TIMER2_IRQHandler
                0x0001fd3c       0x68 ym/mbed-classic/existing/mbed-classic.a(pwmout_api.c.o)
                0x0001fd3c                TIMER2_IRQHandler
 .text.serial_baud.part.0
                0x0001fda4       0x38 ym/mbed-classic/existing/mbed-classic.a(serial_api.c.o)
 .text.serial_init
                0x0001fddc       0xb8 ym/mbed-classic/existing/mbed-classic.a(serial_api.c.o)
                0x0001fddc                serial_init
 .text.serial_baud
                0x0001fe94       0x20 ym/mbed-classic/existing/mbed-classic.a(serial_api.c.o)
                0x0001fe94                serial_baud
 .text.UART0_IRQHandler
                0x0001feb4       0x4c ym/mbed-classic/existing/mbed-classic.a(serial_api.c.o)
                0x0001feb4                UART0_IRQHandler
 .text.serial_irq_handler
                0x0001ff00       0x18 ym/mbed-classic/existing/mbed-classic.a(serial_api.c.o)
                0x0001ff00                serial_irq_handler
 .text.twi_master_clear_bus
                0x0001ff18       0xbc ym/mbed-classic/existing/mbed-classic.a(twi_master.c.o)
 .text.twi_master_init_and_clear
                0x0001ffd4       0x78 ym/mbed-classic/existing/mbed-classic.a(twi_master.c.o)
                0x0001ffd4                twi_master_init_and_clear
 .text.tmr1_getCounter64
                0x0002004c       0x50 ym/mbed-classic/existing/mbed-classic.a(us_ticker.c.o)
 .text.TIMER1_IRQHandler
                0x0002009c       0x50 ym/mbed-classic/existing/mbed-classic.a(us_ticker.c.o)
                0x0002009c                TIMER1_IRQHandler
 .text.us_ticker_init
                0x000200ec       0x8c ym/mbed-classic/existing/mbed-classic.a(us_ticker.c.o)
                0x000200ec                us_ticker_init
 .text.us_ticker_read
                0x00020178       0x18 ym/mbed-classic/existing/mbed-classic.a(us_ticker.c.o)
                0x00020178                us_ticker_read
 .text.us_ticker_set_interrupt
                0x00020190       0x54 ym/mbed-classic/existing/mbed-classic.a(us_ticker.c.o)
                0x00020190                us_ticker_set_interrupt
 .text.pinmap_peripheral
                0x000201e4       0x20 ym/mbed-classic/existing/mbed-classic.a(pinmap_common.c.o)
                0x000201e4                pinmap_peripheral
 .text.SystemInit
                0x00020204       0xac ym/mbed-classic/existing/mbed-classic.a(system_nrf51.c.o)
                0x00020204                SystemInit
 .text._ZSt15get_new_handlerv
                0x000202b0        0xc c:/progra~2/gnutoo~1/92019-~1/bin/../lib/gcc/arm-none-eabi/9.2.1/../../../../arm-none-eabi/lib/thumb/v6-m/nofp\libstdc++_nano.a(new_handler.o)
                0x000202b0                std::get_new_handler()
 .text          0x000202bc       0x14 c:/progra~2/gnutoo~1/92019-~1/bin/../lib/gcc/arm-none-eabi/9.2.1/thumb/v6-m/nofp\libgcc.a(_thumb1_case_uqi.o)
                0x000202bc                __gnu_thumb1_case_uqi
 .text          0x000202d0       0x14 c:/progra~2/gnutoo~1/92019-~1/bin/../lib/gcc/arm-none-eabi/9.2.1/thumb/v6-m/nofp\libgcc.a(_thumb1_case_uhi.o)
                0x000202d0                __gnu_thumb1_case_uhi
 .text          0x000202e4      0x114 c:/progra~2/gnutoo~1/92019-~1/bin/../lib/gcc/arm-none-eabi/9.2.1/thumb/v6-m/nofp\libgcc.a(_udivsi3.o)
                0x000202e4                __aeabi_uidiv
                0x000202e4                __udivsi3
                0x000203f0                __aeabi_uidivmod
 .text          0x000203f8      0x1d4 c:/progra~2/gnutoo~1/92019-~1/bin/../lib/gcc/arm-none-eabi/9.2.1/thumb/v6-m/nofp\libgcc.a(_divsi3.o)
                0x000203f8                __divsi3
                0x000203f8                __aeabi_idiv
                0x000205c4                __aeabi_idivmod
 .text          0x000205cc        0x4 c:/progra~2/gnutoo~1/92019-~1/bin/../lib/gcc/arm-none-eabi/9.2.1/thumb/v6-m/nofp\libgcc.a(_dvmd_tls.o)
                0x000205cc                __aeabi_idiv0
                0x000205cc                __aeabi_ldiv0
 .text          0x000205d0       0x74 c:/progra~2/gnutoo~1/92019-~1/bin/../lib/gcc/arm-none-eabi/9.2.1/thumb/v6-m/nofp\libgcc.a(_arm_cmpsf2.o)
                0x000205d0                __aeabi_cfrcmple
                0x000205d8                __aeabi_cfcmpeq
                0x000205d8                __aeabi_cfcmple
                0x000205e8                __aeabi_fcmpeq
                0x000205f4                __aeabi_fcmplt
                0x00020608                __aeabi_fcmple
                0x0002061c                __aeabi_fcmpgt
                0x00020630                __aeabi_fcmpge
 .text          0x00020644       0x40 c:/progra~2/gnutoo~1/92019-~1/bin/../lib/gcc/arm-none-eabi/9.2.1/thumb/v6-m/nofp\libgcc.a(_aeabi_uldivmod.o)
                0x00020644                __aeabi_uldivmod
 .text          0x00020684       0x3c c:/progra~2/gnutoo~1/92019-~1/bin/../lib/gcc/arm-none-eabi/9.2.1/thumb/v6-m/nofp\libgcc.a(_fixunsdfsi.o)
                0x00020684                __aeabi_d2uiz
                0x00020684                __fixunsdfsi
 .text          0x000206c0      0x198 c:/progra~2/gnutoo~1/92019-~1/bin/../lib/gcc/arm-none-eabi/9.2.1/thumb/v6-m/nofp\libgcc.a(_udivmoddi4.o)
                0x000206c0                __udivmoddi4
 .text          0x00020858      0x338 c:/progra~2/gnutoo~1/92019-~1/bin/../lib/gcc/arm-none-eabi/9.2.1/thumb/v6-m/nofp\libgcc.a(addsf3.o)
                0x00020858                __aeabi_fadd
 .text          0x00020b90      0x218 c:/progra~2/gnutoo~1/92019-~1/bin/../lib/gcc/arm-none-eabi/9.2.1/thumb/v6-m/nofp\libgcc.a(divsf3.o)
                0x00020b90                __aeabi_fdiv
 .text          0x00020da8       0x50 c:/progra~2/gnutoo~1/92019-~1/bin/../lib/gcc/arm-none-eabi/9.2.1/thumb/v6-m/nofp\libgcc.a(eqsf2.o)
                0x00020da8                __eqsf2
                0x00020da8                __nesf2
 .text          0x00020df8       0x98 c:/progra~2/gnutoo~1/92019-~1/bin/../lib/gcc/arm-none-eabi/9.2.1/thumb/v6-m/nofp\libgcc.a(gesf2.o)
                0x00020df8                __gesf2
                0x00020df8                __gtsf2
 .text          0x00020e90       0x94 c:/progra~2/gnutoo~1/92019-~1/bin/../lib/gcc/arm-none-eabi/9.2.1/thumb/v6-m/nofp\libgcc.a(lesf2.o)
                0x00020e90                __ltsf2
                0x00020e90                __lesf2
 .text          0x00020f24      0x234 c:/progra~2/gnutoo~1/92019-~1/bin/../lib/gcc/arm-none-eabi/9.2.1/thumb/v6-m/nofp\libgcc.a(mulsf3.o)
                0x00020f24                __aeabi_fmul
 .text          0x00021158      0x390 c:/progra~2/gnutoo~1/92019-~1/bin/../lib/gcc/arm-none-eabi/9.2.1/thumb/v6-m/nofp\libgcc.a(subsf3.o)
                0x00021158                __aeabi_fsub
 .text          0x000214e8       0x40 c:/progra~2/gnutoo~1/92019-~1/bin/../lib/gcc/arm-none-eabi/9.2.1/thumb/v6-m/nofp\libgcc.a(fixsfsi.o)
                0x000214e8                __aeabi_f2iz
 .text          0x00021528       0x8c c:/progra~2/gnutoo~1/92019-~1/bin/../lib/gcc/arm-none-eabi/9.2.1/thumb/v6-m/nofp\libgcc.a(floatsisf.o)
                0x00021528                __aeabi_i2f
 .text          0x000215b4       0x78 c:/progra~2/gnutoo~1/92019-~1/bin/../lib/gcc/arm-none-eabi/9.2.1/thumb/v6-m/nofp\libgcc.a(floatunsisf.o)
                0x000215b4                __aeabi_ui2f
 .text          0x0002162c      0x6d4 c:/progra~2/gnutoo~1/92019-~1/bin/../lib/gcc/arm-none-eabi/9.2.1/thumb/v6-m/nofp\libgcc.a(adddf3.o)
                0x0002162c                __aeabi_dadd
 .text          0x00021d00      0x5d0 c:/progra~2/gnutoo~1/92019-~1/bin/../lib/gcc/arm-none-eabi/9.2.1/thumb/v6-m/nofp\libgcc.a(divdf3.o)
                0x00021d00                __aeabi_ddiv
 .text          0x000222d0      0x4d8 c:/progra~2/gnutoo~1/92019-~1/bin/../lib/gcc/arm-none-eabi/9.2.1/thumb/v6-m/nofp\libgcc.a(muldf3.o)
                0x000222d0                __aeabi_dmul
 .text          0x000227a8      0x724 c:/progra~2/gnutoo~1/92019-~1/bin/../lib/gcc/arm-none-eabi/9.2.1/thumb/v6-m/nofp\libgcc.a(subdf3.o)
                0x000227a8                __aeabi_dsub
 .text          0x00022ecc       0x6c c:/progra~2/gnutoo~1/92019-~1/bin/../lib/gcc/arm-none-eabi/9.2.1/thumb/v6-m/nofp\libgcc.a(fixdfsi.o)
                0x00022ecc                __aeabi_d2iz
 .text          0x00022f38       0x60 c:/progra~2/gnutoo~1/92019-~1/bin/../lib/gcc/arm-none-eabi/9.2.1/thumb/v6-m/nofp\libgcc.a(floatsidf.o)
                0x00022f38                __aeabi_i2d
 .text          0x00022f98       0x90 c:/progra~2/gnutoo~1/92019-~1/bin/../lib/gcc/arm-none-eabi/9.2.1/thumb/v6-m/nofp\libgcc.a(extendsfdf2.o)
                0x00022f98                __aeabi_f2d
 .text          0x00023028      0x110 c:/progra~2/gnutoo~1/92019-~1/bin/../lib/gcc/arm-none-eabi/9.2.1/thumb/v6-m/nofp\libgcc.a(truncdfsf2.o)
                0x00023028                __aeabi_d2f
 .text          0x00023138       0x7c c:/progra~2/gnutoo~1/92019-~1/bin/../lib/gcc/arm-none-eabi/9.2.1/thumb/v6-m/nofp\libgcc.a(_arm_cmpdf2.o)
                0x00023138                __aeabi_cdrcmple
                0x00023148                __aeabi_cdcmple
                0x00023148                __aeabi_cdcmpeq
                0x00023158                __aeabi_dcmpeq
                0x00023164                __aeabi_dcmplt
                0x00023178                __aeabi_dcmple
                0x0002318c                __aeabi_dcmpgt
                0x000231a0                __aeabi_dcmpge
 .text          0x000231b4       0x3c c:/progra~2/gnutoo~1/92019-~1/bin/../lib/gcc/arm-none-eabi/9.2.1/thumb/v6-m/nofp\libgcc.a(_clzsi2.o)
                0x000231b4                __clzsi2
 .text          0x000231f0       0x18 c:/progra~2/gnutoo~1/92019-~1/bin/../lib/gcc/arm-none-eabi/9.2.1/thumb/v6-m/nofp\libgcc.a(_clzdi2.o)
                0x000231f0                __clzdi2
 .text          0x00023208       0x78 c:/progra~2/gnutoo~1/92019-~1/bin/../lib/gcc/arm-none-eabi/9.2.1/thumb/v6-m/nofp\libgcc.a(eqdf2.o)
                0x00023208                __nedf2
                0x00023208                __eqdf2
 .text          0x00023280       0xe4 c:/progra~2/gnutoo~1/92019-~1/bin/../lib/gcc/arm-none-eabi/9.2.1/thumb/v6-m/nofp\libgcc.a(gedf2.o)
                0x00023280                __gedf2
                0x00023280                __gtdf2
 .text          0x00023364       0xe0 c:/progra~2/gnutoo~1/92019-~1/bin/../lib/gcc/arm-none-eabi/9.2.1/thumb/v6-m/nofp\libgcc.a(ledf2.o)
                0x00023364                __ledf2
                0x00023364                __ltdf2
 .text.atan     0x00023444      0x338 c:/progra~2/gnutoo~1/92019-~1/bin/../lib/gcc/arm-none-eabi/9.2.1/../../../../arm-none-eabi/lib/thumb/v6-m/nofp\libm.a(lib_a-s_atan.o)
                0x00023444                atan
 .text.fabs     0x0002377c        0x8 c:/progra~2/gnutoo~1/92019-~1/bin/../lib/gcc/arm-none-eabi/9.2.1/../../../../arm-none-eabi/lib/thumb/v6-m/nofp\libm.a(lib_a-s_fabs.o)
                0x0002377c                fabs
 .text.round    0x00023784       0xac c:/progra~2/gnutoo~1/92019-~1/bin/../lib/gcc/arm-none-eabi/9.2.1/../../../../arm-none-eabi/lib/thumb/v6-m/nofp\libm.a(lib_a-s_round.o)
                0x00023784                round
 .text.cosf     0x00023830       0x78 c:/progra~2/gnutoo~1/92019-~1/bin/../lib/gcc/arm-none-eabi/9.2.1/../../../../arm-none-eabi/lib/thumb/v6-m/nofp\libm.a(lib_a-sf_cos.o)
                0x00023830                cosf
 .text.sinf     0x000238a8       0x7c c:/progra~2/gnutoo~1/92019-~1/bin/../lib/gcc/arm-none-eabi/9.2.1/../../../../arm-none-eabi/lib/thumb/v6-m/nofp\libm.a(lib_a-sf_sin.o)
                0x000238a8                sinf
 .text.atan2    0x00023924        0x8 c:/progra~2/gnutoo~1/92019-~1/bin/../lib/gcc/arm-none-eabi/9.2.1/../../../../arm-none-eabi/lib/thumb/v6-m/nofp\libm.a(lib_a-w_atan2.o)
                0x00023924                atan2
 .text.sqrt     0x0002392c       0xc8 c:/progra~2/gnutoo~1/92019-~1/bin/../lib/gcc/arm-none-eabi/9.2.1/../../../../arm-none-eabi/lib/thumb/v6-m/nofp\libm.a(lib_a-w_sqrt.o)
                0x0002392c                sqrt
 .text.atan2f   0x000239f4        0x8 c:/progra~2/gnutoo~1/92019-~1/bin/../lib/gcc/arm-none-eabi/9.2.1/../../../../arm-none-eabi/lib/thumb/v6-m/nofp\libm.a(lib_a-wf_atan2.o)
                0x000239f4                atan2f
 .text.__ieee754_atan2
                0x000239fc      0x174 c:/progra~2/gnutoo~1/92019-~1/bin/../lib/gcc/arm-none-eabi/9.2.1/../../../../arm-none-eabi/lib/thumb/v6-m/nofp\libm.a(lib_a-e_atan2.o)
                0x000239fc                __ieee754_atan2
 .text.__ieee754_sqrt
                0x00023b70      0x1b0 c:/progra~2/gnutoo~1/92019-~1/bin/../lib/gcc/arm-none-eabi/9.2.1/../../../../arm-none-eabi/lib/thumb/v6-m/nofp\libm.a(lib_a-e_sqrt.o)
                0x00023b70                __ieee754_sqrt
 .text.__ieee754_atan2f
                0x00023d20      0x110 c:/progra~2/gnutoo~1/92019-~1/bin/../lib/gcc/arm-none-eabi/9.2.1/../../../../arm-none-eabi/lib/thumb/v6-m/nofp\libm.a(lib_a-ef_atan2.o)
                0x00023d20                __ieee754_atan2f
 .text.__ieee754_rem_pio2f
                0x00023e30      0x2f4 c:/progra~2/gnutoo~1/92019-~1/bin/../lib/gcc/arm-none-eabi/9.2.1/../../../../arm-none-eabi/lib/thumb/v6-m/nofp\libm.a(lib_a-ef_rem_pio2.o)
                0x00023e30                __ieee754_rem_pio2f
 .text.__kernel_cosf
                0x00024124      0x190 c:/progra~2/gnutoo~1/92019-~1/bin/../lib/gcc/arm-none-eabi/9.2.1/../../../../arm-none-eabi/lib/thumb/v6-m/nofp\libm.a(lib_a-kf_cos.o)
                0x00024124                __kernel_cosf
 .text.__kernel_rem_pio2f
                0x000242b4      0x734 c:/progra~2/gnutoo~1/92019-~1/bin/../lib/gcc/arm-none-eabi/9.2.1/../../../../arm-none-eabi/lib/thumb/v6-m/nofp\libm.a(lib_a-kf_rem_pio2.o)
                0x000242b4                __kernel_rem_pio2f
 .text.__kernel_sinf
                0x000249e8       0xf0 c:/progra~2/gnutoo~1/92019-~1/bin/../lib/gcc/arm-none-eabi/9.2.1/../../../../arm-none-eabi/lib/thumb/v6-m/nofp\libm.a(lib_a-kf_sin.o)
                0x000249e8                __kernel_sinf
 .text.matherr  0x00024ad8        0x4 c:/progra~2/gnutoo~1/92019-~1/bin/../lib/gcc/arm-none-eabi/9.2.1/../../../../arm-none-eabi/lib/thumb/v6-m/nofp\libm.a(lib_a-s_matherr.o)
                0x00024ad8                matherr
 .text.atanf    0x00024adc      0x248 c:/progra~2/gnutoo~1/92019-~1/bin/../lib/gcc/arm-none-eabi/9.2.1/../../../../arm-none-eabi/lib/thumb/v6-m/nofp\libm.a(lib_a-sf_atan.o)
                0x00024adc                atanf
 .text.fabsf    0x00024d24        0x8 c:/progra~2/gnutoo~1/92019-~1/bin/../lib/gcc/arm-none-eabi/9.2.1/../../../../arm-none-eabi/lib/thumb/v6-m/nofp\libm.a(lib_a-sf_fabs.o)
                0x00024d24                fabsf
 .text.floorf   0x00024d2c       0x84 c:/progra~2/gnutoo~1/92019-~1/bin/../lib/gcc/arm-none-eabi/9.2.1/../../../../arm-none-eabi/lib/thumb/v6-m/nofp\libm.a(lib_a-sf_floor.o)
                0x00024d2c                floorf
 .text.scalbnf  0x00024db0       0xbc c:/progra~2/gnutoo~1/92019-~1/bin/../lib/gcc/arm-none-eabi/9.2.1/../../../../arm-none-eabi/lib/thumb/v6-m/nofp\libm.a(lib_a-sf_scalbn.o)
                0x00024db0                scalbnf
 .text.__cxa_atexit
                0x00024e6c       0x1c c:/progra~2/gnutoo~1/92019-~1/bin/../lib/gcc/arm-none-eabi/9.2.1/../../../../arm-none-eabi/lib/thumb/v6-m/nofp\libc_nano.a(lib_a-cxa_atexit.o)
                0x00024e6c                __cxa_atexit
 .text.__errno  0x00024e88        0xc c:/progra~2/gnutoo~1/92019-~1/bin/../lib/gcc/arm-none-eabi/9.2.1/../../../../arm-none-eabi/lib/thumb/v6-m/nofp\libc_nano.a(lib_a-errno.o)
                0x00024e88                __errno
 .text.exit     0x00024e94       0x2c c:/progra~2/gnutoo~1/92019-~1/bin/../lib/gcc/arm-none-eabi/9.2.1/../../../../arm-none-eabi/lib/thumb/v6-m/nofp\libc_nano.a(lib_a-exit.o)
                0x00024e94                exit
 .text.__libc_init_array
                0x00024ec0       0x48 c:/progra~2/gnutoo~1/92019-~1/bin/../lib/gcc/arm-none-eabi/9.2.1/../../../../arm-none-eabi/lib/thumb/v6-m/nofp\libc_nano.a(lib_a-init.o)
                0x00024ec0                __libc_init_array
 .text.malloc   0x00024f08       0x14 c:/progra~2/gnutoo~1/92019-~1/bin/../lib/gcc/arm-none-eabi/9.2.1/../../../../arm-none-eabi/lib/thumb/v6-m/nofp\libc_nano.a(lib_a-malloc.o)
                0x00024f08                malloc
 .text.free     0x00024f1c       0x14 c:/progra~2/gnutoo~1/92019-~1/bin/../lib/gcc/arm-none-eabi/9.2.1/../../../../arm-none-eabi/lib/thumb/v6-m/nofp\libc_nano.a(lib_a-malloc.o)
                0x00024f1c                free
 .text._free_r  0x00024f30       0x94 c:/progra~2/gnutoo~1/92019-~1/bin/../lib/gcc/arm-none-eabi/9.2.1/../../../../arm-none-eabi/lib/thumb/v6-m/nofp\libc_nano.a(lib_a-nano-freer.o)
                0x00024f30                _free_r
 .text._malloc_r
                0x00024fc4       0xbc c:/progra~2/gnutoo~1/92019-~1/bin/../lib/gcc/arm-none-eabi/9.2.1/../../../../arm-none-eabi/lib/thumb/v6-m/nofp\libc_nano.a(lib_a-nano-mallocr.o)
                0x00024fc4                _malloc_r
 .text._sbrk_r  0x00025080       0x24 c:/progra~2/gnutoo~1/92019-~1/bin/../lib/gcc/arm-none-eabi/9.2.1/../../../../arm-none-eabi/lib/thumb/v6-m/nofp\libc_nano.a(lib_a-sbrkr.o)
                0x00025080                _sbrk_r
 .text.raise    0x000250a4       0x14 c:/progra~2/gnutoo~1/92019-~1/bin/../lib/gcc/arm-none-eabi/9.2.1/../../../../arm-none-eabi/lib/thumb/v6-m/nofp\libc_nano.a(lib_a-signal.o)
                0x000250a4                raise
 .text._kill_r  0x000250b8       0x24 c:/progra~2/gnutoo~1/92019-~1/bin/../lib/gcc/arm-none-eabi/9.2.1/../../../../arm-none-eabi/lib/thumb/v6-m/nofp\libc_nano.a(lib_a-signalr.o)
                0x000250b8                _kill_r
 .text.snprintf
                0x000250dc       0x68 c:/progra~2/gnutoo~1/92019-~1/bin/../lib/gcc/arm-none-eabi/9.2.1/../../../../arm-none-eabi/lib/thumb/v6-m/nofp\libc_nano.a(lib_a-snprintf.o)
                0x000250dc                sniprintf
                0x000250dc                snprintf
 .text.__malloc_lock
                0x00025144       0x10 c:/progra~2/gnutoo~1/92019-~1/bin/../lib/gcc/arm-none-eabi/9.2.1/../../../../arm-none-eabi/lib/thumb/v6-m/nofp\libc_nano.a(lib_a-mlock.o)
                0x00025144                __malloc_lock
 .text.__malloc_unlock
                0x00025154       0x10 c:/progra~2/gnutoo~1/92019-~1/bin/../lib/gcc/arm-none-eabi/9.2.1/../../../../arm-none-eabi/lib/thumb/v6-m/nofp\libc_nano.a(lib_a-mlock.o)
                0x00025154                __malloc_unlock
 .text.__ssputs_r
                0x00025164       0xc4 c:/progra~2/gnutoo~1/92019-~1/bin/../lib/gcc/arm-none-eabi/9.2.1/../../../../arm-none-eabi/lib/thumb/v6-m/nofp\libc_nano.a(lib_a-nano-svfprintf.o)
                0x00025164                __ssputs_r
 .text._svfprintf_r
                0x00025228      0x200 c:/progra~2/gnutoo~1/92019-~1/bin/../lib/gcc/arm-none-eabi/9.2.1/../../../../arm-none-eabi/lib/thumb/v6-m/nofp\libc_nano.a(lib_a-nano-svfprintf.o)
                0x00025228                _svfiprintf_r
                0x00025228                _svfprintf_r
 .text._printf_i
                0x00025428      0x224 c:/progra~2/gnutoo~1/92019-~1/bin/../lib/gcc/arm-none-eabi/9.2.1/../../../../arm-none-eabi/lib/thumb/v6-m/nofp\libc_nano.a(lib_a-nano-vfprintf_i.o)
                0x00025428                _printf_i
 .text          0x0002564c       0x14 c:/progra~2/gnutoo~1/92019-~1/bin/../lib/gcc/arm-none-eabi/9.2.1/thumb/v6-m/nofp\libgcc.a(_thumb1_case_shi.o)
                0x0002564c                __gnu_thumb1_case_shi
 .text          0x00025660       0x3c c:/progra~2/gnutoo~1/92019-~1/bin/../lib/gcc/arm-none-eabi/9.2.1/thumb/v6-m/nofp\libgcc.a(unorddf2.o)
                0x00025660                __aeabi_dcmpun
 .text._getpid  0x0002569c       0x10 c:/progra~2/gnutoo~1/92019-~1/bin/../lib/gcc/arm-none-eabi/9.2.1/../../../../arm-none-eabi/lib/thumb/v6-m/nofp\libnosys.a(getpid.o)
                0x0002569c                _getpid
 .text._kill    0x000256ac       0x10 c:/progra~2/gnutoo~1/92019-~1/bin/../lib/gcc/arm-none-eabi/9.2.1/../../../../arm-none-eabi/lib/thumb/v6-m/nofp\libnosys.a(kill.o)
                0x000256ac                _kill
 .text._ZN14MicroBitSerialD0Ev
                0x000256bc       0x12 source/CMakeFiles/fh-frankfurt-ss2020.dir/D_/Calliope_Reset/source/Main.cpp.o
                0x000256bc                MicroBitSerial::~MicroBitSerial()
 .text._ZN8MicroBit5resetEv
                0x000256ce       0x32 source/CMakeFiles/fh-frankfurt-ss2020.dir/D_/Calliope_Reset/source/Main.cpp.o
                0x000256ce                MicroBit::reset()
 .text._ZN4mbed19FunctionPointerArg1IvvE12membercallerI8MicroBitEEvPvPj
                0x00025700       0x16 ym/microbit/source/microbit.a(MicroBit.cpp.o)
                0x00025700                void mbed::FunctionPointerArg1<void, void>::membercaller<MicroBit>(void*, unsigned int*)
 .text._ZN22MemberFunctionCallback10methodCallI8MicroBitEEvPvPm13MicroBitEvent