Archive member included to satisfy reference by file (symbol)

ym/microbit/source/microbit.a(MicroBit.cpp.o)
                              source/CMakeFiles/fh-frankfurt-ss2020.dir/D_/Calliope_Reset/source/Main.cpp.o (MicroBit::MicroBit())
ym/microbit-dal/source/microbit-dal.a(MicroBitDevice.cpp.o)
                              ym/microbit/source/microbit.a(MicroBit.cpp.o) (microbit_serial_number())
ym/microbit-dal/source/microbit-dal.a(MicroBitFiber.cpp.o)
                              ym/microbit/source/microbit.a(MicroBit.cpp.o) (scheduler_init(EventModel&))
ym/microbit-dal/source/microbit-dal.a(MicroBitFont.cpp.o)
                              ym/microbit-dal/source/microbit-dal.a(MicroBitDevice.cpp.o) (MicroBitFont::defaultFont)
ym/microbit-dal/source/microbit-dal.a(MicroBitHeapAllocator.cpp.o)
                              source/CMakeFiles/fh-frankfurt-ss2020.dir/D_/Calliope_Reset/source/Main.cpp.o (microbit_malloc(unsigned int))
ym/microbit-dal/source/microbit-dal.a(MicroBitListener.cpp.o)
                              source/CMakeFiles/fh-frankfurt-ss2020.dir/D_/Calliope_Reset/source/Main.cpp.o (MicroBitListener::MicroBitListener(unsigned short, unsigned short, void (*)(MicroBitEvent), unsigned short))
ym/microbit-dal/source/microbit-dal.a(MicroBitSystemTimer.cpp.o)
                              ym/microbit-dal/source/microbit-dal.a(MicroBitFiber.cpp.o) (system_timer_current_time())
ym/microbit-dal/source/microbit-dal.a(ManagedString.cpp.o)
                              source/CMakeFiles/fh-frankfurt-ss2020.dir/D_/Calliope_Reset/source/Main.cpp.o (ManagedString::~ManagedString())
ym/microbit-dal/source/microbit-dal.a(MicroBitEvent.cpp.o)
                              ym/microbit/source/microbit.a(MicroBit.cpp.o) (MicroBitEvent::MicroBitEvent())
ym/microbit-dal/source/microbit-dal.a(PacketBuffer.cpp.o)
                              ym/microbit-dal/source/microbit-dal.a(ManagedString.cpp.o) (PacketBuffer::getBytes())
ym/microbit-dal/source/microbit-dal.a(RefCounted.cpp.o)
                              ym/microbit-dal/source/microbit-dal.a(ManagedString.cpp.o) (RefCounted::init())
ym/microbit-dal/source/microbit-dal.a(MicroBitAccelerometer-bmx.cpp.o)
                              source/CMakeFiles/fh-frankfurt-ss2020.dir/D_/Calliope_Reset/source/Main.cpp.o (MicroBitAccelerometer::~MicroBitAccelerometer())
ym/microbit-dal/source/microbit-dal.a(MicroBitButton.cpp.o)
                              source/CMakeFiles/fh-frankfurt-ss2020.dir/D_/Calliope_Reset/source/Main.cpp.o (MicroBitButton::~MicroBitButton())
ym/microbit-dal/source/microbit-dal.a(MicroBitCompass-bmx.cpp.o)
                              source/CMakeFiles/fh-frankfurt-ss2020.dir/D_/Calliope_Reset/source/Main.cpp.o (MicroBitCompass::~MicroBitCompass())
ym/microbit-dal/source/microbit-dal.a(MicroBitCompassCalibrator.cpp.o)
                              ym/microbit/source/microbit.a(MicroBit.cpp.o) (MicroBitCompassCalibrator::MicroBitCompassCalibrator(MicroBitCompass&, MicroBitAccelerometer&, MicroBitDisplay&))
ym/microbit-dal/source/microbit-dal.a(MicroBitDisplay.cpp.o)
                              source/CMakeFiles/fh-frankfurt-ss2020.dir/D_/Calliope_Reset/source/Main.cpp.o (MicroBitDisplay::~MicroBitDisplay())
ym/microbit-dal/source/microbit-dal.a(MicroBitI2C.cpp.o)
                              ym/microbit/source/microbit.a(MicroBit.cpp.o) (MicroBitI2C::MicroBitI2C(PinName, PinName))
ym/microbit-dal/source/microbit-dal.a(MicroBitIO.cpp.o)
                              ym/microbit/source/microbit.a(MicroBit.cpp.o) (MicroBitIO::MicroBitIO(int, int, int, int, int, int, int, int, int, int, int, int, int, int, int, int, int, int, int, int))
ym/microbit-dal/source/microbit-dal.a(MicroBitLightSensor.cpp.o)
                              ym/microbit-dal/source/microbit-dal.a(MicroBitDisplay.cpp.o) (MicroBitLightSensor::read())
ym/microbit-dal/source/microbit-dal.a(MicroBitMessageBus.cpp.o)
                              ym/microbit/source/microbit.a(MicroBit.cpp.o) (MicroBitMessageBus::add(MicroBitListener*))
ym/microbit-dal/source/microbit-dal.a(MicroBitMultiButton.cpp.o)
                              ym/microbit/source/microbit.a(MicroBit.cpp.o) (MicroBitMultiButton::setEventConfiguration(MicroBitButtonEventConfiguration))
ym/microbit-dal/source/microbit-dal.a(MicroBitPin.cpp.o)
                              ym/microbit-dal/source/microbit-dal.a(MicroBitIO.cpp.o) (MicroBitPin::MicroBitPin(int, PinName, PinCapability))
ym/microbit-dal/source/microbit-dal.a(MicroBitRadio.cpp.o)
                              ym/microbit/source/microbit.a(MicroBit.cpp.o) (MicroBitRadio::MicroBitRadio(unsigned short))
ym/microbit-dal/source/microbit-dal.a(MicroBitRadioDatagram.cpp.o)
                              ym/microbit-dal/source/microbit-dal.a(MicroBitRadio.cpp.o) (MicroBitRadioDatagram::MicroBitRadioDatagram(MicroBitRadio&))
ym/microbit-dal/source/microbit-dal.a(MicroBitRadioEvent.cpp.o)
[...]
Memory Configuration

Name             Origin             Length             Attributes
FLASH            0x00018000         0x00028000         xr
RAM              0x20002000         0x00002000         xrw
*default*        0x00000000         0xffffffff

Linker script and memory map

LOAD c:/progra~2/gnutoo~1/92019-~1/bin/../lib/gcc/arm-none-eabi/9.2.1/thumb/v6-m/nofp/crti.o
LOAD c:/progra~2/gnutoo~1/92019-~1/bin/../lib/gcc/arm-none-eabi/9.2.1/thumb/v6-m/nofp/crtbegin.o
LOAD c:/progra~2/gnutoo~1/92019-~1/bin/../lib/gcc/arm-none-eabi/9.2.1/../../../../arm-none-eabi/lib/thumb/v6-m/nofp/crt0.o
START GROUP
LOAD source/CMakeFiles/fh-frankfurt-ss2020.dir/D_/Calliope_Reset/source/Main.cpp.o
LOAD ym/microbit/source/microbit.a
LOAD ym/microbit-dal/source/microbit-dal.a
LOAD ym/ble/source/ble.a
LOAD ym/ble-nrf51822/source/ble-nrf51822.a
LOAD ym/ble/source/ble.a
LOAD ym/ble-nrf51822/source/ble-nrf51822.a
LOAD ym/nrf51-sdk/source/nrf51-sdk.a
LOAD ym/mbed-classic/existing/mbed-classic.a
LOAD c:/progra~2/gnutoo~1/92019-~1/bin/../lib/gcc/arm-none-eabi/9.2.1/../../../../arm-none-eabi/lib/thumb/v6-m/nofp\libnosys.a
LOAD c:/progra~2/gnutoo~1/92019-~1/bin/../lib/gcc/arm-none-eabi/9.2.1/../../../../arm-none-eabi/lib/thumb/v6-m/nofp\libstdc++_nano.a
LOAD c:/progra~2/gnutoo~1/92019-~1/bin/../lib/gcc/arm-none-eabi/9.2.1/../../../../arm-none-eabi/lib/thumb/v6-m/nofp\libsupc++_nano.a
LOAD c:/progra~2/gnutoo~1/92019-~1/bin/../lib/gcc/arm-none-eabi/9.2.1/thumb/v6-m/nofp\libgcc.a
LOAD c:/progra~2/gnutoo~1/92019-~1/bin/../lib/gcc/arm-none-eabi/9.2.1/../../../../arm-none-eabi/lib/thumb/v6-m/nofp\libstdc++_nano.a
LOAD c:/progra~2/gnutoo~1/92019-~1/bin/../lib/gcc/arm-none-eabi/9.2.1/../../../../arm-none-eabi/lib/thumb/v6-m/nofp\libsupc++_nano.a
LOAD c:/progra~2/gnutoo~1/92019-~1/bin/../lib/gcc/arm-none-eabi/9.2.1/../../../../arm-none-eabi/lib/thumb/v6-m/nofp\libm.a
LOAD c:/progra~2/gnutoo~1/92019-~1/bin/../lib/gcc/arm-none-eabi/9.2.1/../../../../arm-none-eabi/lib/thumb/v6-m/nofp\libc_nano.a
LOAD c:/progra~2/gnutoo~1/92019-~1/bin/../lib/gcc/arm-none-eabi/9.2.1/thumb/v6-m/nofp\libgcc.a
END GROUP
LOAD c:/progra~2/gnutoo~1/92019-~1/bin/../lib/gcc/arm-none-eabi/9.2.1/../../../../arm-none-eabi/lib/thumb/v6-m/nofp\libstdc++_nano.a
LOAD c:/progra~2/gnutoo~1/92019-~1/bin/../lib/gcc/arm-none-eabi/9.2.1/../../../../arm-none-eabi/lib/thumb/v6-m/nofp\libm.a
LOAD c:/progra~2/gnutoo~1/92019-~1/bin/../lib/gcc/arm-none-eabi/9.2.1/../../../../arm-none-eabi/lib/thumb/v6-m/nofp\libc_nano.a
START GROUP
LOAD c:/progra~2/gnutoo~1/92019-~1/bin/../lib/gcc/arm-none-eabi/9.2.1/thumb/v6-m/nofp\libgcc.a
LOAD c:/progra~2/gnutoo~1/92019-~1/bin/../lib/gcc/arm-none-eabi/9.2.1/../../../../arm-none-eabi/lib/thumb/v6-m/nofp\libc_nano.a
END GROUP
START GROUP
LOAD c:/progra~2/gnutoo~1/92019-~1/bin/../lib/gcc/arm-none-eabi/9.2.1/thumb/v6-m/nofp\libgcc.a
LOAD c:/progra~2/gnutoo~1/92019-~1/bin/../lib/gcc/arm-none-eabi/9.2.1/../../../../arm-none-eabi/lib/thumb/v6-m/nofp\libc_nano.a
END GROUP
LOAD c:/progra~2/gnutoo~1/92019-~1/bin/../lib/gcc/arm-none-eabi/9.2.1/thumb/v6-m/nofp/crtend.o
LOAD c:/progra~2/gnutoo~1/92019-~1/bin/../lib/gcc/arm-none-eabi/9.2.1/thumb/v6-m/nofp/crtn.o

.text           0x00018000    0x13040
 *(SORT_BY_ALIGNMENT(.Vectors))
 .Vectors       0x00018000       0xc0 ym/mbed-classic/existing/mbed-classic.a(startup_NRF51822.S.obj)
                0x00018000                __Vectors
 *(SORT_BY_ALIGNMENT(.text*))
 .text          0x000180c0       0x48 c:/progra~2/gnutoo~1/92019-~1/bin/../lib/gcc/arm-none-eabi/9.2.1/thumb/v6-m/nofp/crtbegin.o
 .text          0x00018108       0x78 c:/progra~2/gnutoo~1/92019-~1/bin/../lib/gcc/arm-none-eabi/9.2.1/../../../../arm-none-eabi/lib/thumb/v6-m/nofp/crt0.o
                0x00018108                _start
                0x00018108                _mainCRTStartup
 .text._ZN14MicroBitSerialD2Ev
                0x00018180       0x18 source/CMakeFiles/fh-frankfurt-ss2020.dir/D_/Calliope_Reset/source/Main.cpp.o
                0x00018180                MicroBitSerial::~MicroBitSerial()
                0x00018180                MicroBitSerial::~MicroBitSerial()
 .text._ZN10EventModel6listenEiiPFv13MicroBitEventEt
                0x00018198       0x60 source/CMakeFiles/fh-frankfurt-ss2020.dir/D_/Calliope_Reset/source/Main.cpp.o
                0x00018198                EventModel::listen(int, int, void (*)(MicroBitEvent), unsigned short)
 .text._Z14onDisconnected13MicroBitEvent
                0x000181f8       0x5c source/CMakeFiles/fh-frankfurt-ss2020.dir/D_/Calliope_Reset/source/Main.cpp.o
                0x000181f8                onDisconnected(MicroBitEvent)
 .text._Z13startingSoundv
                0x00018254       0x48 source/CMakeFiles/fh-frankfurt-ss2020.dir/D_/Calliope_Reset/source/Main.cpp.o
                0x00018254                startingSound()
 .text._Z13getLightValuev
                0x0001829c       0x44 source/CMakeFiles/fh-frankfurt-ss2020.dir/D_/Calliope_Reset/source/Main.cpp.o
                0x0001829c                getLightValue()
 .text._Z13selfMicroImplv
                0x000182e0       0x68 source/CMakeFiles/fh-frankfurt-ss2020.dir/D_/Calliope_Reset/source/Main.cpp.o
                0x000182e0                selfMicroImpl()
 .text._Z12getgStrengthv
                0x00018348       0x84 source/CMakeFiles/fh-frankfurt-ss2020.dir/D_/Calliope_Reset/source/Main.cpp.o
                0x00018348                getgStrength()
 .text._Z11onConnected13MicroBitEvent
                0x000183cc      0x348 source/CMakeFiles/fh-frankfurt-ss2020.dir/D_/Calliope_Reset/source/Main.cpp.o
                0x000183cc                onConnected(MicroBitEvent)
 .text.startup.main
                0x00018714       0x98 source/CMakeFiles/fh-frankfurt-ss2020.dir/D_/Calliope_Reset/source/Main.cpp.o
                0x00018714                main
 .text.startup._GLOBAL__sub_I_uBit
                0x000187ac       0x44 source/CMakeFiles/fh-frankfurt-ss2020.dir/D_/Calliope_Reset/source/Main.cpp.o
 .text._ZN8MicroBitD2Ev
                0x000187f0       0x84 source/CMakeFiles/fh-frankfurt-ss2020.dir/D_/Calliope_Reset/source/Main.cpp.o
                0x000187f0                MicroBit::~MicroBit()
                0x000187f0                MicroBit::~MicroBit()
 .text._ZN8MicroBitC2Ev
                0x00018874      0x1a4 ym/microbit/source/microbit.a(MicroBit.cpp.o)
                0x00018874                MicroBit::MicroBit()
                0x00018874                MicroBit::MicroBit()
 .text._ZN8MicroBit4initEv
                0x00018a18      0x178 ym/microbit/source/microbit.a(MicroBit.cpp.o)
                0x00018a18                MicroBit::init()
 .text.NVIC_SystemReset
                0x00018b90       0x18 ym/microbit-dal/source/microbit-dal.a(MicroBitDevice.cpp.o)
 .text._Z22microbit_friendly_namev
                0x00018ba8       0x6c ym/microbit-dal/source/microbit-dal.a(MicroBitDevice.cpp.o)
                0x00018ba8                microbit_friendly_name()
 .text._Z14microbit_panici
                0x00018c14      0x154 ym/microbit-dal/source/microbit-dal.a(MicroBitDevice.cpp.o)
                0x00018c14                microbit_panic(int)
 .text._Z20microbit_seed_randomv
                0x00018d68       0x60 ym/microbit-dal/source/microbit-dal.a(MicroBitDevice.cpp.o)
                0x00018d68                microbit_seed_random()
 .text._Z14scheduler_tickv
                0x00018dc8       0x38 ym/microbit-dal/source/microbit-dal.a(MicroBitFiber.cpp.o)
                0x00018dc8                scheduler_tick()
 .text._Z15scheduler_event13MicroBitEvent
                0x00018e00       0xcc ym/microbit-dal/source/microbit-dal.a(MicroBitFiber.cpp.o)
                0x00018e00                scheduler_event(MicroBitEvent)
 .text._Z15getFiberContextv
                0x00018ecc       0x3c ym/microbit-dal/source/microbit-dal.a(MicroBitFiber.cpp.o)
                0x00018ecc                getFiberContext()
 .text._Z14scheduler_initR10EventModel
                0x00018f08       0xac ym/microbit-dal/source/microbit-dal.a(MicroBitFiber.cpp.o)
                0x00018f08                scheduler_init(EventModel&)
 .text._Z23fiber_scheduler_runningv
                0x00018fb4       0x10 ym/microbit-dal/source/microbit-dal.a(MicroBitFiber.cpp.o)
                0x00018fb4                fiber_scheduler_running()
 .text._Z14__create_fibermmmi
                0x00018fc4       0x50 ym/microbit-dal/source/microbit-dal.a(MicroBitFiber.cpp.o)
                0x00018fc4                __create_fiber(unsigned long, unsigned long, unsigned long, int)
 .text._Z12create_fiberPFvPvES_S1_
                0x00019014       0x24 ym/microbit-dal/source/microbit-dal.a(MicroBitFiber.cpp.o)
                0x00019014                create_fiber(void (*)(void*), void*, void (*)(void*))
 .text._Z24scheduler_runqueue_emptyv
                0x00019038       0x10 ym/microbit-dal/source/microbit-dal.a(MicroBitFiber.cpp.o)
                0x00019038                scheduler_runqueue_empty()
 .text._Z24fiber_add_idle_componentP17MicroBitComponent
                0x00019048       0x1c ym/microbit-dal/source/microbit-dal.a(MicroBitFiber.cpp.o)
                0x00019048                fiber_add_idle_component(MicroBitComponent*)
 .text._Z27fiber_remove_idle_componentP17MicroBitComponent
                0x00019064       0x1c ym/microbit-dal/source/microbit-dal.a(MicroBitFiber.cpp.o)
                0x00019064                fiber_remove_idle_component(MicroBitComponent*)
 .text._Z4idlev
                0x00019080       0x30 ym/microbit-dal/source/microbit-dal.a(MicroBitFiber.cpp.o)
                0x00019080                idle()
 .text._Z8schedulev
                0x000190b0       0xd4 ym/microbit-dal/source/microbit-dal.a(MicroBitFiber.cpp.o)
                0x000190b0                schedule()
 .text._Z11fiber_sleepm
                0x00019184       0x58 ym/microbit-dal/source/microbit-dal.a(MicroBitFiber.cpp.o)
                0x00019184                fiber_sleep(unsigned long)
 .text._Z19fiber_wake_on_eventtt
                0x000191dc       0xa0 ym/microbit-dal/source/microbit-dal.a(MicroBitFiber.cpp.o)
                0x000191dc                fiber_wake_on_event(unsigned short, unsigned short)
 .text._Z13release_fiberv
                0x0001927c       0x2c ym/microbit-dal/source/microbit-dal.a(MicroBitFiber.cpp.o)
                0x0001927c                release_fiber()
 .text._Z13release_fiberPv
                0x000192a8       0x14 ym/microbit-dal/source/microbit-dal.a(MicroBitFiber.cpp.o)
                0x000192a8                release_fiber(void*)
 .text._Z6invokePFvPvES_
                0x000192bc       0x90 ym/microbit-dal/source/microbit-dal.a(MicroBitFiber.cpp.o)
                0x000192bc                invoke(void (*)(void*), void*)
 .text._ZN12MicroBitFont13getSystemFontEv
                0x0001934c       0x10 ym/microbit-dal/source/microbit-dal.a(MicroBitFont.cpp.o)
                0x0001934c                MicroBitFont::getSystemFont()
 .text.startup._GLOBAL__sub_I__ZN12MicroBitFont11defaultFontE
                0x0001935c       0x18 ym/microbit-dal/source/microbit-dal.a(MicroBitFont.cpp.o)
 .text._Z15microbit_mallocj
                0x00019374       0x34 ym/microbit-dal/source/microbit-dal.a(MicroBitHeapAllocator.cpp.o)
                0x00019374                microbit_malloc(unsigned int)
 .text._Z13microbit_freePv
                0x000193a8       0x40 ym/microbit-dal/source/microbit-dal.a(MicroBitHeapAllocator.cpp.o)
                0x000193a8                microbit_free(void*)
 .text._Z23system_timer_set_periodi
                0x000193e8       0x44 ym/microbit-dal/source/microbit-dal.a(MicroBitSystemTimer.cpp.o)
                0x000193e8                system_timer_set_period(int)
 .text._Z17system_timer_initi
                0x0001942c       0x54 ym/microbit-dal/source/microbit-dal.a(MicroBitSystemTimer.cpp.o)
                0x0001942c                system_timer_init(int)
 .text._Z23system_timer_get_periodv
                0x00019480        0xc ym/microbit-dal/source/microbit-dal.a(MicroBitSystemTimer.cpp.o)
                0x00019480                system_timer_get_period()
 .text._Z11update_timev
                0x0001948c       0x44 ym/microbit-dal/source/microbit-dal.a(MicroBitSystemTimer.cpp.o)
                0x0001948c                update_time()
 .text._Z17system_timer_tickv
                0x000194d0       0x24 ym/microbit-dal/source/microbit-dal.a(MicroBitSystemTimer.cpp.o)
                0x000194d0                system_timer_tick()
 .text._Z25system_timer_current_timev
                0x000194f4       0x1c ym/microbit-dal/source/microbit-dal.a(MicroBitSystemTimer.cpp.o)
                0x000194f4                system_timer_current_time()
 .text._Z28system_timer_current_time_usv
                0x00019510       0x14 ym/microbit-dal/source/microbit-dal.a(MicroBitSystemTimer.cpp.o)
                0x00019510                system_timer_current_time_us()
 .text._Z26system_timer_add_componentP17MicroBitComponent
                0x00019524       0x3c ym/microbit-dal/source/microbit-dal.a(MicroBitSystemTimer.cpp.o)
                0x00019524                system_timer_add_component(MicroBitComponent*)
 .text._Z29system_timer_remove_componentP17MicroBitComponent
                0x00019560       0x1c ym/microbit-dal/source/microbit-dal.a(MicroBitSystemTimer.cpp.o)
                0x00019560                system_timer_remove_component(MicroBitComponent*)
 .text._ZN13ManagedStringC2EPKc
                0x0001957c       0x20 ym/microbit-dal/source/microbit-dal.a(ManagedString.cpp.o)
                0x0001957c                ManagedString::ManagedString(char const*)
                0x0001957c                ManagedString::ManagedString(char const*)
 .text._ZN13ManagedStringC2EPKcs
                0x0001959c       0x54 ym/microbit-dal/source/microbit-dal.a(ManagedString.cpp.o)
                0x0001959c                ManagedString::ManagedString(char const*, short)
                0x0001959c                ManagedString::ManagedString(char const*, short)
 .text._ZN13ManagedStringC2Ev
                0x000195f0        0xc ym/microbit-dal/source/microbit-dal.a(ManagedString.cpp.o)
                0x000195f0                ManagedString::ManagedString()
                0x000195f0                ManagedString::ManagedString()
 .text.startup._GLOBAL__sub_I__ZN13ManagedString9initEmptyEv
                0x000195fc       0x28 ym/microbit-dal/source/microbit-dal.a(ManagedString.cpp.o)
 .text._ZN13MicroBitEvent4fireEv
                0x00019624       0x28 ym/microbit-dal/source/microbit-dal.a(MicroBitEvent.cpp.o)
                0x00019624                MicroBitEvent::fire()
 .text.startup._GLOBAL__sub_I__ZN12PacketBuffer11EmptyPacketE
                0x0001964c       0x24 ym/microbit-dal/source/microbit-dal.a(PacketBuffer.cpp.o)
 .text._ZL16isReadOnlyInlineP10RefCounted.isra.0
                0x00019670       0x24 ym/microbit-dal/source/microbit-dal.a(RefCounted.cpp.o)
 .text._ZN21MicroBitAccelerometerD2Ev
                0x00019694       0x18 ym/microbit-dal/source/microbit-dal.a(MicroBitAccelerometer-bmx.cpp.o)
                0x00019694                MicroBitAccelerometer::~MicroBitAccelerometer()
                0x00019694                MicroBitAccelerometer::~MicroBitAccelerometer()
 .text._ZN21MicroBitAccelerometerC2ER11MicroBitI2Ctt
                0x000196ac       0x84 ym/microbit-dal/source/microbit-dal.a(MicroBitAccelerometer-bmx.cpp.o)
                0x000196ac                MicroBitAccelerometer::MicroBitAccelerometer(MicroBitI2C&, unsigned short, unsigned short)
                0x000196ac                MicroBitAccelerometer::MicroBitAccelerometer(MicroBitI2C&, unsigned short, unsigned short)
 .text._ZN21MicroBitAccelerometer20instantaneousPostureEv
                0x00019730      0x204 ym/microbit-dal/source/microbit-dal.a(MicroBitAccelerometer-bmx.cpp.o)
                0x00019730                MicroBitAccelerometer::instantaneousPosture()
 .text._ZN14MicroBitButton10systemTickEv
                0x00019934       0xd8 ym/microbit-dal/source/microbit-dal.a(MicroBitButton.cpp.o)
                0x00019934                MicroBitButton::systemTick()
 .text._ZN14MicroBitButtonD2Ev
                0x00019a0c       0x18 ym/microbit-dal/source/microbit-dal.a(MicroBitButton.cpp.o)
                0x00019a0c                MicroBitButton::~MicroBitButton()
                0x00019a0c                MicroBitButton::~MicroBitButton()
 .text._ZN14MicroBitButtonC2E7PinNamet32MicroBitButtonEventConfiguration7PinMode
                0x00019a24       0x58 ym/microbit-dal/source/microbit-dal.a(MicroBitButton.cpp.o)
                0x00019a24                MicroBitButton::MicroBitButton(PinName, unsigned short, MicroBitButtonEventConfiguration, PinMode)
                0x00019a24                MicroBitButton::MicroBitButton(PinName, unsigned short, MicroBitButtonEventConfiguration, PinMode)
 .text._ZN15MicroBitCompassD2Ev
                0x00019a7c       0x18 ym/microbit-dal/source/microbit-dal.a(MicroBitCompass-bmx.cpp.o)
                0x00019a7c                MicroBitCompass::~MicroBitCompass()
                0x00019a7c                MicroBitCompass::~MicroBitCompass()
 .text._ZN15MicroBitCompass11readMagDataEPs
                0x00019a94      0x140 ym/microbit-dal/source/microbit-dal.a(MicroBitCompass-bmx.cpp.o)
                0x00019a94                MicroBitCompass::readMagData(short*)
 .text._ZN15MicroBitCompass12basicBearingEv
                0x00019bd4       0x80 ym/microbit-dal/source/microbit-dal.a(MicroBitCompass-bmx.cpp.o)
                0x00019bd4                MicroBitCompass::basicBearing()
 .text._ZN15MicroBitCompass22tiltCompensatedBearingEv
                0x00019c54      0x108 ym/microbit-dal/source/microbit-dal.a(MicroBitCompass-bmx.cpp.o)
                0x00019c54                MicroBitCompass::tiltCompensatedBearing()
 .text._ZN15MicroBitCompass9calibrateEv
                0x00019d5c       0x50 ym/microbit-dal/source/microbit-dal.a(MicroBitCompass-bmx.cpp.o)
                0x00019d5c                MicroBitCompass::calibrate()
 .text._ZN15MicroBitCompass7headingEv
                0x00019dac       0x30 ym/microbit-dal/source/microbit-dal.a(MicroBitCompass-bmx.cpp.o)
                0x00019dac                MicroBitCompass::heading()
 .text._ZN15MicroBitCompass14setCalibrationE13CompassSample
                0x00019ddc       0x48 ym/microbit-dal/source/microbit-dal.a(MicroBitCompass-bmx.cpp.o)
                0x00019ddc                MicroBitCompass::setCalibration(CompassSample)
 .text._ZN15MicroBitCompass4initEtt
                0x00019e24       0x60 ym/microbit-dal/source/microbit-dal.a(MicroBitCompass-bmx.cpp.o)
                0x00019e24                MicroBitCompass::init(unsigned short, unsigned short)
 .text._ZN15MicroBitCompassC2ER11MicroBitI2CR21MicroBitAccelerometerR15MicroBitStoragett
                0x00019e84       0x40 ym/microbit-dal/source/microbit-dal.a(MicroBitCompass-bmx.cpp.o)
                0x00019e84                MicroBitCompass::MicroBitCompass(MicroBitI2C&, MicroBitAccelerometer&, MicroBitStorage&, unsigned short, unsigned short)
                0x00019e84                MicroBitCompass::MicroBitCompass(MicroBitI2C&, MicroBitAccelerometer&, MicroBitStorage&, unsigned short, unsigned short)
 .text._ZN25MicroBitCompassCalibrator9calibrateE13MicroBitEvent
                0x00019ec4      0x368 ym/microbit-dal/source/microbit-dal.a(MicroBitCompassCalibrator.cpp.o)
                0x00019ec4                MicroBitCompassCalibrator::calibrate(MicroBitEvent)
 .text._ZN25MicroBitCompassCalibratorC2ER15MicroBitCompassR21MicroBitAccelerometerR15MicroBitDisplay
                0x0001a22c       0x8c ym/microbit-dal/source/microbit-dal.a(MicroBitCompassCalibrator.cpp.o)
                0x0001a22c                MicroBitCompassCalibrator::MicroBitCompassCalibrator(MicroBitCompass&, MicroBitAccelerometer&, MicroBitDisplay&)
                0x0001a22c                MicroBitCompassCalibrator::MicroBitCompassCalibrator(MicroBitCompass&, MicroBitAccelerometer&, MicroBitDisplay&)
 .text._ZN15MicroBitDisplay15renderGreyscaleEv
                0x0001a2b8       0xfc ym/microbit-dal/source/microbit-dal.a(MicroBitDisplay.cpp.o)
                0x0001a2b8                MicroBitDisplay::renderGreyscale()
 .text._ZN15MicroBitDisplayD2Ev
                0x0001a3b4       0x50 ym/microbit-dal/source/microbit-dal.a(MicroBitDisplay.cpp.o)
                0x0001a3b4                MicroBitDisplay::~MicroBitDisplay()
                0x0001a3b4                MicroBitDisplay::~MicroBitDisplay()
 .text._ZN15MicroBitDisplayC2EtRK9MatrixMap
                0x0001a404       0xd8 ym/microbit-dal/source/microbit-dal.a(MicroBitDisplay.cpp.o)
                0x0001a404                MicroBitDisplay::MicroBitDisplay(unsigned short, MatrixMap const&)
                0x0001a404                MicroBitDisplay::MicroBitDisplay(unsigned short, MatrixMap const&)
 .text._ZN15MicroBitDisplay6renderEv
                0x0001a4dc       0xf4 ym/microbit-dal/source/microbit-dal.a(MicroBitDisplay.cpp.o)
                0x0001a4dc                MicroBitDisplay::render()
 .text._ZN15MicroBitDisplay26sendAnimationCompleteEventEv
                0x0001a5d0       0x24 ym/microbit-dal/source/microbit-dal.a(MicroBitDisplay.cpp.o)
                0x0001a5d0                MicroBitDisplay::sendAnimationCompleteEvent()
 .text._ZN15MicroBitDisplay13stopAnimationEv
                0x0001a5f4       0x38 ym/microbit-dal/source/microbit-dal.a(MicroBitDisplay.cpp.o)
                0x0001a5f4                MicroBitDisplay::stopAnimation()
 .text._ZN15MicroBitDisplay18waitForFreeDisplayEv
                0x0001a62c       0x20 ym/microbit-dal/source/microbit-dal.a(MicroBitDisplay.cpp.o)
                0x0001a62c                MicroBitDisplay::waitForFreeDisplay()
 .text._ZN15MicroBitDisplay9fiberWaitEv
                0x0001a64c       0x2c ym/microbit-dal/source/microbit-dal.a(MicroBitDisplay.cpp.o)
                0x0001a64c                MicroBitDisplay::fiberWait()
 .text._ZN15MicroBitDisplay14printCharAsyncEci
                0x0001a678       0x4c ym/microbit-dal/source/microbit-dal.a(MicroBitDisplay.cpp.o)
                0x0001a678                MicroBitDisplay::printCharAsync(char, int)
 .text._ZN15MicroBitDisplay10printAsyncE13ManagedStringi
                0x0001a6c4       0x6c ym/microbit-dal/source/microbit-dal.a(MicroBitDisplay.cpp.o)
                0x0001a6c4                MicroBitDisplay::printAsync(ManagedString, int)
 .text._ZN15MicroBitDisplay10printAsyncE13MicroBitImageiiii
                0x0001a730       0x54 ym/microbit-dal/source/microbit-dal.a(MicroBitDisplay.cpp.o)
                0x0001a730                MicroBitDisplay::printAsync(MicroBitImage, int, int, int, int)
 .text._ZN15MicroBitDisplay5printE13ManagedStringi
                0x0001a784       0x68 ym/microbit-dal/source/microbit-dal.a(MicroBitDisplay.cpp.o)
                0x0001a784                MicroBitDisplay::print(ManagedString, int)
 .text._ZN15MicroBitDisplay5printE13MicroBitImageiiii
                0x0001a7ec       0x68 ym/microbit-dal/source/microbit-dal.a(MicroBitDisplay.cpp.o)
                0x0001a7ec                MicroBitDisplay::print(MicroBitImage, int, int, int, int)
 .text._ZN15MicroBitDisplay11scrollAsyncE13ManagedStringi
                0x0001a854       0x54 ym/microbit-dal/source/microbit-dal.a(MicroBitDisplay.cpp.o)
                0x0001a854                MicroBitDisplay::scrollAsync(ManagedString, int)
 .text._ZN15MicroBitDisplay13setBrightnessEi
                0x0001a8a8       0x14 ym/microbit-dal/source/microbit-dal.a(MicroBitDisplay.cpp.o)
                0x0001a8a8                MicroBitDisplay::setBrightness(int)
 .text._ZN11MicroBitI2C4readEiPcib
                0x0001a8bc       0x94 ym/microbit-dal/source/microbit-dal.a(MicroBitI2C.cpp.o)
                0x0001a8bc                MicroBitI2C::read(int, char*, int, bool)
 .text._ZN11MicroBitI2C5writeEiPKcib
                0x0001a950       0x94 ym/microbit-dal/source/microbit-dal.a(MicroBitI2C.cpp.o)
                0x0001a950                MicroBitI2C::write(int, char const*, int, bool)
 .text._ZN19MicroBitLightSensor11analogReadyEv
                0x0001a9e4       0x50 ym/microbit-dal/source/microbit-dal.a(MicroBitLightSensor.cpp.o)
                0x0001a9e4                MicroBitLightSensor::analogReady()
 .text._ZN19MicroBitLightSensor12startSensingE13MicroBitEvent
                0x0001aa34       0xa0 ym/microbit-dal/source/microbit-dal.a(MicroBitLightSensor.cpp.o)
                0x0001aa34                MicroBitLightSensor::startSensing(MicroBitEvent)
 .text._ZN16MicroBitListenerC2I19MicroBitLightSensorEEttPT_MS2_Fv13MicroBitEventEt
                0x0001aad4       0x68 ym/microbit-dal/source/microbit-dal.a(MicroBitLightSensor.cpp.o)
                0x0001aad4                MicroBitListener::MicroBitListener<MicroBitLightSensor>(unsigned short, unsigned short, MicroBitLightSensor*, void (MicroBitLightSensor::*)(MicroBitEvent), unsigned short)
                0x0001aad4                MicroBitListener::MicroBitListener<MicroBitLightSensor>(unsigned short, unsigned short, MicroBitLightSensor*, void (MicroBitLightSensor::*)(MicroBitEvent), unsigned short)
 .text._ZN19MicroBitLightSensorC2ERK9MatrixMap
                0x0001ab3c       0x80 ym/microbit-dal/source/microbit-dal.a(MicroBitLightSensor.cpp.o)
                0x0001ab3c                MicroBitLightSensor::MicroBitLightSensor(MatrixMap const&)
                0x0001ab3c                MicroBitLightSensor::MicroBitLightSensor(MatrixMap const&)
 .text._ZN19MicroBitLightSensorD2Ev
                0x0001abbc       0x64 ym/microbit-dal/source/microbit-dal.a(MicroBitLightSensor.cpp.o)
                0x0001abbc                MicroBitLightSensor::~MicroBitLightSensor()
                0x0001abbc                MicroBitLightSensor::~MicroBitLightSensor()
 .text._ZN18MicroBitMessageBus6removeEP16MicroBitListener
                0x0001ac20       0x74 ym/microbit-dal/source/microbit-dal.a(MicroBitMessageBus.cpp.o)
                0x0001ac20                MicroBitMessageBus::remove(MicroBitListener*)
 .text._ZN18MicroBitMessageBus3addEP16MicroBitListener
                0x0001ac94       0xd0 ym/microbit-dal/source/microbit-dal.a(MicroBitMessageBus.cpp.o)
                0x0001ac94                MicroBitMessageBus::add(MicroBitListener*)
 .text._ZN18MicroBitMessageBusD2Ev
                0x0001ad64       0x20 ym/microbit-dal/source/microbit-dal.a(MicroBitMessageBus.cpp.o)
                0x0001ad64                MicroBitMessageBus::~MicroBitMessageBus()
                0x0001ad64                MicroBitMessageBus::~MicroBitMessageBus()
 .text._ZThn4_N18MicroBitMessageBusD1Ev
                0x0001ad84       0x10 ym/microbit-dal/source/microbit-dal.a(MicroBitMessageBus.cpp.o)
                0x0001ad84                non-virtual thunk to MicroBitMessageBus::~MicroBitMessageBus()
 .text._ZThn4_N18MicroBitMessageBusD0Ev
                0x0001ad94       0x10 ym/microbit-dal/source/microbit-dal.a(MicroBitMessageBus.cpp.o)
                0x0001ad94                non-virtual thunk to MicroBitMessageBus::~MicroBitMessageBus()
 .text._ZN18MicroBitMessageBusC2Ev
                0x0001ada4       0x3c ym/microbit-dal/source/microbit-dal.a(MicroBitMessageBus.cpp.o)
                0x0001ada4                MicroBitMessageBus::MicroBitMessageBus()
                0x0001ada4                MicroBitMessageBus::MicroBitMessageBus()
 .text._ZN18MicroBitMessageBus7processER13MicroBitEventb
                0x0001ade0       0x88 ym/microbit-dal/source/microbit-dal.a(MicroBitMessageBus.cpp.o)
                0x0001ade0                MicroBitMessageBus::process(MicroBitEvent&, bool)
 .text._ZThn4_N18MicroBitMessageBus8idleTickEv
                0x0001ae68       0x10 ym/microbit-dal/source/microbit-dal.a(MicroBitMessageBus.cpp.o)
                0x0001ae68                non-virtual thunk to MicroBitMessageBus::idleTick()
 .text._ZN10EventModel6listenI19MicroBitMultiButtonEEittPT_MS2_Fv13MicroBitEventEt
                0x0001ae78       0xa8 ym/microbit-dal/source/microbit-dal.a(MicroBitMultiButton.cpp.o)
                0x0001ae78                int EventModel::listen<MicroBitMultiButton>(unsigned short, unsigned short, MicroBitMultiButton*, void (MicroBitMultiButton::*)(MicroBitEvent), unsigned short)
 .text._ZN19MicroBitMultiButtonC2Ettt
                0x0001af20       0x70 ym/microbit-dal/source/microbit-dal.a(MicroBitMultiButton.cpp.o)
                0x0001af20                MicroBitMultiButton::MicroBitMultiButton(unsigned short, unsigned short, unsigned short)
                0x0001af20                MicroBitMultiButton::MicroBitMultiButton(unsigned short, unsigned short, unsigned short)
 .text._ZN11MicroBitPinC2Ei7PinName13PinCapability
                0x0001af90       0x1c ym/microbit-dal/source/microbit-dal.a(MicroBitPin.cpp.o)
                0x0001af90                MicroBitPin::MicroBitPin(int, PinName, PinCapability)
                0x0001af90                MicroBitPin::MicroBitPin(int, PinName, PinCapability)
 .text._ZN13MicroBitRadioC2Et
                0x0001afac       0x40 ym/microbit-dal/source/microbit-dal.a(MicroBitRadio.cpp.o)
                0x0001afac                MicroBitRadio::MicroBitRadio(unsigned short)
                0x0001afac                MicroBitRadio::MicroBitRadio(unsigned short)
 .text._ZN13MicroBitRadio7setRSSIEi
                0x0001afec       0x14 ym/microbit-dal/source/microbit-dal.a(MicroBitRadio.cpp.o)
                0x0001afec                MicroBitRadio::setRSSI(int)
 .text._ZN13MicroBitRadio7getRSSIEv
                0x0001b000       0x14 ym/microbit-dal/source/microbit-dal.a(MicroBitRadio.cpp.o)
                0x0001b000                MicroBitRadio::getRSSI()
 .text._ZN13MicroBitRadio10queueRxBufEv
                0x0001b014       0x60 ym/microbit-dal/source/microbit-dal.a(MicroBitRadio.cpp.o)
                0x0001b014                MicroBitRadio::queueRxBuf()
 .text.RADIO_IRQHandler
                0x0001b074       0x64 ym/microbit-dal/source/microbit-dal.a(MicroBitRadio.cpp.o)
                0x0001b074                RADIO_IRQHandler
 .text._ZN13MicroBitRadio4recvEv
                0x0001b0d8       0x28 ym/microbit-dal/source/microbit-dal.a(MicroBitRadio.cpp.o)
                0x0001b0d8                MicroBitRadio::recv()
 .text._ZN14MicroBitSerial4baudEi
                0x0001b100       0x14 ym/microbit-dal/source/microbit-dal.a(MicroBitSerial.cpp.o)
                0x0001b100                MicroBitSerial::baud(int)
 .text._ZN14MicroBitSerialC2E7PinNameS0_hh
                0x0001b114       0x50 ym/microbit-dal/source/microbit-dal.a(MicroBitSerial.cpp.o)
                0x0001b114                MicroBitSerial::MicroBitSerial(PinName, PinName, unsigned char, unsigned char)
                0x0001b114                MicroBitSerial::MicroBitSerial(PinName, PinName, unsigned char, unsigned char)
 .text._ZN15MicroBitStorage4sizeEv
                0x0001b164       0x60 ym/microbit-dal/source/microbit-dal.a(MicroBitStorage.cpp.o)
                0x0001b164                MicroBitStorage::size()
 .text._ZN15MicroBitStorage3putEPKcPhi
                0x0001b1c4      0x1ac ym/microbit-dal/source/microbit-dal.a(MicroBitStorage.cpp.o)
                0x0001b1c4                MicroBitStorage::put(char const*, unsigned char*, int)
 .text._ZN19MicroBitThermometerC2ER15MicroBitStoraget
                0x0001b370       0x48 ym/microbit-dal/source/microbit-dal.a(MicroBitThermometer.cpp.o)
                0x0001b370                MicroBitThermometer::MicroBitThermometer(MicroBitStorage&, unsigned short)
                0x0001b370                MicroBitThermometer::MicroBitThermometer(MicroBitStorage&, unsigned short)
 .text._ZN19MicroBitThermometer12updateSampleEv
                0x0001b3b8       0x8c ym/microbit-dal/source/microbit-dal.a(MicroBitThermometer.cpp.o)
                0x0001b3b8                MicroBitThermometer::updateSample()
 .text._ZL18nvmc_event_handlerm
                0x0001b444       0x10 ym/microbit-dal/source/microbit-dal.a(MicroBitFlash.cpp.o)
 .text._ZN13MicroBitFlashC2Ev
                0x0001b454       0x24 ym/microbit-dal/source/microbit-dal.a(MicroBitFlash.cpp.o)
                0x0001b454                MicroBitFlash::MicroBitFlash()
                0x0001b454                MicroBitFlash::MicroBitFlash()
 .text._ZN13MicroBitFlash10erase_pageEPm
                0x0001b478       0x6c ym/microbit-dal/source/microbit-dal.a(MicroBitFlash.cpp.o)
                0x0001b478                MicroBitFlash::erase_page(unsigned long*)
 .text._ZN13MicroBitFlash10flash_burnEPmS0_i
                0x0001b4e4       0x7c ym/microbit-dal/source/microbit-dal.a(MicroBitFlash.cpp.o)
                0x0001b4e4                MicroBitFlash::flash_burn(unsigned long*, unsigned long*, int)
 .text._ZL22nrf_gpiote_task_enablem
                0x0001b560       0x2c ym/microbit-dal/source/microbit-dal.a(CalliopeSoundMotor.cpp.o)
 .text._ZL23nrf_gpiote_task_disablem
                0x0001b58c       0x18 ym/microbit-dal/source/microbit-dal.a(CalliopeSoundMotor.cpp.o)
 .text._ZN18CalliopeSoundMotorD2Ev
                0x0001b5a4       0x18 ym/microbit-dal/source/microbit-dal.a(CalliopeSoundMotor.cpp.o)
                0x0001b5a4                CalliopeSoundMotor::~CalliopeSoundMotor()
                0x0001b5a4                CalliopeSoundMotor::~CalliopeSoundMotor()
 .text._ZN18CalliopeSoundMotor8PWM_initEv
                0x0001b5bc      0x11c ym/microbit-dal/source/microbit-dal.a(CalliopeSoundMotor.cpp.o)
                0x0001b5bc                CalliopeSoundMotor::PWM_init()
 .text._ZN18CalliopeSoundMotorC2Ev
                0x0001b6d8       0x7c ym/microbit-dal/source/microbit-dal.a(CalliopeSoundMotor.cpp.o)
                0x0001b6d8                CalliopeSoundMotor::CalliopeSoundMotor()
                0x0001b6d8                CalliopeSoundMotor::CalliopeSoundMotor()
 .text._ZN18CalliopeSoundMotor7soundOnEt
                0x0001b754       0xd8 ym/microbit-dal/source/microbit-dal.a(CalliopeSoundMotor.cpp.o)
                0x0001b754                CalliopeSoundMotor::soundOn(unsigned short)
 .text._ZN18CalliopeSoundMotor8soundOffEv
                0x0001b82c       0x48 ym/microbit-dal/source/microbit-dal.a(CalliopeSoundMotor.cpp.o)
                0x0001b82c                CalliopeSoundMotor::soundOff()
 .text._ZN11CalliopeRGBD2Ev
                0x0001b874       0x18 ym/microbit-dal/source/microbit-dal.a(CalliopeRGB.cpp.o)
                0x0001b874                CalliopeRGB::~CalliopeRGB()
                0x0001b874                CalliopeRGB::~CalliopeRGB()
 .text._ZN11CalliopeRGB4sendEv
                0x0001b88c       0xd4 ym/microbit-dal/source/microbit-dal.a(CalliopeRGB.cpp.o)
                0x0001b88c                CalliopeRGB::send()
 .text._ZN11CalliopeRGB9setColourEhhhh
                0x0001b960       0x44 ym/microbit-dal/source/microbit-dal.a(CalliopeRGB.cpp.o)
                0x0001b960                CalliopeRGB::setColour(unsigned char, unsigned char, unsigned char, unsigned char)
 .text._ZN11CalliopeRGBC2Emh
                0x0001b9a4       0xa0 ym/microbit-dal/source/microbit-dal.a(CalliopeRGB.cpp.o)
                0x0001b9a4                CalliopeRGB::CalliopeRGB(unsigned long, unsigned char)
                0x0001b9a4                CalliopeRGB::CalliopeRGB(unsigned long, unsigned char)
 .text._ZN18MicroBitBLEManagerD2Ev
                0x0001ba44       0x20 ym/microbit-dal/source/microbit-dal.a(MicroBitBLEManager.cpp.o)
                0x0001ba44                MicroBitBLEManager::~MicroBitBLEManager()
                0x0001ba44                MicroBitBLEManager::~MicroBitBLEManager()
 .text._ZL25bleSysAttrMissingCallbackPK32GattSysAttrMissingCallbackParams
                0x0001ba64       0xc8 ym/microbit-dal/source/microbit-dal.a(MicroBitBLEManager.cpp.o)
 .text._ZN18MicroBitBLEManager8idleTickEv
                0x0001bb2c      0x110 ym/microbit-dal/source/microbit-dal.a(MicroBitBLEManager.cpp.o)
                0x0001bb2c                MicroBitBLEManager::idleTick()
 .text._ZN3Gap22setAdvertisingIntervalEt
                0x0001bc3c       0x38 ym/microbit-dal/source/microbit-dal.a(MicroBitBLEManager.cpp.o)
                0x0001bc3c                Gap::setAdvertisingInterval(unsigned short)
 .text._ZN18GattCharacteristicC2ERK4UUIDPhtthPP13GattAttributejb
                0x0001bc74       0x8c ym/microbit-dal/source/microbit-dal.a(MicroBitBLEManager.cpp.o)
                0x0001bc74                GattCharacteristic::GattCharacteristic(UUID const&, unsigned char*, unsigned short, unsigned short, unsigned char, GattAttribute**, unsigned int, bool)
                0x0001bc74                GattCharacteristic::GattCharacteristic(UUID const&, unsigned char*, unsigned short, unsigned short, unsigned char, GattAttribute**, unsigned int, bool)
 .text._ZN24DeviceInformationServiceC2ER3BLEPKcS3_S3_S3_S3_S3_
                0x0001bd00      0x1dc ym/microbit-dal/source/microbit-dal.a(MicroBitBLEManager.cpp.o)
                0x0001bd00                DeviceInformationService::DeviceInformationService(BLE&, char const*, char const*, char const*, char const*, char const*, char const*)
                0x0001bd00                DeviceInformationService::DeviceInformationService(BLE&, char const*, char const*, char const*, char const*, char const*, char const*)
 .text._ZN18MicroBitBLEManagerC2ER15MicroBitStorage
                0x0001bedc       0x38 ym/microbit-dal/source/microbit-dal.a(MicroBitBLEManager.cpp.o)
                0x0001bedc                MicroBitBLEManager::MicroBitBLEManager(MicroBitStorage&)
                0x0001bedc                MicroBitBLEManager::MicroBitBLEManager(MicroBitStorage&)
 .text._ZL24bleDisconnectionCallbackPKN3Gap29DisconnectionCallbackParams_tE
                0x0001bf14       0x3c ym/microbit-dal/source/microbit-dal.a(MicroBitBLEManager.cpp.o)
 .text._ZN18MicroBitBLEManager16setTransmitPowerEi
                0x0001bf50       0x3c ym/microbit-dal/source/microbit-dal.a(MicroBitBLEManager.cpp.o)
                0x0001bf50                MicroBitBLEManager::setTransmitPower(int)
 .text._ZN18MicroBitBLEManager4initE13ManagedStringS0_R10EventModelb
                0x0001bf8c      0x2b0 ym/microbit-dal/source/microbit-dal.a(MicroBitBLEManager.cpp.o)
                0x0001bf8c                MicroBitBLEManager::init(ManagedString, ManagedString, EventModel&, bool)
 .text._ZL22passkeyDisplayCallbacktPKh
                0x0001c23c       0x34 ym/microbit-dal/source/microbit-dal.a(MicroBitBLEManager.cpp.o)
 .text._ZL30securitySetupCompletedCallbacktN15SecurityManager26SecurityCompletionStatus_tE
                0x0001c270       0x40 ym/microbit-dal/source/microbit-dal.a(MicroBitBLEManager.cpp.o)
 .text._ZN18MicroBitBLEManager11pairingModeER15MicroBitDisplayR14MicroBitButton
                0x0001c2b0      0x218 ym/microbit-dal/source/microbit-dal.a(MicroBitBLEManager.cpp.o)
                0x0001c2b0                MicroBitBLEManager::pairingMode(MicroBitDisplay&, MicroBitButton&)
 .text._Z15on_confirmationt
                0x0001c4c8       0x34 ym/microbit-dal/source/microbit-dal.a(MicroBitUARTService.cpp.o)
                0x0001c4c8                on_confirmation(unsigned short)
 .text._ZN19MicroBitUARTServiceC2ER3BLEhh
                0x0001c4fc      0x180 ym/microbit-dal/source/microbit-dal.a(MicroBitUARTService.cpp.o)
                0x0001c4fc                MicroBitUARTService::MicroBitUARTService(BLE&, unsigned char, unsigned char)
                0x0001c4fc                MicroBitUARTService::MicroBitUARTService(BLE&, unsigned char, unsigned char)
 .text._ZN19MicroBitUARTService14txBufferedSizeEv
                0x0001c67c       0x20 ym/microbit-dal/source/microbit-dal.a(MicroBitUARTService.cpp.o)
                0x0001c67c                MicroBitUARTService::txBufferedSize()
 .text._ZN19MicroBitUARTService4sendEPKhi18MicroBitSerialMode
                0x0001c69c      0x17c ym/microbit-dal/source/microbit-dal.a(MicroBitUARTService.cpp.o)
                0x0001c69c                MicroBitUARTService::send(unsigned char const*, int, MicroBitSerialMode)
 .text          0x0001c818      0x124 ym/microbit-dal/source/microbit-dal.a(CortexContextSwitch.s.obj)
                0x0001c818                swap_context
                0x0001c89a                save_context
                0x0001c8de                save_register_context
                0x0001c90e                restore_register_context
 .text._Z14string_reversePc
                0x0001c93c       0x2c ym/microbit-dal/source/microbit-dal.a(MicroBitCompat.cpp.o)
                0x0001c93c                string_reverse(char*)
 .text._Z4itoaiPc
                0x0001c968       0x68 ym/microbit-dal/source/microbit-dal.a(MicroBitCompat.cpp.o)
                0x0001c968                itoa(int, char*)
 .text._ZN7Matrix4C2Eii
                0x0001c9d0       0x34 ym/microbit-dal/source/microbit-dal.a(Matrix4.cpp.o)
                0x0001c9d0                Matrix4::Matrix4(int, int)
                0x0001c9d0                Matrix4::Matrix4(int, int)
 .text._ZN7Matrix4C2ERKS_
                0x0001ca04       0x44 ym/microbit-dal/source/microbit-dal.a(Matrix4.cpp.o)
                0x0001ca04                Matrix4::Matrix4(Matrix4 const&)
                0x0001ca04                Matrix4::Matrix4(Matrix4 const&)
 .text._ZN13MicroBitImageC2Ev
                0x0001ca48        0xc ym/microbit-dal/source/microbit-dal.a(MicroBitImage.cpp.o)
                0x0001ca48                MicroBitImage::MicroBitImage()
                0x0001ca48                MicroBitImage::MicroBitImage()
 .text._ZN13MicroBitImage13setPixelValueEssh
                0x0001ca54       0x2c ym/microbit-dal/source/microbit-dal.a(MicroBitImage.cpp.o)
                0x0001ca54                MicroBitImage::setPixelValue(short, short, unsigned char)
 .text._ZN13MicroBitImage10printImageEssPKh
                0x0001ca80       0x60 ym/microbit-dal/source/microbit-dal.a(MicroBitImage.cpp.o)
                0x0001ca80                MicroBitImage::printImage(short, short, unsigned char const*)
 .text._ZN13MicroBitImage4initEssPKh
                0x0001cae0       0x4c ym/microbit-dal/source/microbit-dal.a(MicroBitImage.cpp.o)
                0x0001cae0                MicroBitImage::init(short, short, unsigned char const*)
 .text._ZN13MicroBitImageC2EPKc
                0x0001cb2c       0xa0 ym/microbit-dal/source/microbit-dal.a(MicroBitImage.cpp.o)
                0x0001cb2c                MicroBitImage::MicroBitImage(char const*)
                0x0001cb2c                MicroBitImage::MicroBitImage(char const*)
 .text._ZN13MicroBitImage5printEcss
                0x0001cbcc       0x90 ym/microbit-dal/source/microbit-dal.a(MicroBitImage.cpp.o)
                0x0001cbcc                MicroBitImage::print(char, short, short)
 .text._ZN13MicroBitImage9shiftLeftEs
                0x0001cc5c       0x50 ym/microbit-dal/source/microbit-dal.a(MicroBitImage.cpp.o)
                0x0001cc5c                MicroBitImage::shiftLeft(short)
 .text.startup._GLOBAL__sub_I__ZN13MicroBitImage10EmptyImageE
                0x0001ccac       0x28 ym/microbit-dal/source/microbit-dal.a(MicroBitImage.cpp.o)
 .text._ZN3BLE8InstanceEj
                0x0001ccd4       0x60 ym/ble/source/ble.a(BLE.cpp.o)
                0x0001ccd4                BLE::Instance(unsigned int)
 .text._ZN3BLEC2Ej
                0x0001cd34       0x2c ym/ble/source/ble.a(BLE.cpp.o)
                0x0001cd34                BLE::BLE(unsigned int)
                0x0001cd34                BLE::BLE(unsigned int)
 .text._ZNK3BLE3gapEv
                0x0001cd60       0x20 ym/ble/source/ble.a(BLE.cpp.o)
                0x0001cd60                BLE::gap() const
 .text._ZNK3BLE10gattServerEv
                0x0001cd80       0x20 ym/ble/source/ble.a(BLE.cpp.o)
                0x0001cd80                BLE::gattServer() const
 .text._ZNK3BLE15securityManagerEv
                0x0001cda0       0x20 ym/ble/source/ble.a(BLE.cpp.o)
                0x0001cda0                BLE::securityManager() const
 .text._ZL16sys_evt_dispatchm
                0x0001cdc0       0x1c ym/ble-nrf51822/source/ble-nrf51822.a(btle.cpp.o)
 .text._ZL12btle_handlerP9ble_evt_t
                0x0001cddc      0x18c ym/ble-nrf51822/source/ble-nrf51822.a(btle.cpp.o)
 .text.btle_set_user_evt_handler
                0x0001cf68        0xc ym/ble-nrf51822/source/ble-nrf51822.a(btle.cpp.o)
                0x0001cf68                btle_set_user_evt_handler
 .text.btle_init
                0x0001cf74       0xa8 ym/ble-nrf51822/source/ble-nrf51822.a(btle.cpp.o)
                0x0001cf74                btle_init
 .text.app_error_handler
                0x0001d01c       0x20 ym/ble-nrf51822/source/ble-nrf51822.a(btle.cpp.o)
                0x0001d01c                app_error_handler
 .text._ZN8nRF5xGap25getPermittedTxPowerValuesEPPKaPj
                0x0001d03c       0x10 ym/ble-nrf51822/source/ble-nrf51822.a(nRF5xGap.cpp.o)
                0x0001d03c                nRF5xGap::getPermittedTxPowerValues(signed char const**, unsigned int*)
 .text._Z31radioNotificationStaticCallbackb
                0x0001d04c       0x3c ym/ble-nrf51822/source/ble-nrf51822.a(nRF5xGap.cpp.o)
                0x0001d04c                radioNotificationStaticCallback(bool)
 .text._ZN8nRF5xGap21initRadioNotificationEv
                0x0001d088       0x20 ym/ble-nrf51822/source/ble-nrf51822.a(nRF5xGap.cpp.o)
                0x0001d088                nRF5xGap::initRadioNotification()
 .text._ZN3Gap5resetEv
                0x0001d0a8       0xf4 ym/ble-nrf51822/source/ble-nrf51822.a(nRF5xGap.cpp.o)
                0x0001d0a8                Gap::reset()
 .text._ZN8nRF5xGap22generateStackWhitelistER19ble_gap_whitelist_t
                0x0001d19c       0xdc ym/ble-nrf51822/source/ble-nrf51822.a(nRF5xGap.cpp.o)
                0x0001d19c                nRF5xGap::generateStackWhitelist(ble_gap_whitelist_t&)
 .text._ZN8nRF5xGap16startAdvertisingERK20GapAdvertisingParams
                0x0001d278       0x44 ym/ble-nrf51822/source/ble-nrf51822.a(nRF5xGap.cpp.o)
                0x0001d278                nRF5xGap::startAdvertising(GapAdvertisingParams const&)
 .text._ZN8nRF5xGap7connectEPKhN11BLEProtocol11AddressType4TypeEPKN3Gap18ConnectionParams_tEPK17GapScanningParams
                0x0001d2bc      0x10c ym/ble-nrf51822/source/ble-nrf51822.a(nRF5xGap.cpp.o)
                0x0001d2bc                nRF5xGap::connect(unsigned char const*, BLEProtocol::AddressType::Type, Gap::ConnectionParams_t const*, GapScanningParams const*)
 .text._Z13btle_gap_initv
                0x0001d3c8       0x54 ym/ble-nrf51822/source/ble-nrf51822.a(btle_gap.cpp.o)
                0x0001d3c8                btle_gap_init()
 .text._Z27btle_hasInitializedSecurityv
                0x0001d41c        0xc ym/ble-nrf51822/source/ble-nrf51822.a(btle_security.cpp.o)
                0x0001d41c                btle_hasInitializedSecurity()
 .text._Z23btle_initializeSecuritybbN15SecurityManager24SecurityIOCapabilities_tEPKh
                0x0001d428       0xc4 ym/ble-nrf51822/source/ble-nrf51822.a(btle_security.cpp.o)
                0x0001d428                btle_initializeSecurity(bool, bool, SecurityManager::SecurityIOCapabilities_t, unsigned char const*)
 .text._Z25btle_purgeAllBondingStatev
                0x0001d4ec       0x20 ym/ble-nrf51822/source/ble-nrf51822.a(btle_security.cpp.o)
                0x0001d4ec                btle_purgeAllBondingState()
 .text._Z20btle_getLinkSecuritytPN15SecurityManager20LinkSecurityStatus_tE
                0x0001d50c       0x54 ym/ble-nrf51822/source/ble-nrf51822.a(btle_security.cpp.o)
                0x0001d50c                btle_getLinkSecurity(unsigned short, SecurityManager::LinkSecurityStatus_t*)
 .text._Z20btle_setLinkSecuritytN15SecurityManager14SecurityMode_tE
                0x0001d560       0x50 ym/ble-nrf51822/source/ble-nrf51822.a(btle_security.cpp.o)
                0x0001d560                btle_setLinkSecurity(unsigned short, SecurityManager::SecurityMode_t)
 .text._Z33btle_createWhitelistFromBondTableP19ble_gap_whitelist_t
                0x0001d5b0       0x2c ym/ble-nrf51822/source/ble-nrf51822.a(btle_security.cpp.o)
                0x0001d5b0                btle_createWhitelistFromBondTable(ble_gap_whitelist_t*)
 .text._ZN15nRF5xGattServer4readEtPhPt
                0x0001d5dc       0x18 ym/ble-nrf51822/source/ble-nrf51822.a(nRF5xGattServer.cpp.o)
                0x0001d5dc                nRF5xGattServer::read(unsigned short, unsigned char*, unsigned short*)
 .text._ZN15nRF5xGattServer5writeEtPKhtb
                0x0001d5f4       0x1c ym/ble-nrf51822/source/ble-nrf51822.a(nRF5xGattServer.cpp.o)
                0x0001d5f4                nRF5xGattServer::write(unsigned short, unsigned char const*, unsigned short, bool)
 .text._ZN15nRF5xGattServer5writeEttPKhtb
                0x0001d610       0xf0 ym/ble-nrf51822/source/ble-nrf51822.a(nRF5xGattServer.cpp.o)
                0x0001d610                nRF5xGattServer::write(unsigned short, unsigned short, unsigned char const*, unsigned short, bool)
 .text._ZN15nRF5xGattServer10addServiceER11GattService
                0x0001d700      0x1dc ym/ble-nrf51822/source/ble-nrf51822.a(nRF5xGattServer.cpp.o)
                0x0001d700                nRF5xGattServer::addService(GattService&)
 .text._ZN26FunctionPointerWithContextItEC2EPFvtE
                0x0001d8dc       0x20 ym/ble-nrf51822/source/ble-nrf51822.a(nRF5xGattServer.cpp.o)
                0x0001d8dc                FunctionPointerWithContext<unsigned short>::FunctionPointerWithContext(void (*)(unsigned short))
                0x0001d8dc                FunctionPointerWithContext<unsigned short>::FunctionPointerWithContext(void (*)(unsigned short))
 .text._ZN15nRF5xGattServer5resetEv
                0x0001d8fc       0x50 ym/ble-nrf51822/source/ble-nrf51822.a(nRF5xGattServer.cpp.o)
                0x0001d8fc                nRF5xGattServer::reset()
 .text._ZNK3Gap25getMaxAdvertisingIntervalEv
                0x0001d94c        0x8 ym/ble-nrf51822/source/ble-nrf51822.a(nRF5xn.cpp.o)
                0x0001d94c                Gap::getMaxAdvertisingInterval() const
 .text._ZN10GattClient16discoverServicesEt26FunctionPointerWithContextIPK17DiscoveredServiceERK4UUID
                0x0001d954       0x60 ym/ble-nrf51822/source/ble-nrf51822.a(nRF5xn.cpp.o)
                0x0001d954                GattClient::discoverServices(unsigned short, FunctionPointerWithContext<DiscoveredService const*>, UUID const&)
 .text._ZN6nRF5xn18getSecurityManagerEv
                0x0001d9b4       0x34 ym/ble-nrf51822/source/ble-nrf51822.a(nRF5xn.cpp.o)
                0x0001d9b4                nRF5xn::getSecurityManager()
 .text._ZN6nRF5xn13getGattClientEv
                0x0001d9e8       0x48 ym/ble-nrf51822/source/ble-nrf51822.a(nRF5xn.cpp.o)
                0x0001d9e8                nRF5xn::getGattClient()
 .text._ZN6nRF5xn10getVersionEv
                0x0001da30       0x74 ym/ble-nrf51822/source/ble-nrf51822.a(nRF5xn.cpp.o)
                0x0001da30                nRF5xn::getVersion()
 .text._ZN38CallChainOfFunctionPointersWithContextIPK23GattWriteCallbackParamsED2Ev
                0x0001daa4       0x14 ym/ble-nrf51822/source/ble-nrf51822.a(nRF5xn.cpp.o)
                0x0001daa4                CallChainOfFunctionPointersWithContext<GattWriteCallbackParams const*>::~CallChainOfFunctionPointersWithContext()
                0x0001daa4                CallChainOfFunctionPointersWithContext<GattWriteCallbackParams const*>::~CallChainOfFunctionPointersWithContext()
 .text._ZN38CallChainOfFunctionPointersWithContextIPK22GattReadCallbackParamsED2Ev
                0x0001dab8       0x14 ym/ble-nrf51822/source/ble-nrf51822.a(nRF5xn.cpp.o)
                0x0001dab8                CallChainOfFunctionPointersWithContext<GattReadCallbackParams const*>::~CallChainOfFunctionPointersWithContext()
                0x0001dab8                CallChainOfFunctionPointersWithContext<GattReadCallbackParams const*>::~CallChainOfFunctionPointersWithContext()
 .text._ZN38CallChainOfFunctionPointersWithContextIjED2Ev
                0x0001dacc       0x20 ym/ble-nrf51822/source/ble-nrf51822.a(nRF5xn.cpp.o)
                0x0001dacc                CallChainOfFunctionPointersWithContext<unsigned int>::~CallChainOfFunctionPointersWithContext()
                0x0001dacc                CallChainOfFunctionPointersWithContext<unsigned int>::~CallChainOfFunctionPointersWithContext()
 .text._ZN38CallChainOfFunctionPointersWithContextIPK32GattSysAttrMissingCallbackParamsED2Ev
                0x0001daec       0x20 ym/ble-nrf51822/source/ble-nrf51822.a(nRF5xn.cpp.o)
                0x0001daec                CallChainOfFunctionPointersWithContext<GattSysAttrMissingCallbackParams const*>::~CallChainOfFunctionPointersWithContext()
                0x0001daec                CallChainOfFunctionPointersWithContext<GattSysAttrMissingCallbackParams const*>::~CallChainOfFunctionPointersWithContext()
 .text._ZN38CallChainOfFunctionPointersWithContextIPK10GattServerED2Ev
                0x0001db0c       0x20 ym/ble-nrf51822/source/ble-nrf51822.a(nRF5xn.cpp.o)
                0x0001db0c                CallChainOfFunctionPointersWithContext<GattServer const*>::~CallChainOfFunctionPointersWithContext()
                0x0001db0c                CallChainOfFunctionPointersWithContext<GattServer const*>::~CallChainOfFunctionPointersWithContext()
 .text._ZN38CallChainOfFunctionPointersWithContextIPK21GattHVXCallbackParamsED2Ev
                0x0001db2c       0x20 ym/ble-nrf51822/source/ble-nrf51822.a(nRF5xn.cpp.o)
                0x0001db2c                CallChainOfFunctionPointersWithContext<GattHVXCallbackParams const*>::~CallChainOfFunctionPointersWithContext()
                0x0001db2c                CallChainOfFunctionPointersWithContext<GattHVXCallbackParams const*>::~CallChainOfFunctionPointersWithContext()
 .text._ZN38CallChainOfFunctionPointersWithContextIN3Gap15TimeoutSource_tEED2Ev
                0x0001db4c       0x20 ym/ble-nrf51822/source/ble-nrf51822.a(nRF5xn.cpp.o)
                0x0001db4c                CallChainOfFunctionPointersWithContext<Gap::TimeoutSource_t>::~CallChainOfFunctionPointersWithContext()
                0x0001db4c                CallChainOfFunctionPointersWithContext<Gap::TimeoutSource_t>::~CallChainOfFunctionPointersWithContext()
 .text._ZN38CallChainOfFunctionPointersWithContextIPKN3Gap26ConnectionCallbackParams_tEED2Ev
                0x0001db6c       0x20 ym/ble-nrf51822/source/ble-nrf51822.a(nRF5xn.cpp.o)
                0x0001db6c                CallChainOfFunctionPointersWithContext<Gap::ConnectionCallbackParams_t const*>::~CallChainOfFunctionPointersWithContext()
                0x0001db6c                CallChainOfFunctionPointersWithContext<Gap::ConnectionCallbackParams_t const*>::~CallChainOfFunctionPointersWithContext()
 .text._ZN38CallChainOfFunctionPointersWithContextIPKN3Gap29DisconnectionCallbackParams_tEED2Ev
                0x0001db8c       0x20 ym/ble-nrf51822/source/ble-nrf51822.a(nRF5xn.cpp.o)
                0x0001db8c                CallChainOfFunctionPointersWithContext<Gap::DisconnectionCallbackParams_t const*>::~CallChainOfFunctionPointersWithContext()
                0x0001db8c                CallChainOfFunctionPointersWithContext<Gap::DisconnectionCallbackParams_t const*>::~CallChainOfFunctionPointersWithContext()
 .text._ZN38CallChainOfFunctionPointersWithContextIPK3GapED2Ev
                0x0001dbac       0x20 ym/ble-nrf51822/source/ble-nrf51822.a(nRF5xn.cpp.o)
                0x0001dbac                CallChainOfFunctionPointersWithContext<Gap const*>::~CallChainOfFunctionPointersWithContext()
                0x0001dbac                CallChainOfFunctionPointersWithContext<Gap const*>::~CallChainOfFunctionPointersWithContext()
 .text._ZN38CallChainOfFunctionPointersWithContextIPK15SecurityManagerED2Ev
                0x0001dbcc       0x20 ym/ble-nrf51822/source/ble-nrf51822.a(nRF5xn.cpp.o)
                0x0001dbcc                CallChainOfFunctionPointersWithContext<SecurityManager const*>::~CallChainOfFunctionPointersWithContext()
                0x0001dbcc                CallChainOfFunctionPointersWithContext<SecurityManager const*>::~CallChainOfFunctionPointersWithContext()
 .text._ZN38CallChainOfFunctionPointersWithContextIPK10GattClientED2Ev
                0x0001dbec       0x20 ym/ble-nrf51822/source/ble-nrf51822.a(nRF5xn.cpp.o)
                0x0001dbec                CallChainOfFunctionPointersWithContext<GattClient const*>::~CallChainOfFunctionPointersWithContext()
                0x0001dbec                CallChainOfFunctionPointersWithContext<GattClient const*>::~CallChainOfFunctionPointersWithContext()
 .text._ZNK6nRF5xn18getSecurityManagerEv
                0x0001dc0c       0x34 ym/ble-nrf51822/source/ble-nrf51822.a(nRF5xn.cpp.o)
                0x0001dc0c                nRF5xn::getSecurityManager() const
 .text._ZN6nRF5xnD2Ev
                0x0001dc40       0x60 ym/ble-nrf51822/source/ble-nrf51822.a(nRF5xn.cpp.o)
                0x0001dc40                nRF5xn::~nRF5xn()
                0x0001dc40                nRF5xn::~nRF5xn()
 .text._ZN6nRF5xnC2Ev
                0x0001dca0      0x13c ym/ble-nrf51822/source/ble-nrf51822.a(nRF5xn.cpp.o)
                0x0001dca0                nRF5xn::nRF5xn()
                0x0001dca0                nRF5xn::nRF5xn()
 .text._ZN6nRF5xn8InstanceEj
                0x0001dddc       0x24 ym/ble-nrf51822/source/ble-nrf51822.a(nRF5xn.cpp.o)
                0x0001dddc                nRF5xn::Instance(unsigned int)
 .text._ZN15nRF5xGattServerC2Ev
                0x0001de00       0xc0 ym/ble-nrf51822/source/ble-nrf51822.a(nRF5xn.cpp.o)
                0x0001de00                nRF5xGattServer::nRF5xGattServer()
                0x0001de00                nRF5xGattServer::nRF5xGattServer()
 .text.custom_convert_to_nordic_uuid
                0x0001dec0       0xa4 ym/ble-nrf51822/source/ble-nrf51822.a(custom_helper.cpp.o)
                0x0001dec0                custom_convert_to_nordic_uuid
 .text._ZN17GapScanningParamsC2Etttb
                0x0001df64       0x60 ym/ble/source/ble.a(GapScanningParams.cpp.o)
                0x0001df64                GapScanningParams::GapScanningParams(unsigned short, unsigned short, unsigned short, bool)
                0x0001df64                GapScanningParams::GapScanningParams(unsigned short, unsigned short, unsigned short, bool)
 .text.SWI1_IRQHandler
                0x0001dfc4       0x20 ym/nrf51-sdk/source/nrf51-sdk.a(ble_radio_notification.c.o)
                0x0001dfc4                SWI1_IRQHandler
 .text.ble_radio_notification_init
                0x0001dfe4       0x38 ym/nrf51-sdk/source/nrf51-sdk.a(ble_radio_notification.c.o)
                0x0001dfe4                ble_radio_notification_init
 .text.intern_softdevice_events_execute
                0x0001e01c       0xa0 ym/nrf51-sdk/source/nrf51-sdk.a(softdevice_handler.c.o)
                0x0001e01c                intern_softdevice_events_execute
 .text.softdevice_handler_init
                0x0001e0bc       0x48 ym/nrf51-sdk/source/nrf51-sdk.a(softdevice_handler.c.o)
                0x0001e0bc                softdevice_handler_init
 .text.softdevice_handler_sd_disable
                0x0001e104       0x18 ym/nrf51-sdk/source/nrf51-sdk.a(softdevice_handler.c.o)
                0x0001e104                softdevice_handler_sd_disable
 .text.softdevice_ble_evt_handler_set
                0x0001e11c       0x14 ym/nrf51-sdk/source/nrf51-sdk.a(softdevice_handler.c.o)
                0x0001e11c                softdevice_ble_evt_handler_set
 .text.softdevice_sys_evt_handler_set
                0x0001e130       0x14 ym/nrf51-sdk/source/nrf51-sdk.a(softdevice_handler.c.o)
                0x0001e130                softdevice_sys_evt_handler_set
 .text.SWI2_IRQHandler
                0x0001e144       0x24 ym/nrf51-sdk/source/nrf51-sdk.a(softdevice_handler.c.o)
                0x0001e144                SWI2_IRQHandler
 .text.gatts_context_store
                0x0001e168       0xc0 ym/nrf51-sdk/source/nrf51-sdk.a(device_manager_peripheral.c.o)
 .text.device_context_store
                0x0001e228       0xb0 ym/nrf51-sdk/source/nrf51-sdk.a(device_manager_peripheral.c.o)
 .text.gatts_context_apply
                0x0001e2d8       0xc0 ym/nrf51-sdk/source/nrf51-sdk.a(device_manager_peripheral.c.o)
 .text.gatts_context_load
                0x0001e398       0x34 ym/nrf51-sdk/source/nrf51-sdk.a(device_manager_peripheral.c.o)
 .text.peer_instance_init
                0x0001e3cc       0x48 ym/nrf51-sdk/source/nrf51-sdk.a(device_manager_peripheral.c.o)
 .text.device_instance_free
                0x0001e414       0x2c ym/nrf51-sdk/source/nrf51-sdk.a(device_manager_peripheral.c.o)
 .text.dm_pstorage_cb_handler
                0x0001e440      0x128 ym/nrf51-sdk/source/nrf51-sdk.a(device_manager_peripheral.c.o)
 .text.dm_init  0x0001e568       0xd4 ym/nrf51-sdk/source/nrf51-sdk.a(device_manager_peripheral.c.o)
                0x0001e568                dm_init
 .text.dm_register
                0x0001e63c       0x70 ym/nrf51-sdk/source/nrf51-sdk.a(device_manager_peripheral.c.o)
                0x0001e63c                dm_register
 .text.dm_security_status_req
                0x0001e6ac       0x74 ym/nrf51-sdk/source/nrf51-sdk.a(device_manager_peripheral.c.o)
                0x0001e6ac                dm_security_status_req
 .text.dm_whitelist_create
                0x0001e720       0xbc ym/nrf51-sdk/source/nrf51-sdk.a(device_manager_peripheral.c.o)
                0x0001e720                dm_whitelist_create
 .text.dm_device_delete_all
                0x0001e7dc       0x54 ym/nrf51-sdk/source/nrf51-sdk.a(device_manager_peripheral.c.o)
                0x0001e7dc                dm_device_delete_all
 .text.bond_data_load
                0x0001e830       0x48 ym/nrf51-sdk/source/nrf51-sdk.a(device_manager_peripheral.c.o)
                0x0001e830                bond_data_load
 .text.address_to_device_id
                0x0001e878       0x2c ym/nrf51-sdk/source/nrf51-sdk.a(device_manager_peripheral.c.o)
                0x0001e878                address_to_device_id
 .text.dm_ble_evt_handler
                0x0001e8a4      0x38c ym/nrf51-sdk/source/nrf51-sdk.a(device_manager_peripheral.c.o)
                0x0001e8a4                dm_ble_evt_handler
 .text.dm_handle_get
                0x0001ec30       0x48 ym/nrf51-sdk/source/nrf51-sdk.a(device_manager_peripheral.c.o)
                0x0001ec30                dm_handle_get
 .text.pstorage_flash_page_end
                0x0001ec78       0x20 ym/nrf51-sdk/source/nrf51-sdk.a(pstorage.c.o)
 .text.swap_sub_state_entry_action_run
                0x0001ec98       0x18 ym/nrf51-sdk/source/nrf51-sdk.a(pstorage.c.o)
 .text.app_notify
                0x0001ecb0       0x2c ym/nrf51-sdk/source/nrf51-sdk.a(pstorage.c.o)
 .text.is_page_erase_required
                0x0001ecdc       0x50 ym/nrf51-sdk/source/nrf51-sdk.a(pstorage.c.o)
 .text.swap_sub_state_err_busy_process
                0x0001ed2c       0x18 ym/nrf51-sdk/source/nrf51-sdk.a(pstorage.c.o)
 .text.data_to_swap_write_state_run
                0x0001ed44       0x30 ym/nrf51-sdk/source/nrf51-sdk.a(pstorage.c.o)
 .text.swap_erase_state_run
                0x0001ed74       0x24 ym/nrf51-sdk/source/nrf51-sdk.a(pstorage.c.o)
 .text.flash_api_err_code_process
                0x0001ed98       0x40 ym/nrf51-sdk/source/nrf51-sdk.a(pstorage.c.o)
 .text.store_cmd_flash_write_execute
                0x0001edd8       0x54 ym/nrf51-sdk/source/nrf51-sdk.a(pstorage.c.o)
 .text.state_restore_head_entry_run
                0x0001ee2c       0x34 ym/nrf51-sdk/source/nrf51-sdk.a(pstorage.c.o)
 .text.state_restore_tail_entry_run
                0x0001ee60       0x48 ym/nrf51-sdk/source/nrf51-sdk.a(pstorage.c.o)
 .text.state_write_data_swap_entry_run
                0x0001eea8       0x2c ym/nrf51-sdk/source/nrf51-sdk.a(pstorage.c.o)
 .text.state_data_erase_entry_run
                0x0001eed4       0x14 ym/nrf51-sdk/source/nrf51-sdk.a(pstorage.c.o)
 .text.state_entry_action_run
                0x0001eee8       0xc4 ym/nrf51-sdk/source/nrf51-sdk.a(pstorage.c.o)
 .text.clear_operation_execute
                0x0001efac      0x114 ym/nrf51-sdk/source/nrf51-sdk.a(pstorage.c.o)
 .text.cmd_process
                0x0001f0c0       0x3c ym/nrf51-sdk/source/nrf51-sdk.a(pstorage.c.o)
 .text.cmd_queue_enqueue
                0x0001f0fc       0x54 ym/nrf51-sdk/source/nrf51-sdk.a(pstorage.c.o)
 .text.command_end_procedure_run
                0x0001f150       0x54 ym/nrf51-sdk/source/nrf51-sdk.a(pstorage.c.o)
 .text.clear_post_processing_run
                0x0001f1a4       0x2c ym/nrf51-sdk/source/nrf51-sdk.a(pstorage.c.o)
 .text.head_restore_state_run
                0x0001f1d0       0x9c ym/nrf51-sdk/source/nrf51-sdk.a(pstorage.c.o)
 .text.tail_restore_state_run
                0x0001f26c       0x1c ym/nrf51-sdk/source/nrf51-sdk.a(pstorage.c.o)
 .text.data_page_erase_state_run
                0x0001f288       0x78 ym/nrf51-sdk/source/nrf51-sdk.a(pstorage.c.o)
 .text.flash_operation_success_run
                0x0001f300       0x98 ym/nrf51-sdk/source/nrf51-sdk.a(pstorage.c.o)
 .text.pstorage_sys_event_handler
                0x0001f398       0x68 ym/nrf51-sdk/source/nrf51-sdk.a(pstorage.c.o)
                0x0001f398                pstorage_sys_event_handler
 .text.pstorage_init
                0x0001f400       0x80 ym/nrf51-sdk/source/nrf51-sdk.a(pstorage.c.o)
                0x0001f400                pstorage_init
 .text.pstorage_register
                0x0001f480       0xbc ym/nrf51-sdk/source/nrf51-sdk.a(pstorage.c.o)
                0x0001f480                pstorage_register
 .text.pstorage_block_identifier_get
                0x0001f53c       0x4c ym/nrf51-sdk/source/nrf51-sdk.a(pstorage.c.o)
                0x0001f53c                pstorage_block_identifier_get
 .text.pstorage_store
                0x0001f588       0x78 ym/nrf51-sdk/source/nrf51-sdk.a(pstorage.c.o)
                0x0001f588                pstorage_store
 .text.pstorage_update
                0x0001f600       0x78 ym/nrf51-sdk/source/nrf51-sdk.a(pstorage.c.o)
                0x0001f600                pstorage_update
 .text.pstorage_load
                0x0001f678       0x94 ym/nrf51-sdk/source/nrf51-sdk.a(pstorage.c.o)
                0x0001f678                pstorage_load
 .text.pstorage_clear
                0x0001f70c       0x84 ym/nrf51-sdk/source/nrf51-sdk.a(pstorage.c.o)
                0x0001f70c                pstorage_clear
 .text._ZN4mbed3I2CC2E7PinNameS1_
                0x0001f790       0x30 ym/mbed-classic/existing/mbed-classic.a(I2C.cpp.o)
                0x0001f790                mbed::I2C::I2C(PinName, PinName)
                0x0001f790                mbed::I2C::I2C(PinName, PinName)
 .text._ZN4mbed3I2C6aquireEv
                0x0001f7c0       0x1c ym/mbed-classic/existing/mbed-classic.a(I2C.cpp.o)
                0x0001f7c0                mbed::I2C::aquire()
 .text._ZN4mbed11InterruptInD2Ev
                0x0001f7dc       0x18 ym/mbed-classic/existing/mbed-classic.a(InterruptIn.cpp.o)
                0x0001f7dc                mbed::InterruptIn::~InterruptIn()
                0x0001f7dc                mbed::InterruptIn::~InterruptIn()
 .text._ZN4mbed11InterruptInC2E7PinName
                0x0001f7f4       0x48 ym/mbed-classic/existing/mbed-classic.a(InterruptIn.cpp.o)
                0x0001f7f4                mbed::InterruptIn::InterruptIn(PinName)
                0x0001f7f4                mbed::InterruptIn::InterruptIn(PinName)
 .text._ZN4mbed9RawSerialC2E7PinNameS1_
                0x0001f83c       0x14 ym/mbed-classic/existing/mbed-classic.a(RawSerial.cpp.o)
                0x0001f83c                mbed::RawSerial::RawSerial(PinName, PinName)
                0x0001f83c                mbed::RawSerial::RawSerial(PinName, PinName)
 .text._ZN4mbed10SerialBaseC2E7PinNameS1_
                0x0001f850       0x3c ym/mbed-classic/existing/mbed-classic.a(SerialBase.cpp.o)
                0x0001f850                mbed::SerialBase::SerialBase(PinName, PinName)
                0x0001f850                mbed::SerialBase::SerialBase(PinName, PinName)
 .text._ZN4mbed6TickerD2Ev
                0x0001f88c       0x1c ym/mbed-classic/existing/mbed-classic.a(Ticker.cpp.o)
                0x0001f88c                mbed::Ticker::~Ticker()
                0x0001f88c                mbed::Ticker::~Ticker()
 .text._ZN4mbed7TimeoutD2Ev
                0x0001f8a8       0x1c ym/mbed-classic/existing/mbed-classic.a(Timeout.cpp.o)
                0x0001f8a8                mbed::Timeout::~Timeout()
                0x0001f8a8                mbed::Timeout::~Timeout()
 .text._ZN4mbed10TimerEventC2Ev
                0x0001f8c4       0x2c ym/mbed-classic/existing/mbed-classic.a(TimerEvent.cpp.o)
                0x0001f8c4                mbed::TimerEvent::TimerEvent()
                0x0001f8c4                mbed::TimerEvent::TimerEvent()
 .text._ZN4mbed10TimerEventD2Ev
                0x0001f8f0       0x18 ym/mbed-classic/existing/mbed-classic.a(TimerEvent.cpp.o)
                0x0001f8f0                mbed::TimerEvent::~TimerEvent()
                0x0001f8f0                mbed::TimerEvent::~TimerEvent()
 .text._sbrk    0x0001f908       0x28 ym/mbed-classic/existing/mbed-classic.a(retarget.cpp.o)
                0x0001f908                _sbrk
 .text.get_us_ticker_data
                0x0001f930        0x8 ym/mbed-classic/existing/mbed-classic.a(us_ticker_api.c.o)
                0x0001f930                get_us_ticker_data
 .text.us_ticker_irq_handler
                0x0001f938       0x10 ym/mbed-classic/existing/mbed-classic.a(us_ticker_api.c.o)
                0x0001f938                us_ticker_irq_handler
 .text          0x0001f948       0x48 ym/mbed-classic/existing/mbed-classic.a(startup_NRF51822.S.obj)
                0x0001f948                Reset_Handler
                0x0001f984                NMI_Handler
                0x0001f986                HardFault_Handler
                0x0001f988                SVC_Handler
                0x0001f98a                PendSV_Handler
                0x0001f98c                SysTick_Handler
                0x0001f98e                POWER_CLOCK_IRQHandler
                0x0001f98e                RTC0_IRQHandler
                0x0001f98e                SWI4_IRQHandler
                0x0001f98e                TEMP_IRQHandler
                0x0001f98e                QDEC_IRQHandler
                0x0001f98e                SWI5_IRQHandler
                0x0001f98e                TIMER0_IRQHandler
                0x0001f98e                LPCOMP_IRQHandler
                0x0001f98e                SWI0_IRQHandler
                0x0001f98e                ECB_IRQHandler
                0x0001f98e                Default_Handler
                0x0001f98e                ADC_IRQHandler
                0x0001f98e                SWI3_IRQHandler
                0x0001f98e                CCM_AAR_IRQHandler
                0x0001f98e                WDT_IRQHandler
                0x0001f98e                SPI0_TWI0_IRQHandler
                0x0001f98e                RNG_IRQHandler
                0x0001f98e                SPI1_TWI1_IRQHandler
                0x0001f98e                RTC1_IRQHandler
 .text.analogin_init
                0x0001f990       0x4c ym/mbed-classic/existing/mbed-classic.a(analogin_api.c.o)
                0x0001f990                analogin_init
 .text.analogin_read_u16
                0x0001f9dc       0x3c ym/mbed-classic/existing/mbed-classic.a(analogin_api.c.o)
                0x0001f9dc                analogin_read_u16
 .text.analogin_read
                0x0001fa18       0x18 ym/mbed-classic/existing/mbed-classic.a(analogin_api.c.o)
                0x0001fa18                analogin_read
 .text.gpio_init
                0x0001fa30       0x30 ym/mbed-classic/existing/mbed-classic.a(gpio_api.c.o)
                0x0001fa30                gpio_init
 .text.GPIOTE_IRQHandler
                0x0001fa60       0xf4 ym/mbed-classic/existing/mbed-classic.a(gpio_irq_api.c.o)
                0x0001fa60                GPIOTE_IRQHandler
 .text.gpio_irq_init
                0x0001fb54       0x60 ym/mbed-classic/existing/mbed-classic.a(gpio_irq_api.c.o)
                0x0001fb54                gpio_irq_init
 .text.gpio_irq_free
                0x0001fbb4       0x10 ym/mbed-classic/existing/mbed-classic.a(gpio_irq_api.c.o)
                0x0001fbb4                gpio_irq_free
 .text.gpio_irq_set
                0x0001fbc4       0x9c ym/mbed-classic/existing/mbed-classic.a(gpio_irq_api.c.o)
                0x0001fbc4                gpio_irq_set
 .text.i2c_do_write
                0x0001fc60       0x28 ym/mbed-classic/existing/mbed-classic.a(i2c_api.c.o)
                0x0001fc60                i2c_do_write
 .text.i2c_do_read
                0x0001fc88       0x3c ym/mbed-classic/existing/mbed-classic.a(i2c_api.c.o)
                0x0001fc88                i2c_do_read
 .text.i2c_frequency
                0x0001fcc4       0x48 ym/mbed-classic/existing/mbed-classic.a(i2c_api.c.o)
                0x0001fcc4                i2c_frequency
 .text.twi_master_init
                0x0001fd0c       0x48 ym/mbed-classic/existing/mbed-classic.a(i2c_api.c.o)
                0x0001fd0c                twi_master_init
 .text.i2c_init
                0x0001fd54       0xc4 ym/mbed-classic/existing/mbed-classic.a(i2c_api.c.o)
                0x0001fd54                i2c_init
 .text.i2c_reset
                0x0001fe18       0x30 ym/mbed-classic/existing/mbed-classic.a(i2c_api.c.o)
                0x0001fe18                i2c_reset
 .text.i2c_stop
                0x0001fe48       0x34 ym/mbed-classic/existing/mbed-classic.a(i2c_api.c.o)
                0x0001fe48                i2c_stop
 .text.checkError
                0x0001fe7c       0x28 ym/mbed-classic/existing/mbed-classic.a(i2c_api.c.o)
                0x0001fe7c                checkError
 .text.port_init
                0x0001fea4       0x28 ym/mbed-classic/existing/mbed-classic.a(port_api.c.o)
                0x0001fea4                port_init
 .text.TIMER2_IRQHandler
                0x0001fecc       0x68 ym/mbed-classic/existing/mbed-classic.a(pwmout_api.c.o)
                0x0001fecc                TIMER2_IRQHandler
 .text.serial_baud.part.0
                0x0001ff34       0x38 ym/mbed-classic/existing/mbed-classic.a(serial_api.c.o)
 .text.serial_init
                0x0001ff6c       0xb8 ym/mbed-classic/existing/mbed-classic.a(serial_api.c.o)
                0x0001ff6c                serial_init
 .text.serial_baud
                0x00020024       0x20 ym/mbed-classic/existing/mbed-classic.a(serial_api.c.o)
                0x00020024                serial_baud
 .text.UART0_IRQHandler
                0x00020044       0x4c ym/mbed-classic/existing/mbed-classic.a(serial_api.c.o)
                0x00020044                UART0_IRQHandler
 .text.serial_irq_handler
                0x00020090       0x18 ym/mbed-classic/existing/mbed-classic.a(serial_api.c.o)
                0x00020090                serial_irq_handler
 .text.twi_master_clear_bus
                0x000200a8       0xbc ym/mbed-classic/existing/mbed-classic.a(twi_master.c.o)
 .text.twi_master_init_and_clear
                0x00020164       0x78 ym/mbed-classic/existing/mbed-classic.a(twi_master.c.o)
                0x00020164                twi_master_init_and_clear
 .text.tmr1_getCounter64
                0x000201dc       0x50 ym/mbed-classic/existing/mbed-classic.a(us_ticker.c.o)
 .text.TIMER1_IRQHandler
                0x0002022c       0x50 ym/mbed-classic/existing/mbed-classic.a(us_ticker.c.o)
                0x0002022c                TIMER1_IRQHandler
 .text.us_ticker_init
                0x0002027c       0x8c ym/mbed-classic/existing/mbed-classic.a(us_ticker.c.o)
                0x0002027c                us_ticker_init
 .text.us_ticker_read
                0x00020308       0x18 ym/mbed-classic/existing/mbed-classic.a(us_ticker.c.o)
                0x00020308                us_ticker_read
 .text.us_ticker_set_interrupt
                0x00020320       0x54 ym/mbed-classic/existing/mbed-classic.a(us_ticker.c.o)
                0x00020320                us_ticker_set_interrupt
 .text.pinmap_peripheral
                0x00020374       0x20 ym/mbed-classic/existing/mbed-classic.a(pinmap_common.c.o)
                0x00020374                pinmap_peripheral
 .text.SystemInit
                0x00020394       0xac ym/mbed-classic/existing/mbed-classic.a(system_nrf51.c.o)
                0x00020394                SystemInit
 .text._ZSt15get_new_handlerv
                0x00020440        0xc c:/progra~2/gnutoo~1/92019-~1/bin/../lib/gcc/arm-none-eabi/9.2.1/../../../../arm-none-eabi/lib/thumb/v6-m/nofp\libstdc++_nano.a(new_handler.o)
                0x00020440                std::get_new_handler()
 .text          0x0002044c       0x14 c:/progra~2/gnutoo~1/92019-~1/bin/../lib/gcc/arm-none-eabi/9.2.1/thumb/v6-m/nofp\libgcc.a(_thumb1_case_uqi.o)
                0x0002044c                __gnu_thumb1_case_uqi
 .text          0x00020460       0x14 c:/progra~2/gnutoo~1/92019-~1/bin/../lib/gcc/arm-none-eabi/9.2.1/thumb/v6-m/nofp\libgcc.a(_thumb1_case_uhi.o)
                0x00020460                __gnu_thumb1_case_uhi
 .text          0x00020474      0x114 c:/progra~2/gnutoo~1/92019-~1/bin/../lib/gcc/arm-none-eabi/9.2.1/thumb/v6-m/nofp\libgcc.a(_udivsi3.o)
                0x00020474                __aeabi_uidiv
                0x00020474                __udivsi3
                0x00020580                __aeabi_uidivmod
 .text          0x00020588      0x1d4 c:/progra~2/gnutoo~1/92019-~1/bin/../lib/gcc/arm-none-eabi/9.2.1/thumb/v6-m/nofp\libgcc.a(_divsi3.o)
                0x00020588                __divsi3
                0x00020588                __aeabi_idiv
                0x00020754                __aeabi_idivmod
 .text          0x0002075c        0x4 c:/progra~2/gnutoo~1/92019-~1/bin/../lib/gcc/arm-none-eabi/9.2.1/thumb/v6-m/nofp\libgcc.a(_dvmd_tls.o)
                0x0002075c                __aeabi_idiv0
                0x0002075c                __aeabi_ldiv0
 .text          0x00020760       0x74 c:/progra~2/gnutoo~1/92019-~1/bin/../lib/gcc/arm-none-eabi/9.2.1/thumb/v6-m/nofp\libgcc.a(_arm_cmpsf2.o)
                0x00020760                __aeabi_cfrcmple
                0x00020768                __aeabi_cfcmpeq
                0x00020768                __aeabi_cfcmple
                0x00020778                __aeabi_fcmpeq
                0x00020784                __aeabi_fcmplt
                0x00020798                __aeabi_fcmple
                0x000207ac                __aeabi_fcmpgt
                0x000207c0                __aeabi_fcmpge
 .text          0x000207d4       0x40 c:/progra~2/gnutoo~1/92019-~1/bin/../lib/gcc/arm-none-eabi/9.2.1/thumb/v6-m/nofp\libgcc.a(_aeabi_uldivmod.o)
                0x000207d4                __aeabi_uldivmod
 .text          0x00020814       0x3c c:/progra~2/gnutoo~1/92019-~1/bin/../lib/gcc/arm-none-eabi/9.2.1/thumb/v6-m/nofp\libgcc.a(_fixunsdfsi.o)
                0x00020814                __aeabi_d2uiz
                0x00020814                __fixunsdfsi
 .text          0x00020850      0x198 c:/progra~2/gnutoo~1/92019-~1/bin/../lib/gcc/arm-none-eabi/9.2.1/thumb/v6-m/nofp\libgcc.a(_udivmoddi4.o)
                0x00020850                __udivmoddi4
 .text          0x000209e8      0x338 c:/progra~2/gnutoo~1/92019-~1/bin/../lib/gcc/arm-none-eabi/9.2.1/thumb/v6-m/nofp\libgcc.a(addsf3.o)
                0x000209e8                __aeabi_fadd
 .text          0x00020d20      0x218 c:/progra~2/gnutoo~1/92019-~1/bin/../lib/gcc/arm-none-eabi/9.2.1/thumb/v6-m/nofp\libgcc.a(divsf3.o)
                0x00020d20                __aeabi_fdiv
 .text          0x00020f38       0x50 c:/progra~2/gnutoo~1/92019-~1/bin/../lib/gcc/arm-none-eabi/9.2.1/thumb/v6-m/nofp\libgcc.a(eqsf2.o)
                0x00020f38                __eqsf2
                0x00020f38                __nesf2
 .text          0x00020f88       0x98 c:/progra~2/gnutoo~1/92019-~1/bin/../lib/gcc/arm-none-eabi/9.2.1/thumb/v6-m/nofp\libgcc.a(gesf2.o)
                0x00020f88                __gesf2
                0x00020f88                __gtsf2
 .text          0x00021020       0x94 c:/progra~2/gnutoo~1/92019-~1/bin/../lib/gcc/arm-none-eabi/9.2.1/thumb/v6-m/nofp\libgcc.a(lesf2.o)
                0x00021020                __ltsf2
                0x00021020                __lesf2
 .text          0x000210b4      0x234 c:/progra~2/gnutoo~1/92019-~1/bin/../lib/gcc/arm-none-eabi/9.2.1/thumb/v6-m/nofp\libgcc.a(mulsf3.o)
                0x000210b4                __aeabi_fmul
 .text          0x000212e8      0x390 c:/progra~2/gnutoo~1/92019-~1/bin/../lib/gcc/arm-none-eabi/9.2.1/thumb/v6-m/nofp\libgcc.a(subsf3.o)
                0x000212e8                __aeabi_fsub
 .text          0x00021678       0x40 c:/progra~2/gnutoo~1/92019-~1/bin/../lib/gcc/arm-none-eabi/9.2.1/thumb/v6-m/nofp\libgcc.a(fixsfsi.o)
                0x00021678                __aeabi_f2iz
 .text          0x000216b8       0x8c c:/progra~2/gnutoo~1/92019-~1/bin/../lib/gcc/arm-none-eabi/9.2.1/thumb/v6-m/nofp\libgcc.a(floatsisf.o)
                0x000216b8                __aeabi_i2f
 .text          0x00021744       0x78 c:/progra~2/gnutoo~1/92019-~1/bin/../lib/gcc/arm-none-eabi/9.2.1/thumb/v6-m/nofp\libgcc.a(floatunsisf.o)
                0x00021744                __aeabi_ui2f
 .text          0x000217bc      0x6d4 c:/progra~2/gnutoo~1/92019-~1/bin/../lib/gcc/arm-none-eabi/9.2.1/thumb/v6-m/nofp\libgcc.a(adddf3.o)
                0x000217bc                __aeabi_dadd
 .text          0x00021e90      0x5d0 c:/progra~2/gnutoo~1/92019-~1/bin/../lib/gcc/arm-none-eabi/9.2.1/thumb/v6-m/nofp\libgcc.a(divdf3.o)
                0x00021e90                __aeabi_ddiv
 .text          0x00022460      0x4d8 c:/progra~2/gnutoo~1/92019-~1/bin/../lib/gcc/arm-none-eabi/9.2.1/thumb/v6-m/nofp\libgcc.a(muldf3.o)
                0x00022460                __aeabi_dmul
 .text          0x00022938      0x724 c:/progra~2/gnutoo~1/92019-~1/bin/../lib/gcc/arm-none-eabi/9.2.1/thumb/v6-m/nofp\libgcc.a(subdf3.o)
                0x00022938                __aeabi_dsub
 .text          0x0002305c       0x6c c:/progra~2/gnutoo~1/92019-~1/bin/../lib/gcc/arm-none-eabi/9.2.1/thumb/v6-m/nofp\libgcc.a(fixdfsi.o)
                0x0002305c                __aeabi_d2iz
 .text          0x000230c8       0x60 c:/progra~2/gnutoo~1/92019-~1/bin/../lib/gcc/arm-none-eabi/9.2.1/thumb/v6-m/nofp\libgcc.a(floatsidf.o)
                0x000230c8                __aeabi_i2d
 .text          0x00023128       0x90 c:/progra~2/gnutoo~1/92019-~1/bin/../lib/gcc/arm-none-eabi/9.2.1/thumb/v6-m/nofp\libgcc.a(extendsfdf2.o)
                0x00023128                __aeabi_f2d
 .text          0x000231b8      0x110 c:/progra~2/gnutoo~1/92019-~1/bin/../lib/gcc/arm-none-eabi/9.2.1/thumb/v6-m/nofp\libgcc.a(truncdfsf2.o)
                0x000231b8                __aeabi_d2f
 .text          0x000232c8       0x7c c:/progra~2/gnutoo~1/92019-~1/bin/../lib/gcc/arm-none-eabi/9.2.1/thumb/v6-m/nofp\libgcc.a(_arm_cmpdf2.o)
                0x000232c8                __aeabi_cdrcmple
                0x000232d8                __aeabi_cdcmple
                0x000232d8                __aeabi_cdcmpeq
                0x000232e8                __aeabi_dcmpeq
                0x000232f4                __aeabi_dcmplt
                0x00023308                __aeabi_dcmple
                0x0002331c                __aeabi_dcmpgt
                0x00023330                __aeabi_dcmpge
 .text          0x00023344       0x3c c:/progra~2/gnutoo~1/92019-~1/bin/../lib/gcc/arm-none-eabi/9.2.1/thumb/v6-m/nofp\libgcc.a(_clzsi2.o)
                0x00023344                __clzsi2
 .text          0x00023380       0x18 c:/progra~2/gnutoo~1/92019-~1/bin/../lib/gcc/arm-none-eabi/9.2.1/thumb/v6-m/nofp\libgcc.a(_clzdi2.o)
                0x00023380                __clzdi2
 .text          0x00023398       0x78 c:/progra~2/gnutoo~1/92019-~1/bin/../lib/gcc/arm-none-eabi/9.2.1/thumb/v6-m/nofp\libgcc.a(eqdf2.o)
                0x00023398                __nedf2
                0x00023398                __eqdf2
 .text          0x00023410       0xe4 c:/progra~2/gnutoo~1/92019-~1/bin/../lib/gcc/arm-none-eabi/9.2.1/thumb/v6-m/nofp\libgcc.a(gedf2.o)
                0x00023410                __gedf2
                0x00023410                __gtdf2
 .text          0x000234f4       0xe0 c:/progra~2/gnutoo~1/92019-~1/bin/../lib/gcc/arm-none-eabi/9.2.1/thumb/v6-m/nofp\libgcc.a(ledf2.o)
                0x000234f4                __ledf2
                0x000234f4                __ltdf2
 .text.atan     0x000235d4      0x338 c:/progra~2/gnutoo~1/92019-~1/bin/../lib/gcc/arm-none-eabi/9.2.1/../../../../arm-none-eabi/lib/thumb/v6-m/nofp\libm.a(lib_a-s_atan.o)
                0x000235d4                atan
 .text.fabs     0x0002390c        0x8 c:/progra~2/gnutoo~1/92019-~1/bin/../lib/gcc/arm-none-eabi/9.2.1/../../../../arm-none-eabi/lib/thumb/v6-m/nofp\libm.a(lib_a-s_fabs.o)
                0x0002390c                fabs
 .text.round    0x00023914       0xac c:/progra~2/gnutoo~1/92019-~1/bin/../lib/gcc/arm-none-eabi/9.2.1/../../../../arm-none-eabi/lib/thumb/v6-m/nofp\libm.a(lib_a-s_round.o)
                0x00023914                round
 .text.cosf     0x000239c0       0x78 c:/progra~2/gnutoo~1/92019-~1/bin/../lib/gcc/arm-none-eabi/9.2.1/../../../../arm-none-eabi/lib/thumb/v6-m/nofp\libm.a(lib_a-sf_cos.o)
                0x000239c0                cosf
 .text.sinf     0x00023a38       0x7c c:/progra~2/gnutoo~1/92019-~1/bin/../lib/gcc/arm-none-eabi/9.2.1/../../../../arm-none-eabi/lib/thumb/v6-m/nofp\libm.a(lib_a-sf_sin.o)
                0x00023a38                sinf
 .text.atan2    0x00023ab4        0x8 c:/progra~2/gnutoo~1/92019-~1/bin/../lib/gcc/arm-none-eabi/9.2.1/../../../../arm-none-eabi/lib/thumb/v6-m/nofp\libm.a(lib_a-w_atan2.o)
                0x00023ab4                atan2
 .text.sqrt     0x00023abc       0xc8 c:/progra~2/gnutoo~1/92019-~1/bin/../lib/gcc/arm-none-eabi/9.2.1/../../../../arm-none-eabi/lib/thumb/v6-m/nofp\libm.a(lib_a-w_sqrt.o)
                0x00023abc                sqrt
 .text.atan2f   0x00023b84        0x8 c:/progra~2/gnutoo~1/92019-~1/bin/../lib/gcc/arm-none-eabi/9.2.1/../../../../arm-none-eabi/lib/thumb/v6-m/nofp\libm.a(lib_a-wf_atan2.o)
                0x00023b84                atan2f
 .text.__ieee754_atan2
                0x00023b8c      0x174 c:/progra~2/gnutoo~1/92019-~1/bin/../lib/gcc/arm-none-eabi/9.2.1/../../../../arm-none-eabi/lib/thumb/v6-m/nofp\libm.a(lib_a-e_atan2.o)
                0x00023b8c                __ieee754_atan2
 .text.__ieee754_sqrt
                0x00023d00      0x1b0 c:/progra~2/gnutoo~1/92019-~1/bin/../lib/gcc/arm-none-eabi/9.2.1/../../../../arm-none-eabi/lib/thumb/v6-m/nofp\libm.a(lib_a-e_sqrt.o)
                0x00023d00                __ieee754_sqrt
 .text.__ieee754_atan2f
                0x00023eb0      0x110 c:/progra~2/gnutoo~1/92019-~1/bin/../lib/gcc/arm-none-eabi/9.2.1/../../../../arm-none-eabi/lib/thumb/v6-m/nofp\libm.a(lib_a-ef_atan2.o)
                0x00023eb0                __ieee754_atan2f
 .text.__ieee754_rem_pio2f
                0x00023fc0      0x2f4 c:/progra~2/gnutoo~1/92019-~1/bin/../lib/gcc/arm-none-eabi/9.2.1/../../../../arm-none-eabi/lib/thumb/v6-m/nofp\libm.a(lib_a-ef_rem_pio2.o)
                0x00023fc0                __ieee754_rem_pio2f
 .text.__kernel_cosf
                0x000242b4      0x190 c:/progra~2/gnutoo~1/92019-~1/bin/../lib/gcc/arm-none-eabi/9.2.1/../../../../arm-none-eabi/lib/thumb/v6-m/nofp\libm.a(lib_a-kf_cos.o)
                0x000242b4                __kernel_cosf
 .text.__kernel_rem_pio2f
                0x00024444      0x734 c:/progra~2/gnutoo~1/92019-~1/bin/../lib/gcc/arm-none-eabi/9.2.1/../../../../arm-none-eabi/lib/thumb/v6-m/nofp\libm.a(lib_a-kf_rem_pio2.o)
                0x00024444                __kernel_rem_pio2f
 .text.__kernel_sinf
                0x00024b78       0xf0 c:/progra~2/gnutoo~1/92019-~1/bin/../lib/gcc/arm-none-eabi/9.2.1/../../../../arm-none-eabi/lib/thumb/v6-m/nofp\libm.a(lib_a-kf_sin.o)
                0x00024b78                __kernel_sinf
 .text.matherr  0x00024c68        0x4 c:/progra~2/gnutoo~1/92019-~1/bin/../lib/gcc/arm-none-eabi/9.2.1/../../../../arm-none-eabi/lib/thumb/v6-m/nofp\libm.a(lib_a-s_matherr.o)
                0x00024c68                matherr
 .text.atanf    0x00024c6c      0x248 c:/progra~2/gnutoo~1/92019-~1/bin/../lib/gcc/arm-none-eabi/9.2.1/../../../../arm-none-eabi/lib/thumb/v6-m/nofp\libm.a(lib_a-sf_atan.o)
                0x00024c6c                atanf
 .text.fabsf    0x00024eb4        0x8 c:/progra~2/gnutoo~1/92019-~1/bin/../lib/gcc/arm-none-eabi/9.2.1/../../../../arm-none-eabi/lib/thumb/v6-m/nofp\libm.a(lib_a-sf_fabs.o)
                0x00024eb4                fabsf
 .text.floorf   0x00024ebc       0x84 c:/progra~2/gnutoo~1/92019-~1/bin/../lib/gcc/arm-none-eabi/9.2.1/../../../../arm-none-eabi/lib/thumb/v6-m/nofp\libm.a(lib_a-sf_floor.o)
                0x00024ebc                floorf
 .text.scalbnf  0x00024f40       0xbc c:/progra~2/gnutoo~1/92019-~1/bin/../lib/gcc/arm-none-eabi/9.2.1/../../../../arm-none-eabi/lib/thumb/v6-m/nofp\libm.a(lib_a-sf_scalbn.o)
                0x00024f40                scalbnf
 .text.__cxa_atexit
                0x00024ffc       0x1c c:/progra~2/gnutoo~1/92019-~1/bin/../lib/gcc/arm-none-eabi/9.2.1/../../../../arm-none-eabi/lib/thumb/v6-m/nofp\libc_nano.a(lib_a-cxa_atexit.o)
                0x00024ffc                __cxa_atexit
 .text.__errno  0x00025018        0xc c:/progra~2/gnutoo~1/92019-~1/bin/../lib/gcc/arm-none-eabi/9.2.1/../../../../arm-none-eabi/lib/thumb/v6-m/nofp\libc_nano.a(lib_a-errno.o)
                0x00025018                __errno
 .text.exit     0x00025024       0x2c c:/progra~2/gnutoo~1/92019-~1/bin/../lib/gcc/arm-none-eabi/9.2.1/../../../../arm-none-eabi/lib/thumb/v6-m/nofp\libc_nano.a(lib_a-exit.o)
                0x00025024                exit
 .text.__libc_init_array
                0x00025050       0x48 c:/progra~2/gnutoo~1/92019-~1/bin/../lib/gcc/arm-none-eabi/9.2.1/../../../../arm-none-eabi/lib/thumb/v6-m/nofp\libc_nano.a(lib_a-init.o)
                0x00025050                __libc_init_array
 .text.malloc   0x00025098       0x14 c:/progra~2/gnutoo~1/92019-~1/bin/../lib/gcc/arm-none-eabi/9.2.1/../../../../arm-none-eabi/lib/thumb/v6-m/nofp\libc_nano.a(lib_a-malloc.o)
                0x00025098                malloc
 .text.free     0x000250ac       0x14 c:/progra~2/gnutoo~1/92019-~1/bin/../lib/gcc/arm-none-eabi/9.2.1/../../../../arm-none-eabi/lib/thumb/v6-m/nofp\libc_nano.a(lib_a-malloc.o)
                0x000250ac                free
 .text._free_r  0x000250c0       0x94 c:/progra~2/gnutoo~1/92019-~1/bin/../lib/gcc/arm-none-eabi/9.2.1/../../../../arm-none-eabi/lib/thumb/v6-m/nofp\libc_nano.a(lib_a-nano-freer.o)
                0x000250c0                _free_r
 .text._malloc_r
                0x00025154       0xbc c:/progra~2/gnutoo~1/92019-~1/bin/../lib/gcc/arm-none-eabi/9.2.1/../../../../arm-none-eabi/lib/thumb/v6-m/nofp\libc_nano.a(lib_a-nano-mallocr.o)
                0x00025154                _malloc_r
 .text._sbrk_r  0x00025210       0x24 c:/progra~2/gnutoo~1/92019-~1/bin/../lib/gcc/arm-none-eabi/9.2.1/../../../../arm-none-eabi/lib/thumb/v6-m/nofp\libc_nano.a(lib_a-sbrkr.o)
                0x00025210                _sbrk_r
 .text.raise    0x00025234       0x14 c:/progra~2/gnutoo~1/92019-~1/bin/../lib/gcc/arm-none-eabi/9.2.1/../../../../arm-none-eabi/lib/thumb/v6-m/nofp\libc_nano.a(lib_a-signal.o)
                0x00025234                raise
 .text._kill_r  0x00025248       0x24 c:/progra~2/gnutoo~1/92019-~1/bin/../lib/gcc/arm-none-eabi/9.2.1/../../../../arm-none-eabi/lib/thumb/v6-m/nofp\libc_nano.a(lib_a-signalr.o)
                0x00025248                _kill_r
 .text.snprintf
                0x0002526c       0x68 c:/progra~2/gnutoo~1/92019-~1/bin/../lib/gcc/arm-none-eabi/9.2.1/../../../../arm-none-eabi/lib/thumb/v6-m/nofp\libc_nano.a(lib_a-snprintf.o)
                0x0002526c                sniprintf
                0x0002526c                snprintf
 .text.__malloc_lock
                0x000252d4       0x10 c:/progra~2/gnutoo~1/92019-~1/bin/../lib/gcc/arm-none-eabi/9.2.1/../../../../arm-none-eabi/lib/thumb/v6-m/nofp\libc_nano.a(lib_a-mlock.o)
                0x000252d4                __malloc_lock
 .text.__malloc_unlock
                0x000252e4       0x10 c:/progra~2/gnutoo~1/92019-~1/bin/../lib/gcc/arm-none-eabi/9.2.1/../../../../arm-none-eabi/lib/thumb/v6-m/nofp\libc_nano.a(lib_a-mlock.o)
                0x000252e4                __malloc_unlock
 .text.__ssputs_r
                0x000252f4       0xc4 c:/progra~2/gnutoo~1/92019-~1/bin/../lib/gcc/arm-none-eabi/9.2.1/../../../../arm-none-eabi/lib/thumb/v6-m/nofp\libc_nano.a(lib_a-nano-svfprintf.o)
                0x000252f4                __ssputs_r
 .text._svfprintf_r
                0x000253b8      0x200 c:/progra~2/gnutoo~1/92019-~1/bin/../lib/gcc/arm-none-eabi/9.2.1/../../../../arm-none-eabi/lib/thumb/v6-m/nofp\libc_nano.a(lib_a-nano-svfprintf.o)
                0x000253b8                _svfiprintf_r
                0x000253b8                _svfprintf_r
 .text._printf_i
                0x000255b8      0x224 c:/progra~2/gnutoo~1/92019-~1/bin/../lib/gcc/arm-none-eabi/9.2.1/../../../../arm-none-eabi/lib/thumb/v6-m/nofp\libc_nano.a(lib_a-nano-vfprintf_i.o)
                0x000255b8                _printf_i
 .text          0x000257dc       0x14 c:/progra~2/gnutoo~1/92019-~1/bin/../lib/gcc/arm-none-eabi/9.2.1/thumb/v6-m/nofp\libgcc.a(_thumb1_case_shi.o)
                0x000257dc                __gnu_thumb1_case_shi
 .text          0x000257f0       0x3c c:/progra~2/gnutoo~1/92019-~1/bin/../lib/gcc/arm-none-eabi/9.2.1/thumb/v6-m/nofp\libgcc.a(unorddf2.o)
                0x000257f0                __aeabi_dcmpun
 .text._getpid  0x0002582c       0x10 c:/progra~2/gnutoo~1/92019-~1/bin/../lib/gcc/arm-none-eabi/9.2.1/../../../../arm-none-eabi/lib/thumb/v6-m/nofp\libnosys.a(getpid.o)
                0x0002582c                _getpid
 .text._kill    0x0002583c       0x10 c:/progra~2/gnutoo~1/92019-~1/bin/../lib/gcc/arm-none-eabi/9.2.1/../../../../arm-none-eabi/lib/thumb/v6-m/nofp\libnosys.a(kill.o)
                0x0002583c                _kill