Archive member included to satisfy reference by file (symbol)

ym/microbit/source/microbit.a(MicroBit.cpp.o)
                              source/CMakeFiles/frankfurtuniversityss2020.dir/D_/Calliope_Reset/source/Main.cpp.o (MicroBit::MicroBit())
ym/microbit-dal/source/microbit-dal.a(MicroBitDevice.cpp.o)
                              ym/microbit/source/microbit.a(MicroBit.cpp.o) (microbit_serial_number())
ym/microbit-dal/source/microbit-dal.a(MicroBitFiber.cpp.o)
                              ym/microbit/source/microbit.a(MicroBit.cpp.o) (scheduler_init(EventModel&))
ym/microbit-dal/source/microbit-dal.a(MicroBitFont.cpp.o)
                              ym/microbit-dal/source/microbit-dal.a(MicroBitDevice.cpp.o) (MicroBitFont::defaultFont)
ym/microbit-dal/source/microbit-dal.a(MicroBitHeapAllocator.cpp.o)
                              ym/microbit/source/microbit.a(MicroBit.cpp.o) (microbit_create_heap(unsigned long, unsigned long))
ym/microbit-dal/source/microbit-dal.a(MicroBitListener.cpp.o)
                              source/CMakeFiles/frankfurtuniversityss2020.dir/D_/Calliope_Reset/source/Main.cpp.o (MicroBitListener::MicroBitListener(unsigned short, unsigned short, void (*)(MicroBitEvent), unsigned short))
ym/microbit-dal/source/microbit-dal.a(MicroBitSystemTimer.cpp.o)
                              ym/microbit-dal/source/microbit-dal.a(MicroBitFiber.cpp.o) (system_timer_current_time())
ym/microbit-dal/source/microbit-dal.a(ManagedString.cpp.o)
                              source/CMakeFiles/frankfurtuniversityss2020.dir/D_/Calliope_Reset/source/Main.cpp.o (ManagedString::~ManagedString())
ym/microbit-dal/source/microbit-dal.a(MicroBitEvent.cpp.o)
                              ym/microbit/source/microbit.a(MicroBit.cpp.o) (MicroBitEvent::MicroBitEvent())
ym/microbit-dal/source/microbit-dal.a(MicroBitImage.cpp.o)
                              source/CMakeFiles/frankfurtuniversityss2020.dir/D_/Calliope_Reset/source/Main.cpp.o (MicroBitImage::clear())
ym/microbit-dal/source/microbit-dal.a(PacketBuffer.cpp.o)
                              ym/microbit-dal/source/microbit-dal.a(ManagedString.cpp.o) (PacketBuffer::getBytes())
ym/microbit-dal/source/microbit-dal.a(RefCounted.cpp.o)
                              ym/microbit-dal/source/microbit-dal.a(ManagedString.cpp.o) (RefCounted::init())
ym/microbit-dal/source/microbit-dal.a(MicroBitAccelerometer.cpp.o)
                              ym/microbit/source/microbit.a(MicroBit.cpp.o) (MicroBitAccelerometer::autoDetect(MicroBitI2C&))
ym/microbit-dal/source/microbit-dal.a(MicroBitButton.cpp.o)
                              source/CMakeFiles/frankfurtuniversityss2020.dir/D_/Calliope_Reset/source/Main.cpp.o (MicroBitButton::~MicroBitButton())
ym/microbit-dal/source/microbit-dal.a(MicroBitCompass.cpp.o)
                              ym/microbit/source/microbit.a(MicroBit.cpp.o) (MicroBitCompass::autoDetect(MicroBitI2C&))
ym/microbit-dal/source/microbit-dal.a(MicroBitCompassCalibrator.cpp.o)
                              ym/microbit/source/microbit.a(MicroBit.cpp.o) (MicroBitCompassCalibrator::MicroBitCompassCalibrator(MicroBitCompass&, MicroBitAccelerometer&, MicroBitDisplay&, MicroBitStorage&))
ym/microbit-dal/source/microbit-dal.a(MicroBitDisplay.cpp.o)
                              source/CMakeFiles/frankfurtuniversityss2020.dir/D_/Calliope_Reset/source/Main.cpp.o (MicroBitDisplay::~MicroBitDisplay())
ym/microbit-dal/source/microbit-dal.a(MicroBitI2C.cpp.o)
                              ym/microbit/source/microbit.a(MicroBit.cpp.o) (MicroBitI2C::MicroBitI2C(PinName, PinName))
ym/microbit-dal/source/microbit-dal.a(MicroBitIO.cpp.o)
                              ym/microbit/source/microbit.a(MicroBit.cpp.o) (MicroBitIO::MicroBitIO(int, int, int, int, int, int, int, int, int, int, int, int, int, int, int, int, int, int, int, int))
ym/microbit-dal/source/microbit-dal.a(MicroBitLightSensor.cpp.o)
                              ym/microbit-dal/source/microbit-dal.a(MicroBitDisplay.cpp.o) (MicroBitLightSensor::read())
ym/microbit-dal/source/microbit-dal.a(MicroBitMessageBus.cpp.o)
                              ym/microbit/source/microbit.a(MicroBit.cpp.o) (MicroBitMessageBus::add(MicroBitListener*))
ym/microbit-dal/source/microbit-dal.a(MicroBitMultiButton.cpp.o)
                              ym/microbit/source/microbit.a(MicroBit.cpp.o) (MicroBitMultiButton::setEventConfiguration(MicroBitButtonEventConfiguration))
ym/microbit-dal/source/microbit-dal.a(MicroBitPin.cpp.o)
                              ym/microbit-dal/source/microbit-dal.a(MicroBitAccelerometer.cpp.o) (MicroBitPin::MicroBitPin(int, PinName, PinCapability))
ym/microbit-dal/source/microbit-dal.a(MicroBitRadio.cpp.o)
                              ym/microbit/source/microbit.a(MicroBit.cpp.o) (MicroBitRadio::MicroBitRadio(unsigned short))
ym/microbit-dal/source/microbit-dal.a(MicroBitRadioDatagram.cpp.o)
[...]
Memory Configuration

Name             Origin             Length             Attributes
FLASH            0x00018000         0x00028000         xr
RAM              0x20002000         0x00002000         xrw
*default*        0x00000000         0xffffffff

Linker script and memory map

LOAD c:/progra~2/gnutoo~1/92019-~1/bin/../lib/gcc/arm-none-eabi/9.2.1/thumb/v6-m/nofp/crti.o
LOAD c:/progra~2/gnutoo~1/92019-~1/bin/../lib/gcc/arm-none-eabi/9.2.1/thumb/v6-m/nofp/crtbegin.o
LOAD c:/progra~2/gnutoo~1/92019-~1/bin/../lib/gcc/arm-none-eabi/9.2.1/../../../../arm-none-eabi/lib/thumb/v6-m/nofp/crt0.o
START GROUP
LOAD source/CMakeFiles/frankfurtuniversityss2020.dir/D_/Calliope_Reset/source/Main.cpp.o
LOAD ym/microbit/source/microbit.a
LOAD ym/microbit-dal/source/microbit-dal.a
LOAD ym/ble/source/ble.a
LOAD ym/ble-nrf51822/source/ble-nrf51822.a
LOAD ym/ble/source/ble.a
LOAD ym/ble-nrf51822/source/ble-nrf51822.a
LOAD ym/nrf51-sdk/source/nrf51-sdk.a
LOAD ym/mbed-classic/existing/mbed-classic.a
LOAD c:/progra~2/gnutoo~1/92019-~1/bin/../lib/gcc/arm-none-eabi/9.2.1/../../../../arm-none-eabi/lib/thumb/v6-m/nofp\libnosys.a
LOAD c:/progra~2/gnutoo~1/92019-~1/bin/../lib/gcc/arm-none-eabi/9.2.1/../../../../arm-none-eabi/lib/thumb/v6-m/nofp\libstdc++_nano.a
LOAD c:/progra~2/gnutoo~1/92019-~1/bin/../lib/gcc/arm-none-eabi/9.2.1/../../../../arm-none-eabi/lib/thumb/v6-m/nofp\libsupc++_nano.a
LOAD c:/progra~2/gnutoo~1/92019-~1/bin/../lib/gcc/arm-none-eabi/9.2.1/thumb/v6-m/nofp\libgcc.a
LOAD c:/progra~2/gnutoo~1/92019-~1/bin/../lib/gcc/arm-none-eabi/9.2.1/../../../../arm-none-eabi/lib/thumb/v6-m/nofp\libstdc++_nano.a
LOAD c:/progra~2/gnutoo~1/92019-~1/bin/../lib/gcc/arm-none-eabi/9.2.1/../../../../arm-none-eabi/lib/thumb/v6-m/nofp\libsupc++_nano.a
LOAD c:/progra~2/gnutoo~1/92019-~1/bin/../lib/gcc/arm-none-eabi/9.2.1/../../../../arm-none-eabi/lib/thumb/v6-m/nofp\libm.a
LOAD c:/progra~2/gnutoo~1/92019-~1/bin/../lib/gcc/arm-none-eabi/9.2.1/../../../../arm-none-eabi/lib/thumb/v6-m/nofp\libc_nano.a
LOAD c:/progra~2/gnutoo~1/92019-~1/bin/../lib/gcc/arm-none-eabi/9.2.1/thumb/v6-m/nofp\libgcc.a
END GROUP
LOAD c:/progra~2/gnutoo~1/92019-~1/bin/../lib/gcc/arm-none-eabi/9.2.1/../../../../arm-none-eabi/lib/thumb/v6-m/nofp\libstdc++_nano.a
LOAD c:/progra~2/gnutoo~1/92019-~1/bin/../lib/gcc/arm-none-eabi/9.2.1/../../../../arm-none-eabi/lib/thumb/v6-m/nofp\libm.a
LOAD c:/progra~2/gnutoo~1/92019-~1/bin/../lib/gcc/arm-none-eabi/9.2.1/../../../../arm-none-eabi/lib/thumb/v6-m/nofp\libc_nano.a
START GROUP
LOAD c:/progra~2/gnutoo~1/92019-~1/bin/../lib/gcc/arm-none-eabi/9.2.1/thumb/v6-m/nofp\libgcc.a
LOAD c:/progra~2/gnutoo~1/92019-~1/bin/../lib/gcc/arm-none-eabi/9.2.1/../../../../arm-none-eabi/lib/thumb/v6-m/nofp\libc_nano.a
END GROUP
START GROUP
LOAD c:/progra~2/gnutoo~1/92019-~1/bin/../lib/gcc/arm-none-eabi/9.2.1/thumb/v6-m/nofp\libgcc.a
LOAD c:/progra~2/gnutoo~1/92019-~1/bin/../lib/gcc/arm-none-eabi/9.2.1/../../../../arm-none-eabi/lib/thumb/v6-m/nofp\libc_nano.a
END GROUP
LOAD c:/progra~2/gnutoo~1/92019-~1/bin/../lib/gcc/arm-none-eabi/9.2.1/thumb/v6-m/nofp/crtend.o
LOAD c:/progra~2/gnutoo~1/92019-~1/bin/../lib/gcc/arm-none-eabi/9.2.1/thumb/v6-m/nofp/crtn.o

.text           0x00018000    0x14fd0
 *(SORT_BY_ALIGNMENT(.Vectors))
 .Vectors       0x00018000       0xc0 ym/mbed-classic/existing/mbed-classic.a(startup_NRF51822.S.obj)
                0x00018000                __Vectors
 *(SORT_BY_ALIGNMENT(.text*))
 .text          0x000180c0       0x48 c:/progra~2/gnutoo~1/92019-~1/bin/../lib/gcc/arm-none-eabi/9.2.1/thumb/v6-m/nofp/crtbegin.o
 .text          0x00018108       0x78 c:/progra~2/gnutoo~1/92019-~1/bin/../lib/gcc/arm-none-eabi/9.2.1/../../../../arm-none-eabi/lib/thumb/v6-m/nofp/crt0.o
                0x00018108                _start
                0x00018108                _mainCRTStartup
 .text._ZN14MicroBitSerialD2Ev
                0x00018180       0x18 source/CMakeFiles/frankfurtuniversityss2020.dir/D_/Calliope_Reset/source/Main.cpp.o
                0x00018180                MicroBitSerial::~MicroBitSerial()
                0x00018180                MicroBitSerial::~MicroBitSerial()
 .text._Z14pressedButtonA13MicroBitEvent
                0x00018198       0xe8 source/CMakeFiles/frankfurtuniversityss2020.dir/D_/Calliope_Reset/source/Main.cpp.o
                0x00018198                pressedButtonA(MicroBitEvent)
 .text._ZN10EventModel6listenEiiPFv13MicroBitEventEt
                0x00018280       0x5c source/CMakeFiles/frankfurtuniversityss2020.dir/D_/Calliope_Reset/source/Main.cpp.o
                0x00018280                EventModel::listen(int, int, void (*)(MicroBitEvent), unsigned short)
 .text._Z14onDisconnected13MicroBitEvent
                0x000182dc       0x60 source/CMakeFiles/frankfurtuniversityss2020.dir/D_/Calliope_Reset/source/Main.cpp.o
                0x000182dc                onDisconnected(MicroBitEvent)
 .text._Z13getLightValuev
                0x0001833c       0x28 source/CMakeFiles/frankfurtuniversityss2020.dir/D_/Calliope_Reset/source/Main.cpp.o
                0x0001833c                getLightValue()
 .text._Z13selfMicroImplv
                0x00018364       0x68 source/CMakeFiles/frankfurtuniversityss2020.dir/D_/Calliope_Reset/source/Main.cpp.o
                0x00018364                selfMicroImpl()
 .text._Z11onConnected13MicroBitEvent
                0x000183cc      0x31c source/CMakeFiles/frankfurtuniversityss2020.dir/D_/Calliope_Reset/source/Main.cpp.o
                0x000183cc                onConnected(MicroBitEvent)
 .text._Z12pixel_from_gi
                0x000186e8       0x2c source/CMakeFiles/frankfurtuniversityss2020.dir/D_/Calliope_Reset/source/Main.cpp.o
                0x000186e8                pixel_from_g(int)
 .text._Z14pressedButtonB13MicroBitEvent
                0x00018714       0x5c source/CMakeFiles/frankfurtuniversityss2020.dir/D_/Calliope_Reset/source/Main.cpp.o
                0x00018714                pressedButtonB(MicroBitEvent)
 .text.startup.main
                0x00018770       0xbc source/CMakeFiles/frankfurtuniversityss2020.dir/D_/Calliope_Reset/source/Main.cpp.o
                0x00018770                main
 .text.startup._GLOBAL__sub_I_uBit
                0x0001882c       0x24 source/CMakeFiles/frankfurtuniversityss2020.dir/D_/Calliope_Reset/source/Main.cpp.o
 .text._ZN8MicroBitD2Ev
                0x00018850       0x6c source/CMakeFiles/frankfurtuniversityss2020.dir/D_/Calliope_Reset/source/Main.cpp.o
                0x00018850                MicroBit::~MicroBit()
                0x00018850                MicroBit::~MicroBit()
 .text._ZN8MicroBitC2Ev
                0x000188bc      0x190 ym/microbit/source/microbit.a(MicroBit.cpp.o)
                0x000188bc                MicroBit::MicroBit()
                0x000188bc                MicroBit::MicroBit()
 .text._ZN8MicroBit4initEv
                0x00018a4c      0x208 ym/microbit/source/microbit.a(MicroBit.cpp.o)
                0x00018a4c                MicroBit::init()
 .text._Z22microbit_friendly_namev
                0x00018c54       0x6c ym/microbit-dal/source/microbit-dal.a(MicroBitDevice.cpp.o)
                0x00018c54                microbit_friendly_name()
 .text._Z14microbit_resetv
                0x00018cc0       0x18 ym/microbit-dal/source/microbit-dal.a(MicroBitDevice.cpp.o)
                0x00018cc0                microbit_reset()
 .text._Z14microbit_panici
                0x00018cd8      0x13c ym/microbit-dal/source/microbit-dal.a(MicroBitDevice.cpp.o)
                0x00018cd8                microbit_panic(int)
 .text._Z20microbit_seed_randomv
                0x00018e14       0x60 ym/microbit-dal/source/microbit-dal.a(MicroBitDevice.cpp.o)
                0x00018e14                microbit_seed_random()
 .text._Z14scheduler_tickv
                0x00018e74       0x38 ym/microbit-dal/source/microbit-dal.a(MicroBitFiber.cpp.o)
                0x00018e74                scheduler_tick()
 .text._Z15scheduler_event13MicroBitEvent
                0x00018eac       0xcc ym/microbit-dal/source/microbit-dal.a(MicroBitFiber.cpp.o)
                0x00018eac                scheduler_event(MicroBitEvent)
 .text._Z15getFiberContextv
                0x00018f78       0x3c ym/microbit-dal/source/microbit-dal.a(MicroBitFiber.cpp.o)
                0x00018f78                getFiberContext()
 .text._Z14scheduler_initR10EventModel
                0x00018fb4       0xac ym/microbit-dal/source/microbit-dal.a(MicroBitFiber.cpp.o)
                0x00018fb4                scheduler_init(EventModel&)
 .text._Z23fiber_scheduler_runningv
                0x00019060       0x10 ym/microbit-dal/source/microbit-dal.a(MicroBitFiber.cpp.o)
                0x00019060                fiber_scheduler_running()
 .text._Z14__create_fibermmmi
                0x00019070       0x50 ym/microbit-dal/source/microbit-dal.a(MicroBitFiber.cpp.o)
                0x00019070                __create_fiber(unsigned long, unsigned long, unsigned long, int)
 .text._Z12create_fiberPFvPvES_S1_
                0x000190c0       0x24 ym/microbit-dal/source/microbit-dal.a(MicroBitFiber.cpp.o)
                0x000190c0                create_fiber(void (*)(void*), void*, void (*)(void*))
 .text._Z24scheduler_runqueue_emptyv
                0x000190e4       0x10 ym/microbit-dal/source/microbit-dal.a(MicroBitFiber.cpp.o)
                0x000190e4                scheduler_runqueue_empty()
 .text._Z24fiber_add_idle_componentP17MicroBitComponent
                0x000190f4       0x1c ym/microbit-dal/source/microbit-dal.a(MicroBitFiber.cpp.o)
                0x000190f4                fiber_add_idle_component(MicroBitComponent*)
 .text._Z27fiber_remove_idle_componentP17MicroBitComponent
                0x00019110       0x1c ym/microbit-dal/source/microbit-dal.a(MicroBitFiber.cpp.o)
                0x00019110                fiber_remove_idle_component(MicroBitComponent*)
 .text._Z4idlev
                0x0001912c       0x30 ym/microbit-dal/source/microbit-dal.a(MicroBitFiber.cpp.o)
                0x0001912c                idle()
 .text._Z8schedulev
                0x0001915c       0xd4 ym/microbit-dal/source/microbit-dal.a(MicroBitFiber.cpp.o)
                0x0001915c                schedule()
 .text._Z11fiber_sleepm
                0x00019230       0x58 ym/microbit-dal/source/microbit-dal.a(MicroBitFiber.cpp.o)
                0x00019230                fiber_sleep(unsigned long)
 .text._Z19fiber_wake_on_eventtt
                0x00019288       0xa0 ym/microbit-dal/source/microbit-dal.a(MicroBitFiber.cpp.o)
                0x00019288                fiber_wake_on_event(unsigned short, unsigned short)
 .text._Z13release_fiberv
                0x00019328       0x2c ym/microbit-dal/source/microbit-dal.a(MicroBitFiber.cpp.o)
                0x00019328                release_fiber()
 .text._Z13release_fiberPv
                0x00019354       0x14 ym/microbit-dal/source/microbit-dal.a(MicroBitFiber.cpp.o)
                0x00019354                release_fiber(void*)
 .text._Z6invokePFvPvES_
                0x00019368       0x90 ym/microbit-dal/source/microbit-dal.a(MicroBitFiber.cpp.o)
                0x00019368                invoke(void (*)(void*), void*)
 .text._ZN12MicroBitFont13getSystemFontEv
                0x000193f8       0x10 ym/microbit-dal/source/microbit-dal.a(MicroBitFont.cpp.o)
                0x000193f8                MicroBitFont::getSystemFont()
 .text.startup._GLOBAL__sub_I__ZN12MicroBitFont11defaultFontE
                0x00019408       0x18 ym/microbit-dal/source/microbit-dal.a(MicroBitFont.cpp.o)
 .text._Z20microbit_create_heapmm
                0x00019420       0x5c ym/microbit-dal/source/microbit-dal.a(MicroBitHeapAllocator.cpp.o)
                0x00019420                microbit_create_heap(unsigned long, unsigned long)
 .text.malloc   0x0001947c       0x68 ym/microbit-dal/source/microbit-dal.a(MicroBitHeapAllocator.cpp.o)
                0x0001947c                malloc
 .text.free     0x000194e4       0x50 ym/microbit-dal/source/microbit-dal.a(MicroBitHeapAllocator.cpp.o)
                0x000194e4                free
 .text._Z23system_timer_set_periodi
                0x00019534       0x44 ym/microbit-dal/source/microbit-dal.a(MicroBitSystemTimer.cpp.o)
                0x00019534                system_timer_set_period(int)
 .text._Z17system_timer_initi
                0x00019578       0x54 ym/microbit-dal/source/microbit-dal.a(MicroBitSystemTimer.cpp.o)
                0x00019578                system_timer_init(int)
 .text._Z23system_timer_get_periodv
                0x000195cc        0xc ym/microbit-dal/source/microbit-dal.a(MicroBitSystemTimer.cpp.o)
                0x000195cc                system_timer_get_period()
 .text._Z11update_timev
                0x000195d8       0x44 ym/microbit-dal/source/microbit-dal.a(MicroBitSystemTimer.cpp.o)
                0x000195d8                update_time()
 .text._Z17system_timer_tickv
                0x0001961c       0x24 ym/microbit-dal/source/microbit-dal.a(MicroBitSystemTimer.cpp.o)
                0x0001961c                system_timer_tick()
 .text._Z25system_timer_current_timev
                0x00019640       0x1c ym/microbit-dal/source/microbit-dal.a(MicroBitSystemTimer.cpp.o)
                0x00019640                system_timer_current_time()
 .text._Z28system_timer_current_time_usv
                0x0001965c       0x14 ym/microbit-dal/source/microbit-dal.a(MicroBitSystemTimer.cpp.o)
                0x0001965c                system_timer_current_time_us()
 .text._Z26system_timer_add_componentP17MicroBitComponent
                0x00019670       0x3c ym/microbit-dal/source/microbit-dal.a(MicroBitSystemTimer.cpp.o)
                0x00019670                system_timer_add_component(MicroBitComponent*)
 .text._Z29system_timer_remove_componentP17MicroBitComponent
                0x000196ac       0x1c ym/microbit-dal/source/microbit-dal.a(MicroBitSystemTimer.cpp.o)
                0x000196ac                system_timer_remove_component(MicroBitComponent*)
 .text._ZN13ManagedStringC2EPKc
                0x000196c8       0x20 ym/microbit-dal/source/microbit-dal.a(ManagedString.cpp.o)
                0x000196c8                ManagedString::ManagedString(char const*)
                0x000196c8                ManagedString::ManagedString(char const*)
 .text._ZN13ManagedStringC2EPKcs
                0x000196e8       0x54 ym/microbit-dal/source/microbit-dal.a(ManagedString.cpp.o)
                0x000196e8                ManagedString::ManagedString(char const*, short)
                0x000196e8                ManagedString::ManagedString(char const*, short)
 .text._ZN13ManagedStringC2Ev
                0x0001973c        0xc ym/microbit-dal/source/microbit-dal.a(ManagedString.cpp.o)
                0x0001973c                ManagedString::ManagedString()
                0x0001973c                ManagedString::ManagedString()
 .text._ZN13ManagedString9substringEss
                0x00019748       0x38 ym/microbit-dal/source/microbit-dal.a(ManagedString.cpp.o)
                0x00019748                ManagedString::substring(short, short)
 .text.startup._GLOBAL__sub_I__ZN13ManagedString9initEmptyEv
                0x00019780       0x28 ym/microbit-dal/source/microbit-dal.a(ManagedString.cpp.o)
 .text._ZN13MicroBitEvent4fireEv
                0x000197a8       0x28 ym/microbit-dal/source/microbit-dal.a(MicroBitEvent.cpp.o)
                0x000197a8                MicroBitEvent::fire()
 .text._ZN13MicroBitImageC2Ev
                0x000197d0        0xc ym/microbit-dal/source/microbit-dal.a(MicroBitImage.cpp.o)
                0x000197d0                MicroBitImage::MicroBitImage()
                0x000197d0                MicroBitImage::MicroBitImage()
 .text._ZN13MicroBitImageC2EP9ImageData
                0x000197dc       0x1c ym/microbit-dal/source/microbit-dal.a(MicroBitImage.cpp.o)
                0x000197dc                MicroBitImage::MicroBitImage(ImageData*)
                0x000197dc                MicroBitImage::MicroBitImage(ImageData*)
 .text._ZN13MicroBitImage13setPixelValueEssh
                0x000197f8       0x2c ym/microbit-dal/source/microbit-dal.a(MicroBitImage.cpp.o)
                0x000197f8                MicroBitImage::setPixelValue(short, short, unsigned char)
 .text._ZN13MicroBitImage10printImageEssPKh
                0x00019824       0x60 ym/microbit-dal/source/microbit-dal.a(MicroBitImage.cpp.o)
                0x00019824                MicroBitImage::printImage(short, short, unsigned char const*)
 .text._ZN13MicroBitImage4initEssPKh
                0x00019884       0x4c ym/microbit-dal/source/microbit-dal.a(MicroBitImage.cpp.o)
                0x00019884                MicroBitImage::init(short, short, unsigned char const*)
 .text._ZN13MicroBitImageC2EPKc
                0x000198d0       0xa0 ym/microbit-dal/source/microbit-dal.a(MicroBitImage.cpp.o)
                0x000198d0                MicroBitImage::MicroBitImage(char const*)
                0x000198d0                MicroBitImage::MicroBitImage(char const*)
 .text._ZN13MicroBitImage5printEcss
                0x00019970       0x90 ym/microbit-dal/source/microbit-dal.a(MicroBitImage.cpp.o)
                0x00019970                MicroBitImage::print(char, short, short)
 .text._ZN13MicroBitImage9shiftLeftEs
                0x00019a00       0x50 ym/microbit-dal/source/microbit-dal.a(MicroBitImage.cpp.o)
                0x00019a00                MicroBitImage::shiftLeft(short)
 .text.startup._GLOBAL__sub_I__ZN13MicroBitImage10EmptyImageE
                0x00019a50       0x28 ym/microbit-dal/source/microbit-dal.a(MicroBitImage.cpp.o)
 .text.startup._GLOBAL__sub_I__ZN12PacketBuffer11EmptyPacketE
                0x00019a78       0x24 ym/microbit-dal/source/microbit-dal.a(PacketBuffer.cpp.o)
 .text._ZL16isReadOnlyInlineP10RefCounted.isra.0
                0x00019a9c       0x24 ym/microbit-dal/source/microbit-dal.a(RefCounted.cpp.o)
 .text._ZN21MicroBitAccelerometer9configureEv
                0x00019ac0        0x8 ym/microbit-dal/source/microbit-dal.a(MicroBitAccelerometer.cpp.o)
                0x00019ac0                MicroBitAccelerometer::configure()
 .text._ZN21MicroBitAccelerometer13requestUpdateEv
                0x00019ac8       0x10 ym/microbit-dal/source/microbit-dal.a(MicroBitAccelerometer.cpp.o)
                0x00019ac8                MicroBitAccelerometer::requestUpdate()
 .text._ZN21MicroBitAccelerometerC2ER15CoordinateSpacet
                0x00019ad8       0x50 ym/microbit-dal/source/microbit-dal.a(MicroBitAccelerometer.cpp.o)
                0x00019ad8                MicroBitAccelerometer::MicroBitAccelerometer(CoordinateSpace&, unsigned short)
                0x00019ad8                MicroBitAccelerometer::MicroBitAccelerometer(CoordinateSpace&, unsigned short)
 .text._ZN11MicroBitPinC2ERKS_
                0x00019b28       0x20 ym/microbit-dal/source/microbit-dal.a(MicroBitAccelerometer.cpp.o)
                0x00019b28                MicroBitPin::MicroBitPin(MicroBitPin const&)
                0x00019b28                MicroBitPin::MicroBitPin(MicroBitPin const&)
 .text._ZN21MicroBitAccelerometer10autoDetectER11MicroBitI2C
                0x00019b48      0x194 ym/microbit-dal/source/microbit-dal.a(MicroBitAccelerometer.cpp.o)
                0x00019b48                MicroBitAccelerometer::autoDetect(MicroBitI2C&)
 .text._ZN21MicroBitAccelerometer20instantaneousPostureEv
                0x00019cdc      0x19c ym/microbit-dal/source/microbit-dal.a(MicroBitAccelerometer.cpp.o)
                0x00019cdc                MicroBitAccelerometer::instantaneousPosture()
 .text._ZN21MicroBitAccelerometer20recalculatePitchRollEv
                0x00019e78       0xe0 ym/microbit-dal/source/microbit-dal.a(MicroBitAccelerometer.cpp.o)
                0x00019e78                MicroBitAccelerometer::recalculatePitchRoll()
 .text._ZN14MicroBitButton10systemTickEv
                0x00019f58       0xd8 ym/microbit-dal/source/microbit-dal.a(MicroBitButton.cpp.o)
                0x00019f58                MicroBitButton::systemTick()
 .text._ZN14MicroBitButtonD2Ev
                0x0001a030       0x18 ym/microbit-dal/source/microbit-dal.a(MicroBitButton.cpp.o)
                0x0001a030                MicroBitButton::~MicroBitButton()
                0x0001a030                MicroBitButton::~MicroBitButton()
 .text._ZN14MicroBitButtonC2E7PinNamet32MicroBitButtonEventConfiguration7PinMode
                0x0001a048       0x58 ym/microbit-dal/source/microbit-dal.a(MicroBitButton.cpp.o)
                0x0001a048                MicroBitButton::MicroBitButton(PinName, unsigned short, MicroBitButtonEventConfiguration, PinMode)
                0x0001a048                MicroBitButton::MicroBitButton(PinName, unsigned short, MicroBitButtonEventConfiguration, PinMode)
 .text._ZN15MicroBitCompass9configureEv
                0x0001a0a0        0x8 ym/microbit-dal/source/microbit-dal.a(MicroBitCompass.cpp.o)
                0x0001a0a0                MicroBitCompass::configure()
 .text._ZN15MicroBitCompass13requestUpdateEv
                0x0001a0a8       0x10 ym/microbit-dal/source/microbit-dal.a(MicroBitCompass.cpp.o)
                0x0001a0a8                MicroBitCompass::requestUpdate()
 .text._ZN15MicroBitCompassC2ER15CoordinateSpacet
                0x0001a0b8       0x44 ym/microbit-dal/source/microbit-dal.a(MicroBitCompass.cpp.o)
                0x0001a0b8                MicroBitCompass::MicroBitCompass(CoordinateSpace&, unsigned short)
                0x0001a0b8                MicroBitCompass::MicroBitCompass(CoordinateSpace&, unsigned short)
 .text._ZN15MicroBitCompass10autoDetectER11MicroBitI2C
                0x0001a0fc      0x190 ym/microbit-dal/source/microbit-dal.a(MicroBitCompass.cpp.o)
                0x0001a0fc                MicroBitCompass::autoDetect(MicroBitI2C&)
 .text._ZN15MicroBitCompass9calibrateEv
                0x0001a28c       0x54 ym/microbit-dal/source/microbit-dal.a(MicroBitCompass.cpp.o)
                0x0001a28c                MicroBitCompass::calibrate()
 .text._ZN15MicroBitCompass22tiltCompensatedBearingEv
                0x0001a2e0       0xfc ym/microbit-dal/source/microbit-dal.a(MicroBitCompass.cpp.o)
                0x0001a2e0                MicroBitCompass::tiltCompensatedBearing()
 .text._ZN15MicroBitCompass12basicBearingEv
                0x0001a3dc       0x68 ym/microbit-dal/source/microbit-dal.a(MicroBitCompass.cpp.o)
                0x0001a3dc                MicroBitCompass::basicBearing()
 .text._ZN15MicroBitCompass7headingEv
                0x0001a444       0x30 ym/microbit-dal/source/microbit-dal.a(MicroBitCompass.cpp.o)
                0x0001a444                MicroBitCompass::heading()
 .text._ZN25MicroBitCompassCalibrator11calibrateUXE13MicroBitEvent
                0x0001a474      0x2b4 ym/microbit-dal/source/microbit-dal.a(MicroBitCompassCalibrator.cpp.o)
                0x0001a474                MicroBitCompassCalibrator::calibrateUX(MicroBitEvent)
 .text._ZN10EventModel6listenI25MicroBitCompassCalibratorEEittPT_MS2_Fv13MicroBitEventEt
                0x0001a728       0xa8 ym/microbit-dal/source/microbit-dal.a(MicroBitCompassCalibrator.cpp.o)
                0x0001a728                int EventModel::listen<MicroBitCompassCalibrator>(unsigned short, unsigned short, MicroBitCompassCalibrator*, void (MicroBitCompassCalibrator::*)(MicroBitEvent), unsigned short)
 .text._ZN25MicroBitCompassCalibratorC2ER15MicroBitCompassR21MicroBitAccelerometerR15MicroBitDisplayR15MicroBitStorage
                0x0001a7d0       0x80 ym/microbit-dal/source/microbit-dal.a(MicroBitCompassCalibrator.cpp.o)
                0x0001a7d0                MicroBitCompassCalibrator::MicroBitCompassCalibrator(MicroBitCompass&, MicroBitAccelerometer&, MicroBitDisplay&, MicroBitStorage&)
                0x0001a7d0                MicroBitCompassCalibrator::MicroBitCompassCalibrator(MicroBitCompass&, MicroBitAccelerometer&, MicroBitDisplay&, MicroBitStorage&)
 .text._ZN15MicroBitDisplay15renderGreyscaleEv
                0x0001a850      0x104 ym/microbit-dal/source/microbit-dal.a(MicroBitDisplay.cpp.o)
                0x0001a850                MicroBitDisplay::renderGreyscale()
 .text._ZN15MicroBitDisplayD2Ev
                0x0001a954       0x50 ym/microbit-dal/source/microbit-dal.a(MicroBitDisplay.cpp.o)
                0x0001a954                MicroBitDisplay::~MicroBitDisplay()
                0x0001a954                MicroBitDisplay::~MicroBitDisplay()
 .text._ZN15MicroBitDisplayC2EtRK9MatrixMap
                0x0001a9a4       0xd8 ym/microbit-dal/source/microbit-dal.a(MicroBitDisplay.cpp.o)
                0x0001a9a4                MicroBitDisplay::MicroBitDisplay(unsigned short, MatrixMap const&)
                0x0001a9a4                MicroBitDisplay::MicroBitDisplay(unsigned short, MatrixMap const&)
 .text._ZN15MicroBitDisplay6renderEv
                0x0001aa7c       0xf4 ym/microbit-dal/source/microbit-dal.a(MicroBitDisplay.cpp.o)
                0x0001aa7c                MicroBitDisplay::render()
 .text._ZN15MicroBitDisplay26sendAnimationCompleteEventEv
                0x0001ab70       0x24 ym/microbit-dal/source/microbit-dal.a(MicroBitDisplay.cpp.o)
                0x0001ab70                MicroBitDisplay::sendAnimationCompleteEvent()
 .text._ZN15MicroBitDisplay13stopAnimationEv
                0x0001ab94       0x38 ym/microbit-dal/source/microbit-dal.a(MicroBitDisplay.cpp.o)
                0x0001ab94                MicroBitDisplay::stopAnimation()
 .text._ZN15MicroBitDisplay18waitForFreeDisplayEv
                0x0001abcc       0x20 ym/microbit-dal/source/microbit-dal.a(MicroBitDisplay.cpp.o)
                0x0001abcc                MicroBitDisplay::waitForFreeDisplay()
 .text._ZN15MicroBitDisplay9fiberWaitEv
                0x0001abec       0x2c ym/microbit-dal/source/microbit-dal.a(MicroBitDisplay.cpp.o)
                0x0001abec                MicroBitDisplay::fiberWait()
 .text._ZN15MicroBitDisplay14printCharAsyncEci
                0x0001ac18       0x4c ym/microbit-dal/source/microbit-dal.a(MicroBitDisplay.cpp.o)
                0x0001ac18                MicroBitDisplay::printCharAsync(char, int)
 .text._ZN15MicroBitDisplay10printAsyncE13ManagedStringi
                0x0001ac64       0x6c ym/microbit-dal/source/microbit-dal.a(MicroBitDisplay.cpp.o)
                0x0001ac64                MicroBitDisplay::printAsync(ManagedString, int)
 .text._ZN15MicroBitDisplay10printAsyncE13MicroBitImageiiii
                0x0001acd0       0x54 ym/microbit-dal/source/microbit-dal.a(MicroBitDisplay.cpp.o)
                0x0001acd0                MicroBitDisplay::printAsync(MicroBitImage, int, int, int, int)
 .text._ZN15MicroBitDisplay5printE13ManagedStringi
                0x0001ad24       0x68 ym/microbit-dal/source/microbit-dal.a(MicroBitDisplay.cpp.o)
                0x0001ad24                MicroBitDisplay::print(ManagedString, int)
 .text._ZN15MicroBitDisplay5printE13MicroBitImageiiii
                0x0001ad8c       0x68 ym/microbit-dal/source/microbit-dal.a(MicroBitDisplay.cpp.o)
                0x0001ad8c                MicroBitDisplay::print(MicroBitImage, int, int, int, int)
 .text._ZN15MicroBitDisplay11scrollAsyncE13ManagedStringi
                0x0001adf4       0x54 ym/microbit-dal/source/microbit-dal.a(MicroBitDisplay.cpp.o)
                0x0001adf4                MicroBitDisplay::scrollAsync(ManagedString, int)
 .text._ZN15MicroBitDisplay6scrollE13ManagedStringi
                0x0001ae48       0x4c ym/microbit-dal/source/microbit-dal.a(MicroBitDisplay.cpp.o)
                0x0001ae48                MicroBitDisplay::scroll(ManagedString, int)
 .text._ZN15MicroBitDisplay12animateAsyncE13MicroBitImageiiii
                0x0001ae94       0x74 ym/microbit-dal/source/microbit-dal.a(MicroBitDisplay.cpp.o)
                0x0001ae94                MicroBitDisplay::animateAsync(MicroBitImage, int, int, int, int)
 .text._ZN15MicroBitDisplay7animateE13MicroBitImageiiii
                0x0001af08       0x60 ym/microbit-dal/source/microbit-dal.a(MicroBitDisplay.cpp.o)
                0x0001af08                MicroBitDisplay::animate(MicroBitImage, int, int, int, int)
 .text._ZN15MicroBitDisplay13setBrightnessEi
                0x0001af68       0x14 ym/microbit-dal/source/microbit-dal.a(MicroBitDisplay.cpp.o)
                0x0001af68                MicroBitDisplay::setBrightness(int)
 .text._ZN11MicroBitI2C4readEiPcib
                0x0001af7c       0x20 ym/microbit-dal/source/microbit-dal.a(MicroBitI2C.cpp.o)
                0x0001af7c                MicroBitI2C::read(int, char*, int, bool)
 .text._ZN11MicroBitI2C5writeEiPKcib
                0x0001af9c       0x20 ym/microbit-dal/source/microbit-dal.a(MicroBitI2C.cpp.o)
                0x0001af9c                MicroBitI2C::write(int, char const*, int, bool)
 .text._ZN11MicroBitI2C12readRegisterEhhPhi
                0x0001afbc       0x4c ym/microbit-dal/source/microbit-dal.a(MicroBitI2C.cpp.o)
                0x0001afbc                MicroBitI2C::readRegister(unsigned char, unsigned char, unsigned char*, int)
 .text._ZN19MicroBitLightSensor11analogReadyEv
                0x0001b008       0x50 ym/microbit-dal/source/microbit-dal.a(MicroBitLightSensor.cpp.o)
                0x0001b008                MicroBitLightSensor::analogReady()
 .text._ZN19MicroBitLightSensor12startSensingE13MicroBitEvent
                0x0001b058       0xa0 ym/microbit-dal/source/microbit-dal.a(MicroBitLightSensor.cpp.o)
                0x0001b058                MicroBitLightSensor::startSensing(MicroBitEvent)
 .text._ZN16MicroBitListenerC2I19MicroBitLightSensorEEttPT_MS2_Fv13MicroBitEventEt
                0x0001b0f8       0x68 ym/microbit-dal/source/microbit-dal.a(MicroBitLightSensor.cpp.o)
                0x0001b0f8                MicroBitListener::MicroBitListener<MicroBitLightSensor>(unsigned short, unsigned short, MicroBitLightSensor*, void (MicroBitLightSensor::*)(MicroBitEvent), unsigned short)
                0x0001b0f8                MicroBitListener::MicroBitListener<MicroBitLightSensor>(unsigned short, unsigned short, MicroBitLightSensor*, void (MicroBitLightSensor::*)(MicroBitEvent), unsigned short)
 .text._ZN19MicroBitLightSensorC2ERK9MatrixMap
                0x0001b160       0x80 ym/microbit-dal/source/microbit-dal.a(MicroBitLightSensor.cpp.o)
                0x0001b160                MicroBitLightSensor::MicroBitLightSensor(MatrixMap const&)
                0x0001b160                MicroBitLightSensor::MicroBitLightSensor(MatrixMap const&)
 .text._ZN19MicroBitLightSensorD2Ev
                0x0001b1e0       0x64 ym/microbit-dal/source/microbit-dal.a(MicroBitLightSensor.cpp.o)
                0x0001b1e0                MicroBitLightSensor::~MicroBitLightSensor()
                0x0001b1e0                MicroBitLightSensor::~MicroBitLightSensor()
 .text._ZN18MicroBitMessageBus6removeEP16MicroBitListener
                0x0001b244       0x94 ym/microbit-dal/source/microbit-dal.a(MicroBitMessageBus.cpp.o)
                0x0001b244                MicroBitMessageBus::remove(MicroBitListener*)
 .text._ZN18MicroBitMessageBus3addEP16MicroBitListener
                0x0001b2d8       0xd8 ym/microbit-dal/source/microbit-dal.a(MicroBitMessageBus.cpp.o)
                0x0001b2d8                MicroBitMessageBus::add(MicroBitListener*)
 .text._ZN18MicroBitMessageBusD2Ev
                0x0001b3b0       0x20 ym/microbit-dal/source/microbit-dal.a(MicroBitMessageBus.cpp.o)
                0x0001b3b0                MicroBitMessageBus::~MicroBitMessageBus()
                0x0001b3b0                MicroBitMessageBus::~MicroBitMessageBus()
 .text._ZThn8_N18MicroBitMessageBusD1Ev
                0x0001b3d0       0x10 ym/microbit-dal/source/microbit-dal.a(MicroBitMessageBus.cpp.o)
                0x0001b3d0                non-virtual thunk to MicroBitMessageBus::~MicroBitMessageBus()
 .text._ZThn8_N18MicroBitMessageBusD0Ev
                0x0001b3e0       0x10 ym/microbit-dal/source/microbit-dal.a(MicroBitMessageBus.cpp.o)
                0x0001b3e0                non-virtual thunk to MicroBitMessageBus::~MicroBitMessageBus()
 .text._ZN18MicroBitMessageBusC2Ev
                0x0001b3f0       0x3c ym/microbit-dal/source/microbit-dal.a(MicroBitMessageBus.cpp.o)
                0x0001b3f0                MicroBitMessageBus::MicroBitMessageBus()
                0x0001b3f0                MicroBitMessageBus::MicroBitMessageBus()
 .text._ZN18MicroBitMessageBus7processER13MicroBitEventb
                0x0001b42c       0x88 ym/microbit-dal/source/microbit-dal.a(MicroBitMessageBus.cpp.o)
                0x0001b42c                MicroBitMessageBus::process(MicroBitEvent&, bool)
 .text._ZThn8_N18MicroBitMessageBus8idleTickEv
                0x0001b4b4       0x10 ym/microbit-dal/source/microbit-dal.a(MicroBitMessageBus.cpp.o)
                0x0001b4b4                non-virtual thunk to MicroBitMessageBus::idleTick()
 .text._ZN10EventModel6listenI19MicroBitMultiButtonEEittPT_MS2_Fv13MicroBitEventEt
                0x0001b4c4       0xa8 ym/microbit-dal/source/microbit-dal.a(MicroBitMultiButton.cpp.o)
                0x0001b4c4                int EventModel::listen<MicroBitMultiButton>(unsigned short, unsigned short, MicroBitMultiButton*, void (MicroBitMultiButton::*)(MicroBitEvent), unsigned short)
 .text._ZN19MicroBitMultiButtonC2Ettt
                0x0001b56c       0x70 ym/microbit-dal/source/microbit-dal.a(MicroBitMultiButton.cpp.o)
                0x0001b56c                MicroBitMultiButton::MicroBitMultiButton(unsigned short, unsigned short, unsigned short)
                0x0001b56c                MicroBitMultiButton::MicroBitMultiButton(unsigned short, unsigned short, unsigned short)
 .text._ZN11MicroBitPinC2Ei7PinName13PinCapability
                0x0001b5dc       0x1c ym/microbit-dal/source/microbit-dal.a(MicroBitPin.cpp.o)
                0x0001b5dc                MicroBitPin::MicroBitPin(int, PinName, PinCapability)
                0x0001b5dc                MicroBitPin::MicroBitPin(int, PinName, PinCapability)
 .text._ZN11MicroBitPin10disconnectEv
                0x0001b5f8       0x88 ym/microbit-dal/source/microbit-dal.a(MicroBitPin.cpp.o)
                0x0001b5f8                MicroBitPin::disconnect()
 .text._ZN11MicroBitPin15getDigitalValueEv
                0x0001b680       0x70 ym/microbit-dal/source/microbit-dal.a(MicroBitPin.cpp.o)
                0x0001b680                MicroBitPin::getDigitalValue()
 .text._ZN11MicroBitPin7setPullE7PinMode
                0x0001b6f0       0x2c ym/microbit-dal/source/microbit-dal.a(MicroBitPin.cpp.o)
                0x0001b6f0                MicroBitPin::setPull(PinMode)
 .text._ZN13MicroBitRadioC2Et
                0x0001b71c       0x40 ym/microbit-dal/source/microbit-dal.a(MicroBitRadio.cpp.o)
                0x0001b71c                MicroBitRadio::MicroBitRadio(unsigned short)
                0x0001b71c                MicroBitRadio::MicroBitRadio(unsigned short)
 .text._ZN13MicroBitRadio7setRSSIEi
                0x0001b75c       0x14 ym/microbit-dal/source/microbit-dal.a(MicroBitRadio.cpp.o)
                0x0001b75c                MicroBitRadio::setRSSI(int)
 .text._ZN13MicroBitRadio7getRSSIEv
                0x0001b770       0x14 ym/microbit-dal/source/microbit-dal.a(MicroBitRadio.cpp.o)
                0x0001b770                MicroBitRadio::getRSSI()
 .text._ZN13MicroBitRadio10queueRxBufEv
                0x0001b784       0x60 ym/microbit-dal/source/microbit-dal.a(MicroBitRadio.cpp.o)
                0x0001b784                MicroBitRadio::queueRxBuf()
 .text.RADIO_IRQHandler
                0x0001b7e4       0x64 ym/microbit-dal/source/microbit-dal.a(MicroBitRadio.cpp.o)
                0x0001b7e4                RADIO_IRQHandler
 .text._ZN13MicroBitRadio4recvEv
                0x0001b848       0x28 ym/microbit-dal/source/microbit-dal.a(MicroBitRadio.cpp.o)
                0x0001b848                MicroBitRadio::recv()
 .text._ZN14MicroBitSerial4baudEi
                0x0001b870       0x14 ym/microbit-dal/source/microbit-dal.a(MicroBitSerial.cpp.o)
                0x0001b870                MicroBitSerial::baud(int)
 .text._ZN14MicroBitSerialC2E7PinNameS0_hh
                0x0001b884       0x50 ym/microbit-dal/source/microbit-dal.a(MicroBitSerial.cpp.o)
                0x0001b884                MicroBitSerial::MicroBitSerial(PinName, PinName, unsigned char, unsigned char)
                0x0001b884                MicroBitSerial::MicroBitSerial(PinName, PinName, unsigned char, unsigned char)
 .text._ZN15MicroBitStorage4sizeEv
                0x0001b8d4       0x60 ym/microbit-dal/source/microbit-dal.a(MicroBitStorage.cpp.o)
                0x0001b8d4                MicroBitStorage::size()
 .text._ZN15MicroBitStorage3putEPKcPhi
                0x0001b934      0x1ac ym/microbit-dal/source/microbit-dal.a(MicroBitStorage.cpp.o)
                0x0001b934                MicroBitStorage::put(char const*, unsigned char*, int)
 .text._ZN15MicroBitStorage6removeEPKc
                0x0001bae0       0xd8 ym/microbit-dal/source/microbit-dal.a(MicroBitStorage.cpp.o)
                0x0001bae0                MicroBitStorage::remove(char const*)
 .text._ZN19MicroBitThermometerC2ER15MicroBitStoraget
                0x0001bbb8       0x48 ym/microbit-dal/source/microbit-dal.a(MicroBitThermometer.cpp.o)
                0x0001bbb8                MicroBitThermometer::MicroBitThermometer(MicroBitStorage&, unsigned short)
                0x0001bbb8                MicroBitThermometer::MicroBitThermometer(MicroBitStorage&, unsigned short)
 .text._ZN19MicroBitThermometer12updateSampleEv
                0x0001bc00       0x8c ym/microbit-dal/source/microbit-dal.a(MicroBitThermometer.cpp.o)
                0x0001bc00                MicroBitThermometer::updateSample()
 .text._ZL18nvmc_event_handlerm
                0x0001bc8c       0x10 ym/microbit-dal/source/microbit-dal.a(MicroBitFlash.cpp.o)
 .text._ZN13MicroBitFlashC2Ev
                0x0001bc9c       0x24 ym/microbit-dal/source/microbit-dal.a(MicroBitFlash.cpp.o)
                0x0001bc9c                MicroBitFlash::MicroBitFlash()
                0x0001bc9c                MicroBitFlash::MicroBitFlash()
 .text._ZN13MicroBitFlash10erase_pageEPm
                0x0001bcc0       0x6c ym/microbit-dal/source/microbit-dal.a(MicroBitFlash.cpp.o)
                0x0001bcc0                MicroBitFlash::erase_page(unsigned long*)
 .text._ZN13MicroBitFlash10flash_burnEPmS0_i
                0x0001bd2c       0x7c ym/microbit-dal/source/microbit-dal.a(MicroBitFlash.cpp.o)
                0x0001bd2c                MicroBitFlash::flash_burn(unsigned long*, unsigned long*, int)
 .text._ZThn68_N8FXOS87008idleTickEv
                0x0001bda8       0x10 ym/microbit-dal/source/microbit-dal.a(FXOS8700.cpp.o)
                0x0001bda8                non-virtual thunk to FXOS8700::idleTick()
 .text._ZN8FXOS87009configureEv
                0x0001bdb8       0xe4 ym/microbit-dal/source/microbit-dal.a(FXOS8700.cpp.o)
                0x0001bdb8                FXOS8700::configure()
 .text._ZThn68_N8FXOS87009configureEv
                0x0001be9c       0x10 ym/microbit-dal/source/microbit-dal.a(FXOS8700.cpp.o)
                0x0001be9c                non-virtual thunk to FXOS8700::configure()
 .text._ZN8FXOS8700D2Ev
                0x0001beac       0x24 ym/microbit-dal/source/microbit-dal.a(FXOS8700.cpp.o)
                0x0001beac                FXOS8700::~FXOS8700()
                0x0001beac                FXOS8700::~FXOS8700()
 .text._ZThn68_N8FXOS8700D1Ev
                0x0001bed0       0x10 ym/microbit-dal/source/microbit-dal.a(FXOS8700.cpp.o)
                0x0001bed0                non-virtual thunk to FXOS8700::~FXOS8700()
 .text._ZThn68_N8FXOS8700D0Ev
                0x0001bee0       0x10 ym/microbit-dal/source/microbit-dal.a(FXOS8700.cpp.o)
                0x0001bee0                non-virtual thunk to FXOS8700::~FXOS8700()
 .text._ZN8FXOS870013requestUpdateEv
                0x0001bef0       0xfc ym/microbit-dal/source/microbit-dal.a(FXOS8700.cpp.o)
                0x0001bef0                FXOS8700::requestUpdate()
 .text._ZThn68_N8FXOS870013requestUpdateEv
                0x0001bfec       0x10 ym/microbit-dal/source/microbit-dal.a(FXOS8700.cpp.o)
                0x0001bfec                non-virtual thunk to FXOS8700::requestUpdate()
 .text._ZN8FXOS8700C2ER11MicroBitI2C11MicroBitPinR15CoordinateSpacettt
                0x0001bffc       0x80 ym/microbit-dal/source/microbit-dal.a(FXOS8700.cpp.o)
                0x0001bffc                FXOS8700::FXOS8700(MicroBitI2C&, MicroBitPin, CoordinateSpace&, unsigned short, unsigned short, unsigned short)
                0x0001bffc                FXOS8700::FXOS8700(MicroBitI2C&, MicroBitPin, CoordinateSpace&, unsigned short, unsigned short, unsigned short)
 .text._ZN7MMA86539configureEv
                0x0001c07c       0xb0 ym/microbit-dal/source/microbit-dal.a(MMA8653.cpp.o)
                0x0001c07c                MMA8653::configure()
 .text._ZN7MMA8653D2Ev
                0x0001c12c       0x18 ym/microbit-dal/source/microbit-dal.a(MMA8653.cpp.o)
                0x0001c12c                MMA8653::~MMA8653()
                0x0001c12c                MMA8653::~MMA8653()
 .text._ZN7MMA865313requestUpdateEv
                0x0001c144       0x78 ym/microbit-dal/source/microbit-dal.a(MMA8653.cpp.o)
                0x0001c144                MMA8653::requestUpdate()
 .text._ZN7MMA8653C2ER11MicroBitI2C11MicroBitPinR15CoordinateSpacett
                0x0001c1bc       0x5c ym/microbit-dal/source/microbit-dal.a(MMA8653.cpp.o)
                0x0001c1bc                MMA8653::MMA8653(MicroBitI2C&, MicroBitPin, CoordinateSpace&, unsigned short, unsigned short)
                0x0001c1bc                MMA8653::MMA8653(MicroBitI2C&, MicroBitPin, CoordinateSpace&, unsigned short, unsigned short)
 .text._ZN7MAG3110D2Ev
                0x0001c218       0x18 ym/microbit-dal/source/microbit-dal.a(MAG3110.cpp.o)
                0x0001c218                MAG3110::~MAG3110()
                0x0001c218                MAG3110::~MAG3110()
 .text._ZN7MAG31109configureEv
                0x0001c230       0xa0 ym/microbit-dal/source/microbit-dal.a(MAG3110.cpp.o)
                0x0001c230                MAG3110::configure()
 .text._ZN7MAG311013requestUpdateEv
                0x0001c2d0       0x8c ym/microbit-dal/source/microbit-dal.a(MAG3110.cpp.o)
                0x0001c2d0                MAG3110::requestUpdate()
 .text._ZN7MAG3110C2ER11MicroBitI2C11MicroBitPinR15CoordinateSpacett
                0x0001c35c       0x54 ym/microbit-dal/source/microbit-dal.a(MAG3110.cpp.o)
                0x0001c35c                MAG3110::MAG3110(MicroBitI2C&, MicroBitPin, CoordinateSpace&, unsigned short, unsigned short)
                0x0001c35c                MAG3110::MAG3110(MicroBitI2C&, MicroBitPin, CoordinateSpace&, unsigned short, unsigned short)
 .text._ZN19LSM303Accelerometer9configureEv
                0x0001c3b0       0xa0 ym/microbit-dal/source/microbit-dal.a(LSM303Accelerometer.cpp.o)
                0x0001c3b0                LSM303Accelerometer::configure()
 .text._ZN19LSM303AccelerometerD2Ev
                0x0001c450       0x18 ym/microbit-dal/source/microbit-dal.a(LSM303Accelerometer.cpp.o)
                0x0001c450                LSM303Accelerometer::~LSM303Accelerometer()
                0x0001c450                LSM303Accelerometer::~LSM303Accelerometer()
 .text._ZN19LSM303Accelerometer13requestUpdateEv
                0x0001c468       0x94 ym/microbit-dal/source/microbit-dal.a(LSM303Accelerometer.cpp.o)
                0x0001c468                LSM303Accelerometer::requestUpdate()
 .text._ZN19LSM303AccelerometerC2ER11MicroBitI2C11MicroBitPinR15CoordinateSpacett
                0x0001c4fc       0x5c ym/microbit-dal/source/microbit-dal.a(LSM303Accelerometer.cpp.o)
                0x0001c4fc                LSM303Accelerometer::LSM303Accelerometer(MicroBitI2C&, MicroBitPin, CoordinateSpace&, unsigned short, unsigned short)
                0x0001c4fc                LSM303Accelerometer::LSM303Accelerometer(MicroBitI2C&, MicroBitPin, CoordinateSpace&, unsigned short, unsigned short)
 .text._ZN18LSM303Magnetometer9configureEv
                0x0001c558       0x60 ym/microbit-dal/source/microbit-dal.a(LSM303Magnetometer.cpp.o)
                0x0001c558                LSM303Magnetometer::configure()
 .text._ZN18LSM303MagnetometerD2Ev
                0x0001c5b8       0x18 ym/microbit-dal/source/microbit-dal.a(LSM303Magnetometer.cpp.o)
                0x0001c5b8                LSM303Magnetometer::~LSM303Magnetometer()
                0x0001c5b8                LSM303Magnetometer::~LSM303Magnetometer()
 .text._ZN18LSM303Magnetometer13requestUpdateEv
                0x0001c5d0       0x74 ym/microbit-dal/source/microbit-dal.a(LSM303Magnetometer.cpp.o)
                0x0001c5d0                LSM303Magnetometer::requestUpdate()
 .text._ZN18LSM303MagnetometerC2ER11MicroBitI2C11MicroBitPinR15CoordinateSpacett
                0x0001c644       0x54 ym/microbit-dal/source/microbit-dal.a(LSM303Magnetometer.cpp.o)
                0x0001c644                LSM303Magnetometer::LSM303Magnetometer(MicroBitI2C&, MicroBitPin, CoordinateSpace&, unsigned short, unsigned short)
                0x0001c644                LSM303Magnetometer::LSM303Magnetometer(MicroBitI2C&, MicroBitPin, CoordinateSpace&, unsigned short, unsigned short)
 .text._ZN19BMX055Accelerometer9configureEv
                0x0001c698      0x104 ym/microbit-dal/source/microbit-dal.a(BMX055Accelerometer.cpp.o)
                0x0001c698                BMX055Accelerometer::configure()
 .text._ZN19BMX055AccelerometerD2Ev
                0x0001c79c       0x18 ym/microbit-dal/source/microbit-dal.a(BMX055Accelerometer.cpp.o)
                0x0001c79c                BMX055Accelerometer::~BMX055Accelerometer()
                0x0001c79c                BMX055Accelerometer::~BMX055Accelerometer()
 .text._ZN19BMX055Accelerometer13requestUpdateEv
                0x0001c7b4       0x94 ym/microbit-dal/source/microbit-dal.a(BMX055Accelerometer.cpp.o)
                0x0001c7b4                BMX055Accelerometer::requestUpdate()
 .text._ZN19BMX055AccelerometerC2ER11MicroBitI2C11MicroBitPinR15CoordinateSpacett
                0x0001c848       0x5c ym/microbit-dal/source/microbit-dal.a(BMX055Accelerometer.cpp.o)
                0x0001c848                BMX055Accelerometer::BMX055Accelerometer(MicroBitI2C&, MicroBitPin, CoordinateSpace&, unsigned short, unsigned short)
                0x0001c848                BMX055Accelerometer::BMX055Accelerometer(MicroBitI2C&, MicroBitPin, CoordinateSpace&, unsigned short, unsigned short)
 .text._ZN18BMX055Magnetometer9configureEv
                0x0001c8a4      0x200 ym/microbit-dal/source/microbit-dal.a(BMX055Magnetometer.cpp.o)
                0x0001c8a4                BMX055Magnetometer::configure()
 .text._ZN18BMX055Magnetometer13requestUpdateEv
                0x0001caa4      0x15c ym/microbit-dal/source/microbit-dal.a(BMX055Magnetometer.cpp.o)
                0x0001caa4                BMX055Magnetometer::requestUpdate()
 .text._ZN18BMX055MagnetometerD2Ev
                0x0001cc00       0x18 ym/microbit-dal/source/microbit-dal.a(BMX055Magnetometer.cpp.o)
                0x0001cc00                BMX055Magnetometer::~BMX055Magnetometer()
                0x0001cc00                BMX055Magnetometer::~BMX055Magnetometer()
 .text._ZN18BMX055MagnetometerC2ER11MicroBitI2C11MicroBitPinR15CoordinateSpacett
                0x0001cc18       0x5c ym/microbit-dal/source/microbit-dal.a(BMX055Magnetometer.cpp.o)
                0x0001cc18                BMX055Magnetometer::BMX055Magnetometer(MicroBitI2C&, MicroBitPin, CoordinateSpace&, unsigned short, unsigned short)
                0x0001cc18                BMX055Magnetometer::BMX055Magnetometer(MicroBitI2C&, MicroBitPin, CoordinateSpace&, unsigned short, unsigned short)
 .text._ZN18BMX055Magnetometer10isDetectedER11MicroBitI2Ct
                0x0001cc74       0x34 ym/microbit-dal/source/microbit-dal.a(BMX055Magnetometer.cpp.o)
                0x0001cc74                BMX055Magnetometer::isDetected(MicroBitI2C&, unsigned short)
 .text._ZL22nrf_gpiote_task_enablem
                0x0001cca8       0x2c ym/microbit-dal/source/microbit-dal.a(CalliopeSoundMotor.cpp.o)
 .text._ZL23nrf_gpiote_task_disablem
                0x0001ccd4       0x18 ym/microbit-dal/source/microbit-dal.a(CalliopeSoundMotor.cpp.o)
 .text._ZN18CalliopeSoundMotorD2Ev
                0x0001ccec       0x18 ym/microbit-dal/source/microbit-dal.a(CalliopeSoundMotor.cpp.o)
                0x0001ccec                CalliopeSoundMotor::~CalliopeSoundMotor()
                0x0001ccec                CalliopeSoundMotor::~CalliopeSoundMotor()
 .text._ZN18CalliopeSoundMotor8PWM_initEv
                0x0001cd04      0x11c ym/microbit-dal/source/microbit-dal.a(CalliopeSoundMotor.cpp.o)
                0x0001cd04                CalliopeSoundMotor::PWM_init()
 .text._ZN18CalliopeSoundMotorC2Ev
                0x0001ce20       0x7c ym/microbit-dal/source/microbit-dal.a(CalliopeSoundMotor.cpp.o)
                0x0001ce20                CalliopeSoundMotor::CalliopeSoundMotor()
                0x0001ce20                CalliopeSoundMotor::CalliopeSoundMotor()
 .text._ZN18CalliopeSoundMotor7soundOnEt
                0x0001ce9c       0xd8 ym/microbit-dal/source/microbit-dal.a(CalliopeSoundMotor.cpp.o)
                0x0001ce9c                CalliopeSoundMotor::soundOn(unsigned short)
 .text._ZN11CalliopeRGBD2Ev
                0x0001cf74       0x18 ym/microbit-dal/source/microbit-dal.a(CalliopeRGB.cpp.o)
                0x0001cf74                CalliopeRGB::~CalliopeRGB()
                0x0001cf74                CalliopeRGB::~CalliopeRGB()
 .text._ZN11CalliopeRGB4sendEv
                0x0001cf8c       0xd4 ym/microbit-dal/source/microbit-dal.a(CalliopeRGB.cpp.o)
                0x0001cf8c                CalliopeRGB::send()
 .text._ZN11CalliopeRGB9setColourEhhhh
                0x0001d060       0x44 ym/microbit-dal/source/microbit-dal.a(CalliopeRGB.cpp.o)
                0x0001d060                CalliopeRGB::setColour(unsigned char, unsigned char, unsigned char, unsigned char)
 .text._ZN11CalliopeRGBC2Emh
                0x0001d0a4       0xa0 ym/microbit-dal/source/microbit-dal.a(CalliopeRGB.cpp.o)
                0x0001d0a4                CalliopeRGB::CalliopeRGB(unsigned long, unsigned char)
                0x0001d0a4                CalliopeRGB::CalliopeRGB(unsigned long, unsigned char)
 .text._ZN18MicroBitBLEManagerD2Ev
                0x0001d144       0x20 ym/microbit-dal/source/microbit-dal.a(MicroBitBLEManager.cpp.o)
                0x0001d144                MicroBitBLEManager::~MicroBitBLEManager()
                0x0001d144                MicroBitBLEManager::~MicroBitBLEManager()
 .text._ZL25bleSysAttrMissingCallbackPK32GattSysAttrMissingCallbackParams
                0x0001d164       0xc8 ym/microbit-dal/source/microbit-dal.a(MicroBitBLEManager.cpp.o)
 .text._ZN18MicroBitBLEManager8idleTickEv
                0x0001d22c      0x110 ym/microbit-dal/source/microbit-dal.a(MicroBitBLEManager.cpp.o)
                0x0001d22c                MicroBitBLEManager::idleTick()
 .text._ZN3Gap22setAdvertisingIntervalEt
                0x0001d33c       0x38 ym/microbit-dal/source/microbit-dal.a(MicroBitBLEManager.cpp.o)
                0x0001d33c                Gap::setAdvertisingInterval(unsigned short)
 .text._ZN18GattCharacteristicC2ERK4UUIDPhtthPP13GattAttributejb
                0x0001d374       0x8c ym/microbit-dal/source/microbit-dal.a(MicroBitBLEManager.cpp.o)
                0x0001d374                GattCharacteristic::GattCharacteristic(UUID const&, unsigned char*, unsigned short, unsigned short, unsigned char, GattAttribute**, unsigned int, bool)
                0x0001d374                GattCharacteristic::GattCharacteristic(UUID const&, unsigned char*, unsigned short, unsigned short, unsigned char, GattAttribute**, unsigned int, bool)
 .text._ZN24DeviceInformationServiceC2ER3BLEPKcS3_S3_S3_S3_S3_
                0x0001d400      0x1dc ym/microbit-dal/source/microbit-dal.a(MicroBitBLEManager.cpp.o)
                0x0001d400                DeviceInformationService::DeviceInformationService(BLE&, char const*, char const*, char const*, char const*, char const*, char const*)
                0x0001d400                DeviceInformationService::DeviceInformationService(BLE&, char const*, char const*, char const*, char const*, char const*, char const*)
 .text._ZN18MicroBitBLEManagerC2ER15MicroBitStorage
                0x0001d5dc       0x3c ym/microbit-dal/source/microbit-dal.a(MicroBitBLEManager.cpp.o)
                0x0001d5dc                MicroBitBLEManager::MicroBitBLEManager(MicroBitStorage&)
                0x0001d5dc                MicroBitBLEManager::MicroBitBLEManager(MicroBitStorage&)
 .text._ZL24bleDisconnectionCallbackPKN3Gap29DisconnectionCallbackParams_tE
                0x0001d618       0x3c ym/microbit-dal/source/microbit-dal.a(MicroBitBLEManager.cpp.o)
 .text._ZN18MicroBitBLEManager16setTransmitPowerEi
                0x0001d654       0x3c ym/microbit-dal/source/microbit-dal.a(MicroBitBLEManager.cpp.o)
                0x0001d654                MicroBitBLEManager::setTransmitPower(int)
 .text._ZN18MicroBitBLEManager4initE13ManagedStringS0_R10EventModelb
                0x0001d690      0x2d0 ym/microbit-dal/source/microbit-dal.a(MicroBitBLEManager.cpp.o)
                0x0001d690                MicroBitBLEManager::init(ManagedString, ManagedString, EventModel&, bool)
 .text._ZL22passkeyDisplayCallbacktPKh
                0x0001d960       0x34 ym/microbit-dal/source/microbit-dal.a(MicroBitBLEManager.cpp.o)
 .text._ZL30securitySetupCompletedCallbacktN15SecurityManager26SecurityCompletionStatus_tE
                0x0001d994       0x40 ym/microbit-dal/source/microbit-dal.a(MicroBitBLEManager.cpp.o)
 .text._ZN18MicroBitBLEManager27showManagementModeAnimationER15MicroBitDisplay
                0x0001d9d4       0xa8 ym/microbit-dal/source/microbit-dal.a(MicroBitBLEManager.cpp.o)
                0x0001d9d4                MicroBitBLEManager::showManagementModeAnimation(MicroBitDisplay&)
 .text._ZN18MicroBitBLEManager11pairingModeER15MicroBitDisplayR14MicroBitButton
                0x0001da7c      0x268 ym/microbit-dal/source/microbit-dal.a(MicroBitBLEManager.cpp.o)
                0x0001da7c                MicroBitBLEManager::pairingMode(MicroBitDisplay&, MicroBitButton&)
 .text._ZN18MicroBitDFUServiceC2ER3BLE
                0x0001dce4      0x16c ym/microbit-dal/source/microbit-dal.a(MicroBitDFUService.cpp.o)
                0x0001dce4                MicroBitDFUService::MicroBitDFUService(BLE&)
                0x0001dce4                MicroBitDFUService::MicroBitDFUService(BLE&)
 .text._ZN20MicroBitEventServiceC2ER3BLER10EventModel
                0x0001de50      0x200 ym/microbit-dal/source/microbit-dal.a(MicroBitEventService.cpp.o)
                0x0001de50                MicroBitEventService::MicroBitEventService(BLE&, EventModel&)
                0x0001de50                MicroBitEventService::MicroBitEventService(BLE&, EventModel&)
 .text._ZN16MicroBitListenerC2I20MicroBitEventServiceEEttPT_MS2_Fv13MicroBitEventEt
                0x0001e050       0x68 ym/microbit-dal/source/microbit-dal.a(MicroBitEventService.cpp.o)
                0x0001e050                MicroBitListener::MicroBitListener<MicroBitEventService>(unsigned short, unsigned short, MicroBitEventService*, void (MicroBitEventService::*)(MicroBitEvent), unsigned short)
                0x0001e050                MicroBitListener::MicroBitListener<MicroBitEventService>(unsigned short, unsigned short, MicroBitEventService*, void (MicroBitEventService::*)(MicroBitEvent), unsigned short)
 .text._ZN20MicroBitEventService13onDataWrittenEPK23GattWriteCallbackParams
                0x0001e0b8       0x90 ym/microbit-dal/source/microbit-dal.a(MicroBitEventService.cpp.o)
                0x0001e0b8                MicroBitEventService::onDataWritten(GattWriteCallbackParams const*)
 .text._ZN20MicroBitEventService8idleTickEv
                0x0001e148       0x54 ym/microbit-dal/source/microbit-dal.a(MicroBitEventService.cpp.o)
                0x0001e148                MicroBitEventService::idleTick()
 .text._ZN10EventModel6listenI27MicroBitMagnetometerServiceEEittPT_MS2_Fv13MicroBitEventEt
                0x0001e19c       0xa8 ym/microbit-dal/source/microbit-dal.a(MicroBitMagnetometerService.cpp.o)
                0x0001e19c                int EventModel::listen<MicroBitMagnetometerService>(unsigned short, unsigned short, MicroBitMagnetometerService*, void (MicroBitMagnetometerService::*)(MicroBitEvent), unsigned short)
 .text._ZN27MicroBitMagnetometerServiceC2ER3BLER15MicroBitCompass
                0x0001e244      0x268 ym/microbit-dal/source/microbit-dal.a(MicroBitMagnetometerService.cpp.o)
                0x0001e244                MicroBitMagnetometerService::MicroBitMagnetometerService(BLE&, MicroBitCompass&)
                0x0001e244                MicroBitMagnetometerService::MicroBitMagnetometerService(BLE&, MicroBitCompass&)
 .text._ZN26MicroBitTemperatureServiceC2ER3BLER19MicroBitThermometer
                0x0001e4ac      0x1cc ym/microbit-dal/source/microbit-dal.a(MicroBitTemperatureService.cpp.o)
                0x0001e4ac                MicroBitTemperatureService::MicroBitTemperatureService(BLE&, MicroBitThermometer&)
                0x0001e4ac                MicroBitTemperatureService::MicroBitTemperatureService(BLE&, MicroBitThermometer&)
 .text._Z15on_confirmationt
                0x0001e678       0x34 ym/microbit-dal/source/microbit-dal.a(MicroBitUARTService.cpp.o)
                0x0001e678                on_confirmation(unsigned short)
 .text._ZN19MicroBitUARTServiceC2ER3BLEhh
                0x0001e6ac      0x180 ym/microbit-dal/source/microbit-dal.a(MicroBitUARTService.cpp.o)
                0x0001e6ac                MicroBitUARTService::MicroBitUARTService(BLE&, unsigned char, unsigned char)
                0x0001e6ac                MicroBitUARTService::MicroBitUARTService(BLE&, unsigned char, unsigned char)
 .text._ZN19MicroBitUARTService7eventOnE13ManagedString18MicroBitSerialMode
                0x0001e82c       0x2c ym/microbit-dal/source/microbit-dal.a(MicroBitUARTService.cpp.o)
                0x0001e82c                MicroBitUARTService::eventOn(ManagedString, MicroBitSerialMode)
 .text._ZN19MicroBitUARTService9readUntilE13ManagedString18MicroBitSerialMode
                0x0001e858      0x124 ym/microbit-dal/source/microbit-dal.a(MicroBitUARTService.cpp.o)
                0x0001e858                MicroBitUARTService::readUntil(ManagedString, MicroBitSerialMode)
 .text._ZN19MicroBitUARTService14txBufferedSizeEv
                0x0001e97c       0x20 ym/microbit-dal/source/microbit-dal.a(MicroBitUARTService.cpp.o)
                0x0001e97c                MicroBitUARTService::txBufferedSize()
 .text._ZN19MicroBitUARTService4sendEPKhi18MicroBitSerialMode
                0x0001e99c      0x17c ym/microbit-dal/source/microbit-dal.a(MicroBitUARTService.cpp.o)
                0x0001e99c                MicroBitUARTService::send(unsigned char const*, int, MicroBitSerialMode)
 .text          0x0001eb18      0x124 ym/microbit-dal/source/microbit-dal.a(CortexContextSwitch.s.obj)
                0x0001eb18                swap_context
                0x0001eb9a                save_context
                0x0001ebde                save_register_context
                0x0001ec0e                restore_register_context
 .text._Z14string_reversePc
                0x0001ec3c       0x2c ym/microbit-dal/source/microbit-dal.a(MicroBitCompat.cpp.o)
                0x0001ec3c                string_reverse(char*)
 .text._Z4itoaiPc
                0x0001ec68       0x68 ym/microbit-dal/source/microbit-dal.a(MicroBitCompat.cpp.o)
                0x0001ec68                itoa(int, char*)
 .text._ZNK13KeyValueTable4findEm
                0x0001ecd0       0x28 ym/microbit-dal/source/microbit-dal.a(MicroBitUtil.cpp.o)
                0x0001ecd0                KeyValueTable::find(unsigned long) const
 .text._ZN3BLE8InstanceEj
                0x0001ecf8       0x60 ym/ble/source/ble.a(BLE.cpp.o)
                0x0001ecf8                BLE::Instance(unsigned int)
 .text._ZN3BLEC2Ej
                0x0001ed58       0x2c ym/ble/source/ble.a(BLE.cpp.o)
                0x0001ed58                BLE::BLE(unsigned int)
                0x0001ed58                BLE::BLE(unsigned int)
 .text._ZNK3BLE3gapEv
                0x0001ed84       0x20 ym/ble/source/ble.a(BLE.cpp.o)
                0x0001ed84                BLE::gap() const
 .text._ZNK3BLE10gattServerEv
                0x0001eda4       0x20 ym/ble/source/ble.a(BLE.cpp.o)
                0x0001eda4                BLE::gattServer() const
 .text._ZNK3BLE15securityManagerEv
                0x0001edc4       0x20 ym/ble/source/ble.a(BLE.cpp.o)
                0x0001edc4                BLE::securityManager() const
 .text._ZNK3Gap25getMaxAdvertisingIntervalEv
                0x0001ede4        0x8 ym/ble-nrf51822/source/ble-nrf51822.a(nRF5xn.cpp.o)
                0x0001ede4                Gap::getMaxAdvertisingInterval() const
 .text._ZN10GattClient16discoverServicesEt26FunctionPointerWithContextIPK17DiscoveredServiceERK4UUID
                0x0001edec       0x60 ym/ble-nrf51822/source/ble-nrf51822.a(nRF5xn.cpp.o)
                0x0001edec                GattClient::discoverServices(unsigned short, FunctionPointerWithContext<DiscoveredService const*>, UUID const&)
 .text._ZN6nRF5xn18getSecurityManagerEv
                0x0001ee4c       0x34 ym/ble-nrf51822/source/ble-nrf51822.a(nRF5xn.cpp.o)
                0x0001ee4c                nRF5xn::getSecurityManager()
 .text._ZN6nRF5xn13getGattClientEv
                0x0001ee80       0x48 ym/ble-nrf51822/source/ble-nrf51822.a(nRF5xn.cpp.o)
                0x0001ee80                nRF5xn::getGattClient()
 .text._ZN6nRF5xn10getVersionEv
                0x0001eec8       0x74 ym/ble-nrf51822/source/ble-nrf51822.a(nRF5xn.cpp.o)
                0x0001eec8                nRF5xn::getVersion()
 .text._ZN38CallChainOfFunctionPointersWithContextIPK23GattWriteCallbackParamsED2Ev
                0x0001ef3c       0x14 ym/ble-nrf51822/source/ble-nrf51822.a(nRF5xn.cpp.o)
                0x0001ef3c                CallChainOfFunctionPointersWithContext<GattWriteCallbackParams const*>::~CallChainOfFunctionPointersWithContext()
                0x0001ef3c                CallChainOfFunctionPointersWithContext<GattWriteCallbackParams const*>::~CallChainOfFunctionPointersWithContext()
 .text._ZN38CallChainOfFunctionPointersWithContextIPK22GattReadCallbackParamsED2Ev
                0x0001ef50       0x14 ym/ble-nrf51822/source/ble-nrf51822.a(nRF5xn.cpp.o)
                0x0001ef50                CallChainOfFunctionPointersWithContext<GattReadCallbackParams const*>::~CallChainOfFunctionPointersWithContext()
                0x0001ef50                CallChainOfFunctionPointersWithContext<GattReadCallbackParams const*>::~CallChainOfFunctionPointersWithContext()
 .text._ZN38CallChainOfFunctionPointersWithContextIjED2Ev
                0x0001ef64       0x20 ym/ble-nrf51822/source/ble-nrf51822.a(nRF5xn.cpp.o)
                0x0001ef64                CallChainOfFunctionPointersWithContext<unsigned int>::~CallChainOfFunctionPointersWithContext()
                0x0001ef64                CallChainOfFunctionPointersWithContext<unsigned int>::~CallChainOfFunctionPointersWithContext()
 .text._ZN38CallChainOfFunctionPointersWithContextIPK32GattSysAttrMissingCallbackParamsED2Ev
                0x0001ef84       0x20 ym/ble-nrf51822/source/ble-nrf51822.a(nRF5xn.cpp.o)
                0x0001ef84                CallChainOfFunctionPointersWithContext<GattSysAttrMissingCallbackParams const*>::~CallChainOfFunctionPointersWithContext()
                0x0001ef84                CallChainOfFunctionPointersWithContext<GattSysAttrMissingCallbackParams const*>::~CallChainOfFunctionPointersWithContext()
 .text._ZN38CallChainOfFunctionPointersWithContextIPK10GattServerED2Ev
                0x0001efa4       0x20 ym/ble-nrf51822/source/ble-nrf51822.a(nRF5xn.cpp.o)
                0x0001efa4                CallChainOfFunctionPointersWithContext<GattServer const*>::~CallChainOfFunctionPointersWithContext()
                0x0001efa4                CallChainOfFunctionPointersWithContext<GattServer const*>::~CallChainOfFunctionPointersWithContext()
 .text._ZN38CallChainOfFunctionPointersWithContextIPK21GattHVXCallbackParamsED2Ev
                0x0001efc4       0x20 ym/ble-nrf51822/source/ble-nrf51822.a(nRF5xn.cpp.o)
                0x0001efc4                CallChainOfFunctionPointersWithContext<GattHVXCallbackParams const*>::~CallChainOfFunctionPointersWithContext()
                0x0001efc4                CallChainOfFunctionPointersWithContext<GattHVXCallbackParams const*>::~CallChainOfFunctionPointersWithContext()
 .text._ZN38CallChainOfFunctionPointersWithContextIN3Gap15TimeoutSource_tEED2Ev
                0x0001efe4       0x20 ym/ble-nrf51822/source/ble-nrf51822.a(nRF5xn.cpp.o)
                0x0001efe4                CallChainOfFunctionPointersWithContext<Gap::TimeoutSource_t>::~CallChainOfFunctionPointersWithContext()
                0x0001efe4                CallChainOfFunctionPointersWithContext<Gap::TimeoutSource_t>::~CallChainOfFunctionPointersWithContext()
 .text._ZN38CallChainOfFunctionPointersWithContextIPKN3Gap26ConnectionCallbackParams_tEED2Ev
                0x0001f004       0x20 ym/ble-nrf51822/source/ble-nrf51822.a(nRF5xn.cpp.o)
                0x0001f004                CallChainOfFunctionPointersWithContext<Gap::ConnectionCallbackParams_t const*>::~CallChainOfFunctionPointersWithContext()
                0x0001f004                CallChainOfFunctionPointersWithContext<Gap::ConnectionCallbackParams_t const*>::~CallChainOfFunctionPointersWithContext()
 .text._ZN38CallChainOfFunctionPointersWithContextIPKN3Gap29DisconnectionCallbackParams_tEED2Ev
                0x0001f024       0x20 ym/ble-nrf51822/source/ble-nrf51822.a(nRF5xn.cpp.o)
                0x0001f024                CallChainOfFunctionPointersWithContext<Gap::DisconnectionCallbackParams_t const*>::~CallChainOfFunctionPointersWithContext()
                0x0001f024                CallChainOfFunctionPointersWithContext<Gap::DisconnectionCallbackParams_t const*>::~CallChainOfFunctionPointersWithContext()
 .text._ZN38CallChainOfFunctionPointersWithContextIPK3GapED2Ev
                0x0001f044       0x20 ym/ble-nrf51822/source/ble-nrf51822.a(nRF5xn.cpp.o)
                0x0001f044                CallChainOfFunctionPointersWithContext<Gap const*>::~CallChainOfFunctionPointersWithContext()
                0x0001f044                CallChainOfFunctionPointersWithContext<Gap const*>::~CallChainOfFunctionPointersWithContext()
 .text._ZN38CallChainOfFunctionPointersWithContextIPK15SecurityManagerED2Ev
                0x0001f064       0x20 ym/ble-nrf51822/source/ble-nrf51822.a(nRF5xn.cpp.o)
                0x0001f064                CallChainOfFunctionPointersWithContext<SecurityManager const*>::~CallChainOfFunctionPointersWithContext()
                0x0001f064                CallChainOfFunctionPointersWithContext<SecurityManager const*>::~CallChainOfFunctionPointersWithContext()
 .text._ZN38CallChainOfFunctionPointersWithContextIPK10GattClientED2Ev
                0x0001f084       0x20 ym/ble-nrf51822/source/ble-nrf51822.a(nRF5xn.cpp.o)
                0x0001f084                CallChainOfFunctionPointersWithContext<GattClient const*>::~CallChainOfFunctionPointersWithContext()
                0x0001f084                CallChainOfFunctionPointersWithContext<GattClient const*>::~CallChainOfFunctionPointersWithContext()
 .text._ZNK6nRF5xn18getSecurityManagerEv
                0x0001f0a4       0x34 ym/ble-nrf51822/source/ble-nrf51822.a(nRF5xn.cpp.o)
                0x0001f0a4                nRF5xn::getSecurityManager() const
 .text._ZN6nRF5xnD2Ev
                0x0001f0d8       0x60 ym/ble-nrf51822/source/ble-nrf51822.a(nRF5xn.cpp.o)
                0x0001f0d8                nRF5xn::~nRF5xn()
                0x0001f0d8                nRF5xn::~nRF5xn()
 .text._ZN3Gap5resetEv
                0x0001f138       0xe4 ym/ble-nrf51822/source/ble-nrf51822.a(nRF5xn.cpp.o)
                0x0001f138                Gap::reset()
 .text._ZN6nRF5xnC2Ev
                0x0001f21c      0x13c ym/ble-nrf51822/source/ble-nrf51822.a(nRF5xn.cpp.o)
                0x0001f21c                nRF5xn::nRF5xn()
                0x0001f21c                nRF5xn::nRF5xn()
 .text._ZN6nRF5xn8InstanceEj
                0x0001f358       0x24 ym/ble-nrf51822/source/ble-nrf51822.a(nRF5xn.cpp.o)
                0x0001f358                nRF5xn::Instance(unsigned int)
 .text._ZN26FunctionPointerWithContextItEC2EPFvtE
                0x0001f37c       0x20 ym/ble-nrf51822/source/ble-nrf51822.a(nRF5xn.cpp.o)
                0x0001f37c                FunctionPointerWithContext<unsigned short>::FunctionPointerWithContext(void (*)(unsigned short))
                0x0001f37c                FunctionPointerWithContext<unsigned short>::FunctionPointerWithContext(void (*)(unsigned short))
 .text._ZN15nRF5xGattServerC2Ev
                0x0001f39c       0xc0 ym/ble-nrf51822/source/ble-nrf51822.a(nRF5xn.cpp.o)
                0x0001f39c                nRF5xGattServer::nRF5xGattServer()
                0x0001f39c                nRF5xGattServer::nRF5xGattServer()
 .text._ZL16sys_evt_dispatchm
                0x0001f45c       0x1c ym/ble-nrf51822/source/ble-nrf51822.a(btle.cpp.o)
 .text._ZL12btle_handlerP9ble_evt_t
                0x0001f478      0x18c ym/ble-nrf51822/source/ble-nrf51822.a(btle.cpp.o)
 .text.btle_set_gatt_table_size
                0x0001f604       0x14 ym/ble-nrf51822/source/ble-nrf51822.a(btle.cpp.o)
                0x0001f604                btle_set_gatt_table_size
 .text.btle_set_user_evt_handler
                0x0001f618        0xc ym/ble-nrf51822/source/ble-nrf51822.a(btle.cpp.o)
                0x0001f618                btle_set_user_evt_handler
 .text.btle_init
                0x0001f624       0xa8 ym/ble-nrf51822/source/ble-nrf51822.a(btle.cpp.o)
                0x0001f624                btle_init
 .text.app_error_handler
                0x0001f6cc       0x20 ym/ble-nrf51822/source/ble-nrf51822.a(btle.cpp.o)
                0x0001f6cc                app_error_handler
 .text._Z13btle_gap_initv
                0x0001f6ec       0x54 ym/ble-nrf51822/source/ble-nrf51822.a(btle_gap.cpp.o)
                0x0001f6ec                btle_gap_init()
 .text._ZN15nRF5xGattServer4readEtPhPt
                0x0001f740       0x18 ym/ble-nrf51822/source/ble-nrf51822.a(nRF5xGattServer.cpp.o)
                0x0001f740                nRF5xGattServer::read(unsigned short, unsigned char*, unsigned short*)
 .text._ZN15nRF5xGattServer5writeEtPKhtb
                0x0001f758       0x1c ym/ble-nrf51822/source/ble-nrf51822.a(nRF5xGattServer.cpp.o)
                0x0001f758                nRF5xGattServer::write(unsigned short, unsigned char const*, unsigned short, bool)
 .text._ZN15nRF5xGattServer5writeEttPKhtb
                0x0001f774       0xf0 ym/ble-nrf51822/source/ble-nrf51822.a(nRF5xGattServer.cpp.o)
                0x0001f774                nRF5xGattServer::write(unsigned short, unsigned short, unsigned char const*, unsigned short, bool)
 .text._ZN15nRF5xGattServer10addServiceER11GattService
                0x0001f864      0x1dc ym/ble-nrf51822/source/ble-nrf51822.a(nRF5xGattServer.cpp.o)
                0x0001f864                nRF5xGattServer::addService(GattService&)
 .text._ZN15nRF5xGattServer5resetEv
                0x0001fa40       0x50 ym/ble-nrf51822/source/ble-nrf51822.a(nRF5xGattServer.cpp.o)
                0x0001fa40                nRF5xGattServer::reset()
 .text._Z27btle_hasInitializedSecurityv
                0x0001fa90        0xc ym/ble-nrf51822/source/ble-nrf51822.a(btle_security.cpp.o)
                0x0001fa90                btle_hasInitializedSecurity()
 .text._Z23btle_initializeSecuritybbN15SecurityManager24SecurityIOCapabilities_tEPKh
                0x0001fa9c       0xc4 ym/ble-nrf51822/source/ble-nrf51822.a(btle_security.cpp.o)
                0x0001fa9c                btle_initializeSecurity(bool, bool, SecurityManager::SecurityIOCapabilities_t, unsigned char const*)
 .text._Z25btle_purgeAllBondingStatev
                0x0001fb60       0x20 ym/ble-nrf51822/source/ble-nrf51822.a(btle_security.cpp.o)
                0x0001fb60                btle_purgeAllBondingState()
 .text._Z20btle_getLinkSecuritytPN15SecurityManager20LinkSecurityStatus_tE
                0x0001fb80       0x54 ym/ble-nrf51822/source/ble-nrf51822.a(btle_security.cpp.o)
                0x0001fb80                btle_getLinkSecurity(unsigned short, SecurityManager::LinkSecurityStatus_t*)
 .text._Z20btle_setLinkSecuritytN15SecurityManager14SecurityMode_tE
                0x0001fbd4       0x50 ym/ble-nrf51822/source/ble-nrf51822.a(btle_security.cpp.o)
                0x0001fbd4                btle_setLinkSecurity(unsigned short, SecurityManager::SecurityMode_t)
 .text._Z33btle_createWhitelistFromBondTableP19ble_gap_whitelist_t
                0x0001fc24       0x2c ym/ble-nrf51822/source/ble-nrf51822.a(btle_security.cpp.o)
                0x0001fc24                btle_createWhitelistFromBondTable(ble_gap_whitelist_t*)
 .text.custom_convert_to_nordic_uuid
                0x0001fc50       0xa4 ym/ble-nrf51822/source/ble-nrf51822.a(custom_helper.cpp.o)
                0x0001fc50                custom_convert_to_nordic_uuid
 .text._ZN8nRF5xGap25getPermittedTxPowerValuesEPPKaPj
                0x0001fcf4       0x10 ym/ble-nrf51822/source/ble-nrf51822.a(nRF5xGap.cpp.o)
                0x0001fcf4                nRF5xGap::getPermittedTxPowerValues(signed char const**, unsigned int*)
 .text._Z31radioNotificationStaticCallbackb
                0x0001fd04       0x3c ym/ble-nrf51822/source/ble-nrf51822.a(nRF5xGap.cpp.o)
                0x0001fd04                radioNotificationStaticCallback(bool)
 .text._ZN8nRF5xGap21initRadioNotificationEv
                0x0001fd40       0x20 ym/ble-nrf51822/source/ble-nrf51822.a(nRF5xGap.cpp.o)
                0x0001fd40                nRF5xGap::initRadioNotification()
 .text._ZN8nRF5xGap22generateStackWhitelistER19ble_gap_whitelist_t
                0x0001fd60       0xdc ym/ble-nrf51822/source/ble-nrf51822.a(nRF5xGap.cpp.o)
                0x0001fd60                nRF5xGap::generateStackWhitelist(ble_gap_whitelist_t&)
 .text._ZN8nRF5xGap16startAdvertisingERK20GapAdvertisingParams
                0x0001fe3c       0x44 ym/ble-nrf51822/source/ble-nrf51822.a(nRF5xGap.cpp.o)
                0x0001fe3c                nRF5xGap::startAdvertising(GapAdvertisingParams const&)
 .text._ZN8nRF5xGap7connectEPKhN11BLEProtocol11AddressType4TypeEPKN3Gap18ConnectionParams_tEPK17GapScanningParams
                0x0001fe80      0x10c ym/ble-nrf51822/source/ble-nrf51822.a(nRF5xGap.cpp.o)
                0x0001fe80                nRF5xGap::connect(unsigned char const*, BLEProtocol::AddressType::Type, Gap::ConnectionParams_t const*, GapScanningParams const*)
 .text._ZN17GapScanningParamsC2Etttb
                0x0001ff8c       0x60 ym/ble/source/ble.a(GapScanningParams.cpp.o)
                0x0001ff8c                GapScanningParams::GapScanningParams(unsigned short, unsigned short, unsigned short, bool)
                0x0001ff8c                GapScanningParams::GapScanningParams(unsigned short, unsigned short, unsigned short, bool)
 .text.dfu_app_on_dfu_evt
                0x0001ffec      0x16c ym/nrf51-sdk/source/nrf51-sdk.a(dfu_app_handler.c.o)
                0x0001ffec                dfu_app_on_dfu_evt
 .text.SWI1_IRQHandler
                0x00020158       0x20 ym/nrf51-sdk/source/nrf51-sdk.a(ble_radio_notification.c.o)
                0x00020158                SWI1_IRQHandler
 .text.ble_radio_notification_init
                0x00020178       0x38 ym/nrf51-sdk/source/nrf51-sdk.a(ble_radio_notification.c.o)
                0x00020178                ble_radio_notification_init
 .text.pstorage_flash_page_end
                0x000201b0       0x20 ym/nrf51-sdk/source/nrf51-sdk.a(pstorage.c.o)
 .text.swap_sub_state_entry_action_run
                0x000201d0       0x18 ym/nrf51-sdk/source/nrf51-sdk.a(pstorage.c.o)
 .text.app_notify
                0x000201e8       0x2c ym/nrf51-sdk/source/nrf51-sdk.a(pstorage.c.o)
 .text.is_page_erase_required
                0x00020214       0x50 ym/nrf51-sdk/source/nrf51-sdk.a(pstorage.c.o)
 .text.swap_sub_state_err_busy_process
                0x00020264       0x18 ym/nrf51-sdk/source/nrf51-sdk.a(pstorage.c.o)
 .text.data_to_swap_write_state_run
                0x0002027c       0x30 ym/nrf51-sdk/source/nrf51-sdk.a(pstorage.c.o)
 .text.swap_erase_state_run
                0x000202ac       0x24 ym/nrf51-sdk/source/nrf51-sdk.a(pstorage.c.o)
 .text.flash_api_err_code_process
                0x000202d0       0x40 ym/nrf51-sdk/source/nrf51-sdk.a(pstorage.c.o)
 .text.store_cmd_flash_write_execute
                0x00020310       0x54 ym/nrf51-sdk/source/nrf51-sdk.a(pstorage.c.o)
 .text.state_restore_head_entry_run
                0x00020364       0x34 ym/nrf51-sdk/source/nrf51-sdk.a(pstorage.c.o)
 .text.state_restore_tail_entry_run
                0x00020398       0x48 ym/nrf51-sdk/source/nrf51-sdk.a(pstorage.c.o)
 .text.state_write_data_swap_entry_run
                0x000203e0       0x2c ym/nrf51-sdk/source/nrf51-sdk.a(pstorage.c.o)
 .text.state_data_erase_entry_run
                0x0002040c       0x14 ym/nrf51-sdk/source/nrf51-sdk.a(pstorage.c.o)
 .text.state_entry_action_run
                0x00020420       0xc4 ym/nrf51-sdk/source/nrf51-sdk.a(pstorage.c.o)
 .text.clear_operation_execute
                0x000204e4      0x114 ym/nrf51-sdk/source/nrf51-sdk.a(pstorage.c.o)
 .text.cmd_process
                0x000205f8       0x3c ym/nrf51-sdk/source/nrf51-sdk.a(pstorage.c.o)
 .text.cmd_queue_enqueue
                0x00020634       0x54 ym/nrf51-sdk/source/nrf51-sdk.a(pstorage.c.o)
 .text.command_end_procedure_run
                0x00020688       0x54 ym/nrf51-sdk/source/nrf51-sdk.a(pstorage.c.o)
 .text.clear_post_processing_run
                0x000206dc       0x2c ym/nrf51-sdk/source/nrf51-sdk.a(pstorage.c.o)
 .text.head_restore_state_run
                0x00020708       0x9c ym/nrf51-sdk/source/nrf51-sdk.a(pstorage.c.o)
 .text.tail_restore_state_run
                0x000207a4       0x1c ym/nrf51-sdk/source/nrf51-sdk.a(pstorage.c.o)
 .text.data_page_erase_state_run
                0x000207c0       0x78 ym/nrf51-sdk/source/nrf51-sdk.a(pstorage.c.o)
 .text.flash_operation_success_run
                0x00020838       0x98 ym/nrf51-sdk/source/nrf51-sdk.a(pstorage.c.o)
 .text.pstorage_sys_event_handler
                0x000208d0       0x68 ym/nrf51-sdk/source/nrf51-sdk.a(pstorage.c.o)
                0x000208d0                pstorage_sys_event_handler
 .text.pstorage_init
                0x00020938       0x80 ym/nrf51-sdk/source/nrf51-sdk.a(pstorage.c.o)
                0x00020938                pstorage_init
 .text.pstorage_register
                0x000209b8       0xbc ym/nrf51-sdk/source/nrf51-sdk.a(pstorage.c.o)
                0x000209b8                pstorage_register
 .text.pstorage_block_identifier_get
                0x00020a74       0x4c ym/nrf51-sdk/source/nrf51-sdk.a(pstorage.c.o)
                0x00020a74                pstorage_block_identifier_get
 .text.pstorage_store
                0x00020ac0       0x78 ym/nrf51-sdk/source/nrf51-sdk.a(pstorage.c.o)
                0x00020ac0                pstorage_store
 .text.pstorage_update
                0x00020b38       0x78 ym/nrf51-sdk/source/nrf51-sdk.a(pstorage.c.o)
                0x00020b38                pstorage_update
 .text.pstorage_load
                0x00020bb0       0x94 ym/nrf51-sdk/source/nrf51-sdk.a(pstorage.c.o)
                0x00020bb0                pstorage_load
 .text.pstorage_clear
                0x00020c44       0x84 ym/nrf51-sdk/source/nrf51-sdk.a(pstorage.c.o)
                0x00020c44                pstorage_clear
 .text.bootloader_util_app_start
                0x00020cc8       0x3c ym/nrf51-sdk/source/nrf51-sdk.a(bootloader_util.c.o)
                0x00020cc8                bootloader_util_app_start
 .text.ble_dfu_response_send
                0x00020d04       0x68 ym/nrf51-sdk/source/nrf51-sdk.a(ble_dfu.c.o)
                0x00020d04                ble_dfu_response_send
 .text.gatts_context_store
                0x00020d6c       0xc0 ym/nrf51-sdk/source/nrf51-sdk.a(device_manager_peripheral.c.o)
 .text.device_context_store
                0x00020e2c       0xb0 ym/nrf51-sdk/source/nrf51-sdk.a(device_manager_peripheral.c.o)
 .text.gatts_context_apply
                0x00020edc       0xc0 ym/nrf51-sdk/source/nrf51-sdk.a(device_manager_peripheral.c.o)
 .text.gatts_context_load
                0x00020f9c       0x34 ym/nrf51-sdk/source/nrf51-sdk.a(device_manager_peripheral.c.o)
 .text.peer_instance_init
                0x00020fd0       0x48 ym/nrf51-sdk/source/nrf51-sdk.a(device_manager_peripheral.c.o)
 .text.device_instance_free
                0x00021018       0x2c ym/nrf51-sdk/source/nrf51-sdk.a(device_manager_peripheral.c.o)
 .text.dm_pstorage_cb_handler
                0x00021044      0x128 ym/nrf51-sdk/source/nrf51-sdk.a(device_manager_peripheral.c.o)
 .text.dm_init  0x0002116c       0xd4 ym/nrf51-sdk/source/nrf51-sdk.a(device_manager_peripheral.c.o)
                0x0002116c                dm_init
 .text.dm_register
                0x00021240       0x70 ym/nrf51-sdk/source/nrf51-sdk.a(device_manager_peripheral.c.o)
                0x00021240                dm_register
 .text.dm_security_status_req
                0x000212b0       0x74 ym/nrf51-sdk/source/nrf51-sdk.a(device_manager_peripheral.c.o)
                0x000212b0                dm_security_status_req
 .text.dm_whitelist_create
                0x00021324       0xbc ym/nrf51-sdk/source/nrf51-sdk.a(device_manager_peripheral.c.o)
                0x00021324                dm_whitelist_create
 .text.dm_device_delete_all
                0x000213e0       0x54 ym/nrf51-sdk/source/nrf51-sdk.a(device_manager_peripheral.c.o)
                0x000213e0                dm_device_delete_all
 .text.dm_application_context_set
                0x00021434        0x8 ym/nrf51-sdk/source/nrf51-sdk.a(device_manager_peripheral.c.o)
                0x00021434                dm_application_context_set
 .text.dm_peer_addr_get
                0x0002143c       0x8c ym/nrf51-sdk/source/nrf51-sdk.a(device_manager_peripheral.c.o)
                0x0002143c                dm_peer_addr_get
 .text.dm_distributed_keys_get
                0x000214c8       0xb0 ym/nrf51-sdk/source/nrf51-sdk.a(device_manager_peripheral.c.o)
                0x000214c8                dm_distributed_keys_get
 .text.bond_data_load
                0x00021578       0x48 ym/nrf51-sdk/source/nrf51-sdk.a(device_manager_peripheral.c.o)
                0x00021578                bond_data_load
 .text.address_to_device_id
                0x000215c0       0x2c ym/nrf51-sdk/source/nrf51-sdk.a(device_manager_peripheral.c.o)
                0x000215c0                address_to_device_id
 .text.dm_ble_evt_handler
                0x000215ec      0x38c ym/nrf51-sdk/source/nrf51-sdk.a(device_manager_peripheral.c.o)
                0x000215ec                dm_ble_evt_handler
 .text.dm_handle_get
                0x00021978       0x48 ym/nrf51-sdk/source/nrf51-sdk.a(device_manager_peripheral.c.o)
                0x00021978                dm_handle_get
 .text.intern_softdevice_events_execute
                0x000219c0       0xa0 ym/nrf51-sdk/source/nrf51-sdk.a(softdevice_handler.c.o)
                0x000219c0                intern_softdevice_events_execute
 .text.softdevice_handler_init
                0x00021a60       0x48 ym/nrf51-sdk/source/nrf51-sdk.a(softdevice_handler.c.o)
                0x00021a60                softdevice_handler_init
 .text.softdevice_handler_sd_disable
                0x00021aa8       0x18 ym/nrf51-sdk/source/nrf51-sdk.a(softdevice_handler.c.o)
                0x00021aa8                softdevice_handler_sd_disable
 .text.softdevice_ble_evt_handler_set
                0x00021ac0       0x14 ym/nrf51-sdk/source/nrf51-sdk.a(softdevice_handler.c.o)
                0x00021ac0                softdevice_ble_evt_handler_set
 .text.softdevice_sys_evt_handler_set
                0x00021ad4       0x14 ym/nrf51-sdk/source/nrf51-sdk.a(softdevice_handler.c.o)
                0x00021ad4                softdevice_sys_evt_handler_set
 .text.SWI2_IRQHandler
                0x00021ae8       0x24 ym/nrf51-sdk/source/nrf51-sdk.a(softdevice_handler.c.o)
                0x00021ae8                SWI2_IRQHandler
 .text._ZN4mbed3I2CC2E7PinNameS1_
                0x00021b0c       0x30 ym/mbed-classic/existing/mbed-classic.a(I2C.cpp.o)
                0x00021b0c                mbed::I2C::I2C(PinName, PinName)
                0x00021b0c                mbed::I2C::I2C(PinName, PinName)
 .text._ZN4mbed3I2C6aquireEv
                0x00021b3c       0x1c ym/mbed-classic/existing/mbed-classic.a(I2C.cpp.o)
                0x00021b3c                mbed::I2C::aquire()
 .text._ZN4mbed11InterruptInD2Ev
                0x00021b58       0x18 ym/mbed-classic/existing/mbed-classic.a(InterruptIn.cpp.o)
                0x00021b58                mbed::InterruptIn::~InterruptIn()
                0x00021b58                mbed::InterruptIn::~InterruptIn()
 .text._ZN4mbed11InterruptInC2E7PinName
                0x00021b70       0x48 ym/mbed-classic/existing/mbed-classic.a(InterruptIn.cpp.o)
                0x00021b70                mbed::InterruptIn::InterruptIn(PinName)
                0x00021b70                mbed::InterruptIn::InterruptIn(PinName)
 .text._ZN4mbed9RawSerialC2E7PinNameS1_
                0x00021bb8       0x14 ym/mbed-classic/existing/mbed-classic.a(RawSerial.cpp.o)
                0x00021bb8                mbed::RawSerial::RawSerial(PinName, PinName)
                0x00021bb8                mbed::RawSerial::RawSerial(PinName, PinName)
 .text._ZN4mbed10SerialBaseC2E7PinNameS1_
                0x00021bcc       0x3c ym/mbed-classic/existing/mbed-classic.a(SerialBase.cpp.o)
                0x00021bcc                mbed::SerialBase::SerialBase(PinName, PinName)
                0x00021bcc                mbed::SerialBase::SerialBase(PinName, PinName)
 .text._ZN4mbed6TickerD2Ev
                0x00021c08       0x1c ym/mbed-classic/existing/mbed-classic.a(Ticker.cpp.o)
                0x00021c08                mbed::Ticker::~Ticker()
                0x00021c08                mbed::Ticker::~Ticker()
 .text._ZN4mbed7TimeoutD2Ev
                0x00021c24       0x1c ym/mbed-classic/existing/mbed-classic.a(Timeout.cpp.o)
                0x00021c24                mbed::Timeout::~Timeout()
                0x00021c24                mbed::Timeout::~Timeout()
 .text._ZN4mbed10TimerEventC2Ev
                0x00021c40       0x2c ym/mbed-classic/existing/mbed-classic.a(TimerEvent.cpp.o)
                0x00021c40                mbed::TimerEvent::TimerEvent()
                0x00021c40                mbed::TimerEvent::TimerEvent()
 .text._ZN4mbed10TimerEventD2Ev
                0x00021c6c       0x18 ym/mbed-classic/existing/mbed-classic.a(TimerEvent.cpp.o)
                0x00021c6c                mbed::TimerEvent::~TimerEvent()
                0x00021c6c                mbed::TimerEvent::~TimerEvent()
 .text.get_us_ticker_data
                0x00021c84        0x8 ym/mbed-classic/existing/mbed-classic.a(us_ticker_api.c.o)
                0x00021c84                get_us_ticker_data
 .text.us_ticker_irq_handler
                0x00021c8c       0x10 ym/mbed-classic/existing/mbed-classic.a(us_ticker_api.c.o)
                0x00021c8c                us_ticker_irq_handler
 .text          0x00021c9c       0x48 ym/mbed-classic/existing/mbed-classic.a(startup_NRF51822.S.obj)
                0x00021c9c                Reset_Handler
                0x00021cd8                NMI_Handler
                0x00021cda                HardFault_Handler
                0x00021cdc                SVC_Handler
                0x00021cde                PendSV_Handler
                0x00021ce0                SysTick_Handler
                0x00021ce2                POWER_CLOCK_IRQHandler
                0x00021ce2                RTC0_IRQHandler
                0x00021ce2                SWI4_IRQHandler
                0x00021ce2                TEMP_IRQHandler
                0x00021ce2                QDEC_IRQHandler
                0x00021ce2                SWI5_IRQHandler
                0x00021ce2                TIMER0_IRQHandler
                0x00021ce2                LPCOMP_IRQHandler
                0x00021ce2                SWI0_IRQHandler
                0x00021ce2                ECB_IRQHandler
                0x00021ce2                Default_Handler
                0x00021ce2                ADC_IRQHandler
                0x00021ce2                SWI3_IRQHandler
                0x00021ce2                CCM_AAR_IRQHandler
                0x00021ce2                WDT_IRQHandler
                0x00021ce2                SPI0_TWI0_IRQHandler
                0x00021ce2                RNG_IRQHandler
                0x00021ce2                SPI1_TWI1_IRQHandler
                0x00021ce2                RTC1_IRQHandler
 .text.analogin_init
                0x00021ce4       0x4c ym/mbed-classic/existing/mbed-classic.a(analogin_api.c.o)
                0x00021ce4                analogin_init
 .text.analogin_read_u16
                0x00021d30       0x3c ym/mbed-classic/existing/mbed-classic.a(analogin_api.c.o)
                0x00021d30                analogin_read_u16
 .text.analogin_read
                0x00021d6c       0x18 ym/mbed-classic/existing/mbed-classic.a(analogin_api.c.o)
                0x00021d6c                analogin_read
 .text.gpio_init
                0x00021d84       0x30 ym/mbed-classic/existing/mbed-classic.a(gpio_api.c.o)
                0x00021d84                gpio_init
 .text.GPIOTE_IRQHandler
                0x00021db4       0xf4 ym/mbed-classic/existing/mbed-classic.a(gpio_irq_api.c.o)
                0x00021db4                GPIOTE_IRQHandler
 .text.gpio_irq_init
                0x00021ea8       0x60 ym/mbed-classic/existing/mbed-classic.a(gpio_irq_api.c.o)
                0x00021ea8                gpio_irq_init
 .text.gpio_irq_free
                0x00021f08       0x10 ym/mbed-classic/existing/mbed-classic.a(gpio_irq_api.c.o)
                0x00021f08                gpio_irq_free
 .text.gpio_irq_set
                0x00021f18       0x9c ym/mbed-classic/existing/mbed-classic.a(gpio_irq_api.c.o)
                0x00021f18                gpio_irq_set
 .text.i2c_do_write
                0x00021fb4       0x28 ym/mbed-classic/existing/mbed-classic.a(i2c_api.c.o)
                0x00021fb4                i2c_do_write
 .text.i2c_do_read
                0x00021fdc       0x3c ym/mbed-classic/existing/mbed-classic.a(i2c_api.c.o)
                0x00021fdc                i2c_do_read
 .text.i2c_frequency
                0x00022018       0x48 ym/mbed-classic/existing/mbed-classic.a(i2c_api.c.o)
                0x00022018                i2c_frequency
 .text.twi_master_init
                0x00022060       0x48 ym/mbed-classic/existing/mbed-classic.a(i2c_api.c.o)
                0x00022060                twi_master_init
 .text.i2c_init
                0x000220a8       0xc4 ym/mbed-classic/existing/mbed-classic.a(i2c_api.c.o)
                0x000220a8                i2c_init
 .text.i2c_reset
                0x0002216c       0x30 ym/mbed-classic/existing/mbed-classic.a(i2c_api.c.o)
                0x0002216c                i2c_reset
 .text.i2c_stop
                0x0002219c       0x34 ym/mbed-classic/existing/mbed-classic.a(i2c_api.c.o)
                0x0002219c                i2c_stop
 .text.checkError
                0x000221d0       0x28 ym/mbed-classic/existing/mbed-classic.a(i2c_api.c.o)
                0x000221d0                checkError
 .text.port_init
                0x000221f8       0x28 ym/mbed-classic/existing/mbed-classic.a(port_api.c.o)
                0x000221f8                port_init
 .text.pwm_disconnect
                0x00022220       0x60 ym/mbed-classic/existing/mbed-classic.a(pwmout_api.c.o)
 .text.TIMER2_IRQHandler
                0x00022280       0x68 ym/mbed-classic/existing/mbed-classic.a(pwmout_api.c.o)
                0x00022280                TIMER2_IRQHandler
 .text.serial_baud.part.0
                0x000222e8       0x38 ym/mbed-classic/existing/mbed-classic.a(serial_api.c.o)
 .text.serial_init
                0x00022320       0xb8 ym/mbed-classic/existing/mbed-classic.a(serial_api.c.o)
                0x00022320                serial_init
 .text.serial_baud
                0x000223d8       0x20 ym/mbed-classic/existing/mbed-classic.a(serial_api.c.o)
                0x000223d8                serial_baud
 .text.UART0_IRQHandler
                0x000223f8       0x4c ym/mbed-classic/existing/mbed-classic.a(serial_api.c.o)
                0x000223f8                UART0_IRQHandler
 .text.serial_irq_handler
                0x00022444       0x18 ym/mbed-classic/existing/mbed-classic.a(serial_api.c.o)
                0x00022444                serial_irq_handler
 .text.twi_master_clear_bus
                0x0002245c       0xbc ym/mbed-classic/existing/mbed-classic.a(twi_master.c.o)
 .text.twi_master_init_and_clear
                0x00022518       0x78 ym/mbed-classic/existing/mbed-classic.a(twi_master.c.o)
                0x00022518                twi_master_init_and_clear
 .text.tmr1_getCounter64
                0x00022590       0x50 ym/mbed-classic/existing/mbed-classic.a(us_ticker.c.o)
 .text.TIMER1_IRQHandler
                0x000225e0       0x50 ym/mbed-classic/existing/mbed-classic.a(us_ticker.c.o)
                0x000225e0                TIMER1_IRQHandler
 .text.us_ticker_init
                0x00022630       0x8c ym/mbed-classic/existing/mbed-classic.a(us_ticker.c.o)
                0x00022630                us_ticker_init
 .text.us_ticker_read
                0x000226bc       0x18 ym/mbed-classic/existing/mbed-classic.a(us_ticker.c.o)
                0x000226bc                us_ticker_read
 .text.us_ticker_set_interrupt
                0x000226d4       0x54 ym/mbed-classic/existing/mbed-classic.a(us_ticker.c.o)
                0x000226d4                us_ticker_set_interrupt
 .text.pinmap_peripheral
                0x00022728       0x20 ym/mbed-classic/existing/mbed-classic.a(pinmap_common.c.o)